Archive member included because of file (symbol)

contiki-z1.a(contiki-z1-plat)
                              obj_z1/contiki-z1-main.o (init_platform)
contiki-z1.a(msp430.o)        obj_z1/contiki-z1-main.o (splhigh_)
contiki-z1.a(leds.o)          obj_z1/contiki-z1-main.o (leds_init)
contiki-z1.a(watchdog.o)      obj_z1/contiki-z1-main.o (watchdog_start)
contiki-z1.a(xmem.o)          obj_z1/contiki-z1-main.o (xmem_init)
contiki-z1.a(spi.o)           contiki-z1.a(xmem.o) (spi_init)
contiki-z1.a(cc2420.o)        obj_z1/contiki-z1-main.o (cc2420_set_pan_addr)
contiki-z1.a(cc2420-arch.o)   contiki-z1.a(cc2420.o) (cc2420_arch_init)
contiki-z1.a(node-id.o)       obj_z1/contiki-z1-main.o (node_id_restore)
contiki-z1.a(sensors.o)       contiki-z1.a(contiki-z1-plat) (sensors_process)
contiki-z1.a(button-sensor.o)
                              obj_z1/contiki-z1-main.o (button_sensor)
contiki-z1.a(uart0.o)         obj_z1/contiki-z1-main.o (uart0_active)
contiki-z1.a(uart0-putchar.o)
                              obj_z1/contiki-z1-main.o (putchar)
contiki-z1.a(sht11-sensor.o)  sensor_temp_mqtt.co (sht11_sensor)
contiki-z1.a(light-sensor.o)  sensor_temp_mqtt.co (light_sensor)
contiki-z1.a(sky-sensors.o)   contiki-z1.a(light-sensor.o) (sky_sensors_status)
contiki-z1.a(adxl345.o)       obj_z1/contiki-z1-main.o (accm_init)
contiki-z1.a(clock.o)         obj_z1/contiki-z1-main.o (clock_init)
contiki-z1.a(leds-arch.o)     contiki-z1.a(leds.o) (leds_arch_init)
contiki-z1.a(rtimer-arch.o)   obj_z1/contiki-z1-main.o (rtimer_arch_now)
contiki-z1.a(autostart.o)     obj_z1/contiki-z1-main.o (autostart_start)
contiki-z1.a(ctimer.o)        obj_z1/contiki-z1-main.o (ctimer_init)
contiki-z1.a(energest.o)      obj_z1/contiki-z1-main.o (energest_init)
contiki-z1.a(etimer.o)        contiki-z1.a(clock.o) (etimer_request_poll)
contiki-z1.a(process.o)       contiki-z1.a(ctimer.o) (process_current)
contiki-z1.a(rtimer.o)        obj_z1/contiki-z1-main.o (rtimer_init)
contiki-z1.a(timer.o)         contiki-z1.a(button-sensor.o) (timer_set)
contiki-z1.a(serial-line.o)   obj_z1/contiki-z1-main.o (serial_line_input_byte)
contiki-z1.a(list.o)          contiki-z1.a(ctimer.o) (list_init)
contiki-z1.a(random.o)        sensor_temp_mqtt.co (random_rand)
contiki-z1.a(ringbuf.o)       contiki-z1.a(serial-line.o) (ringbuf_init)
contiki-z1.a(collect.o)       sensor_temp_mqtt.co (collect_open)
contiki-z1.a(collect-link-es)
                              contiki-z1.a(collect.o) (collect_link_estimate_num_estimates)
contiki-z1.a(collect-neighbo)
                              contiki-z1.a(collect.o) (collect_neighbor_init)
contiki-z1.a(packetqueue.o)   contiki-z1.a(collect.o) (packetqueue_enqueue_packetbuf)
contiki-z1.a(rime.o)          obj_z1/contiki-z1-main.o (rime_driver)
contiki-z1.a(unicast.o)       contiki-z1.a(collect.o) (unicast_open)
contiki-z1.a(linkaddr.o)      sensor_temp_mqtt.co (linkaddr_copy)
contiki-z1.a(packetbuf.o)     contiki-z1.a(rime.o) (packetbuf_compact)
contiki-z1.a(queuebuf.o)      contiki-z1.a(rime.o) (queuebuf_init)
contiki-z1.a(csma.o)          obj_z1/contiki-z1-main.o (csma_driver)
contiki-z1.a(mac.o)           contiki-z1.a(csma.o) (mac_call_sent_callback)
contiki-z1.a(contikimac.o)    obj_z1/contiki-z1-main.o (contikimac_driver)
contiki-z1.a(contikimac-fram)
                              contiki-z1.a(contikimac.o) (contikimac_framer)
contiki-z1.a(nullsec.o)       contiki-z1.a(rime.o) (nullsec_driver)
contiki-z1.a(sht11.o)         contiki-z1.a(sht11-sensor.o) (sht11_init)
contiki-z1.a(i2cmaster.o)     contiki-z1.a(adxl345.o) (i2c_receiveinit)
contiki-z1.a(compower.o)      contiki-z1.a(contikimac.o) (compower_accumulate)
contiki-z1.a(memb.o)          contiki-z1.a(collect-neighbo) (memb_init)
contiki-z1.a(abc.o)           contiki-z1.a(rime.o) (abc_input)
contiki-z1.a(announcement.o)  contiki-z1.a(rime.o) (announcement_init)
contiki-z1.a(broadcast-annou)
                              contiki-z1.a(rime.o) (broadcast_announcement_init)
contiki-z1.a(broadcast.o)     contiki-z1.a(unicast.o) (broadcast_open)
contiki-z1.a(chameleon.o)     contiki-z1.a(rime.o) (chameleon_init)
contiki-z1.a(channel.o)       contiki-z1.a(chameleon.o) (channel_init)
contiki-z1.a(framer-802154.o)
                              contiki-z1.a(contikimac-fram) (framer_802154)
contiki-z1.a(framer.o)        contiki-z1.a(framer-802154.o) (framer_canonical_create_and_secure)
contiki-z1.a(mac-sequence.o)  contiki-z1.a(contikimac.o) (mac_sequence_is_duplicate)
contiki-z1.a(chameleon-bitop)
                              contiki-z1.a(chameleon.o) (chameleon_bitopt)
contiki-z1.a(frame802154.o)   contiki-z1.a(framer-802154.o) (frame802154_hdrlen)
/usr/lib/gcc/msp430/4.6.3/mcpu-430x/mmpy-16/libgcc.a(_mulsi3.o)
                              contiki-z1.a(csma.o) (__mulsi3)
/usr/lib/gcc/msp430/4.6.3/mcpu-430x/mmpy-16/libgcc.a(_udivmod16.o)
                              sensor_temp_mqtt.co (__umodhi3)
/usr/lib/gcc/msp430/4.6.3/mcpu-430x/mmpy-16/libgcc.a(_divmod16.o)
[...]
Memory Configuration

Name             Origin             Length             Attributes
sfr              0x00000000         0x00000010
peripheral_8bit  0x00000010         0x000000f0
peripheral_16bit 0x00000100         0x00000100
ram_mirror       0x00000200         0x00000800         xw
infomem          0x00001000         0x00000100
infod            0x00001000         0x00000040
infoc            0x00001040         0x00000040
infob            0x00001080         0x00000040
infoa            0x000010c0         0x00000040
ram              0x00001100         0x00002000         xw
rom              0x00003100         0x0000cebe         xr
vectors          0x0000ffc0         0x00000040
far_rom          0x00010000         0x0000a000
bsl              0x00000000         0x00000000
ram2             0x00000000         0x00000000         xw
usbram           0x00000000         0x00000000         xw
*default*        0x00000000         0xffffffff

Linker script and memory map

LOAD /usr/lib/gcc/msp430/4.6.3/mcpu-430x/mmpy-16/crt0ivtbl32.o
                0x00000041                __P1SEL2 = 0x41
                0x00000045                __P5SEL2 = 0x45
LOAD sensor_temp_mqtt.co
LOAD obj_z1/contiki-z1-main.o
LOAD contiki-z1.a
LOAD /usr/lib/gcc/msp430/4.6.3/mcpu-430x/mmpy-16/libgcc.a
LOAD /usr/lib/gcc/msp430/4.6.3/../../../../msp430/lib/mcpu-430x/mmpy-16/libc.a
LOAD /usr/lib/gcc/msp430/4.6.3/mcpu-430x/mmpy-16/libgcc.a
LOAD /usr/lib/gcc/msp430/4.6.3/mcpu-430x/mmpy-16/libcrt0.a
                0x00000040                PROVIDE (__info_segment_size, 0x40)
                0x00001000                PROVIDE (__infod, 0x1000)
                0x00001040                PROVIDE (__infoc, 0x1040)
                0x00001080                PROVIDE (__infob, 0x1080)
                0x000010c0                PROVIDE (__infoa, 0x10c0)
                0x00000000                __IE1 = 0x0
                0x00000002                __IFG1 = 0x2
                0x00000001                __IE2 = 0x1
                0x00000003                __IFG2 = 0x3
                0x00000006                __UC1IE = 0x6
                0x00000007                __UC1IFG = 0x7
                0x000001a0                __ADC12CTL0 = 0x1a0
                0x000001a2                __ADC12CTL1 = 0x1a2
                0x000001a4                __ADC12IFG = 0x1a4
                0x000001a6                __ADC12IE = 0x1a6
                0x000001a8                __ADC12IV = 0x1a8
                0x00000140                __ADC12MEM0 = 0x140
                0x00000142                __ADC12MEM1 = 0x142
                0x00000144                __ADC12MEM2 = 0x144
                0x00000146                __ADC12MEM3 = 0x146
                0x00000148                __ADC12MEM4 = 0x148
                0x0000014a                __ADC12MEM5 = 0x14a
                0x0000014c                __ADC12MEM6 = 0x14c
                0x0000014e                __ADC12MEM7 = 0x14e
                0x00000150                __ADC12MEM8 = 0x150
                0x00000152                __ADC12MEM9 = 0x152
                0x00000154                __ADC12MEM10 = 0x154
                0x00000156                __ADC12MEM11 = 0x156
                0x00000158                __ADC12MEM12 = 0x158
                0x0000015a                __ADC12MEM13 = 0x15a
                0x0000015c                __ADC12MEM14 = 0x15c
                0x0000015e                __ADC12MEM15 = 0x15e
                0x00000080                __ADC12MCTL0 = 0x80
                0x00000081                __ADC12MCTL1 = 0x81
                0x00000082                __ADC12MCTL2 = 0x82
                0x00000083                __ADC12MCTL3 = 0x83
                0x00000084                __ADC12MCTL4 = 0x84
                0x00000085                __ADC12MCTL5 = 0x85
                0x00000086                __ADC12MCTL6 = 0x86
                0x00000087                __ADC12MCTL7 = 0x87
                0x00000088                __ADC12MCTL8 = 0x88
                0x00000089                __ADC12MCTL9 = 0x89
                0x0000008a                __ADC12MCTL10 = 0x8a
                0x0000008b                __ADC12MCTL11 = 0x8b
                0x0000008c                __ADC12MCTL12 = 0x8c
                0x0000008d                __ADC12MCTL13 = 0x8d
                0x0000008e                __ADC12MCTL14 = 0x8e
                0x0000008f                __ADC12MCTL15 = 0x8f
                0x00000056                __DCOCTL = 0x56
                0x00000057                __BCSCTL1 = 0x57
                0x00000058                __BCSCTL2 = 0x58
                0x00000053                __BCSCTL3 = 0x53
                0x00000059                __CACTL1 = 0x59
                0x0000005a                __CACTL2 = 0x5a
                0x0000005b                __CAPD = 0x5b
                0x000001c0                __DAC12_0CTL = 0x1c0
                0x000001c2                __DAC12_1CTL = 0x1c2
                0x000001c8                __DAC12_0DAT = 0x1c8
                0x000001ca                __DAC12_1DAT = 0x1ca
                0x00000122                __DMACTL0 = 0x122
                0x00000124                __DMACTL1 = 0x124
                0x00000126                __DMAIV = 0x126
                0x000001d0                __DMA0CTL = 0x1d0
                0x000001dc                __DMA1CTL = 0x1dc
                0x000001e8                __DMA2CTL = 0x1e8
                0x000001d2                __DMA0SA = 0x1d2
                0x000001d2                __DMA0SAL = 0x1d2
                0x000001d6                __DMA0DA = 0x1d6
                0x000001d6                __DMA0DAL = 0x1d6
                0x000001da                __DMA0SZ = 0x1da
                0x000001de                __DMA1SA = 0x1de
                0x000001de                __DMA1SAL = 0x1de
                0x000001e2                __DMA1DA = 0x1e2
                0x000001e2                __DMA1DAL = 0x1e2
                0x000001e6                __DMA1SZ = 0x1e6
                0x000001ea                __DMA2SA = 0x1ea
                0x000001ea                __DMA2SAL = 0x1ea
                0x000001ee                __DMA2DA = 0x1ee
                0x000001ee                __DMA2DAL = 0x1ee
                0x000001f2                __DMA2SZ = 0x1f2
                0x00000128                __FCTL1 = 0x128
                0x0000012a                __FCTL2 = 0x12a
                0x0000012c                __FCTL3 = 0x12c
                0x000001be                __FCTL4 = 0x1be
                0x00000130                __MPY = 0x130
                0x00000132                __MPYS = 0x132
                0x00000134                __MAC = 0x134
                0x00000136                __MACS = 0x136
                0x00000138                __OP2 = 0x138
                0x0000013a                __RESLO = 0x13a
                0x0000013c                __RESHI = 0x13c
                0x0000013e                __SUMEXT = 0x13e
                0x00000020                __P1IN = 0x20
                0x00000021                __P1OUT = 0x21
                0x00000022                __P1DIR = 0x22
                0x00000023                __P1IFG = 0x23
                0x00000024                __P1IES = 0x24
                0x00000025                __P1IE = 0x25
                0x00000026                __P1SEL = 0x26
                0x00000027                __P1REN = 0x27
                0x00000028                __P2IN = 0x28
                0x00000029                __P2OUT = 0x29
                0x0000002a                __P2DIR = 0x2a
                0x0000002b                __P2IFG = 0x2b
                0x0000002c                __P2IES = 0x2c
                0x0000002d                __P2IE = 0x2d
                0x0000002e                __P2SEL = 0x2e
                0x0000002f                __P2REN = 0x2f
                0x00000018                __P3IN = 0x18
                0x00000019                __P3OUT = 0x19
                0x0000001a                __P3DIR = 0x1a
                0x0000001b                __P3SEL = 0x1b
                0x00000010                __P3REN = 0x10
                0x0000001c                __P4IN = 0x1c
                0x0000001d                __P4OUT = 0x1d
                0x0000001e                __P4DIR = 0x1e
                0x0000001f                __P4SEL = 0x1f
                0x00000011                __P4REN = 0x11
                0x00000030                __P5IN = 0x30
                0x00000031                __P5OUT = 0x31
                0x00000032                __P5DIR = 0x32
                0x00000033                __P5SEL = 0x33
                0x00000012                __P5REN = 0x12
                0x00000034                __P6IN = 0x34
                0x00000035                __P6OUT = 0x35
                0x00000036                __P6DIR = 0x36
                0x00000037                __P6SEL = 0x37
                0x00000013                __P6REN = 0x13
                0x00000038                __P7IN = 0x38
                0x0000003a                __P7OUT = 0x3a
                0x0000003c                __P7DIR = 0x3c
                0x0000003e                __P7SEL = 0x3e
                0x00000014                __P7REN = 0x14
                0x00000039                __P8IN = 0x39
                0x0000003b                __P8OUT = 0x3b
                0x0000003d                __P8DIR = 0x3d
                0x0000003f                __P8SEL = 0x3f
                0x00000015                __P8REN = 0x15
                0x00000038                __PAIN = 0x38
                0x0000003a                __PAOUT = 0x3a
                0x0000003c                __PADIR = 0x3c
                0x0000003e                __PASEL = 0x3e
                0x00000014                __PAREN = 0x14
                0x00000055                __SVSCTL = 0x55
                0x0000012e                __TAIV = 0x12e
                0x00000160                __TACTL = 0x160
                0x00000162                __TACCTL0 = 0x162
                0x00000164                __TACCTL1 = 0x164
                0x00000166                __TACCTL2 = 0x166
                0x00000170                __TAR = 0x170
                0x00000172                __TACCR0 = 0x172
                0x00000174                __TACCR1 = 0x174
                0x00000176                __TACCR2 = 0x176
                0x0000011e                __TBIV = 0x11e
                0x00000180                __TBCTL = 0x180
                0x00000182                __TBCCTL0 = 0x182
                0x00000184                __TBCCTL1 = 0x184
                0x00000186                __TBCCTL2 = 0x186
                0x00000188                __TBCCTL3 = 0x188
                0x0000018a                __TBCCTL4 = 0x18a
                0x0000018c                __TBCCTL5 = 0x18c
                0x0000018e                __TBCCTL6 = 0x18e
                0x00000190                __TBR = 0x190
                0x00000192                __TBCCR0 = 0x192
                0x00000194                __TBCCR1 = 0x194
                0x00000196                __TBCCR2 = 0x196
                0x00000198                __TBCCR3 = 0x198
                0x0000019a                __TBCCR4 = 0x19a
                0x0000019c                __TBCCR5 = 0x19c
                0x0000019e                __TBCCR6 = 0x19e
                0x00000060                __UCA0CTL0 = 0x60
                0x00000061                __UCA0CTL1 = 0x61
                0x00000062                __UCA0BR0 = 0x62
                0x00000063                __UCA0BR1 = 0x63
                0x00000064                __UCA0MCTL = 0x64
                0x00000065                __UCA0STAT = 0x65
                0x00000066                __UCA0RXBUF = 0x66
                0x00000067                __UCA0TXBUF = 0x67
                0x0000005d                __UCA0ABCTL = 0x5d
                0x0000005e                __UCA0IRTCTL = 0x5e
                0x0000005f                __UCA0IRRCTL = 0x5f
                0x00000068                __UCB0CTL0 = 0x68
                0x00000069                __UCB0CTL1 = 0x69
                0x0000006a                __UCB0BR0 = 0x6a
                0x0000006b                __UCB0BR1 = 0x6b
                0x0000006c                __UCB0I2CIE = 0x6c
                0x0000006d                __UCB0STAT = 0x6d
                0x0000006e                __UCB0RXBUF = 0x6e
                0x0000006f                __UCB0TXBUF = 0x6f
                0x00000118                __UCB0I2COA = 0x118
                0x0000011a                __UCB0I2CSA = 0x11a
                0x000000d0                __UCA1CTL0 = 0xd0
                0x000000d1                __UCA1CTL1 = 0xd1
                0x000000d2                __UCA1BR0 = 0xd2
                0x000000d3                __UCA1BR1 = 0xd3
                0x000000d4                __UCA1MCTL = 0xd4
                0x000000d5                __UCA1STAT = 0xd5
                0x000000d6                __UCA1RXBUF = 0xd6
                0x000000d7                __UCA1TXBUF = 0xd7
                0x000000cd                __UCA1ABCTL = 0xcd
                0x000000ce                __UCA1IRTCTL = 0xce
                0x000000cf                __UCA1IRRCTL = 0xcf
                0x000000d8                __UCB1CTL0 = 0xd8
                0x000000d9                __UCB1CTL1 = 0xd9
                0x000000da                __UCB1BR0 = 0xda
                0x000000db                __UCB1BR1 = 0xdb
                0x000000dc                __UCB1I2CIE = 0xdc
                0x000000dd                __UCB1STAT = 0xdd
                0x000000de                __UCB1RXBUF = 0xde
                0x000000df                __UCB1TXBUF = 0xdf
                0x0000017c                __UCB1I2COA = 0x17c
                0x0000017e                __UCB1I2CSA = 0x17e
                0x00000120                __WDTCTL = 0x120
                0x000010c0                __TLV_CHECKSUM = 0x10c0
                0x000010f6                __TLV_DCO_30_TAG = 0x10f6
                0x000010f7                __TLV_DCO_30_LEN = 0x10f7
                0x000010da                __TLV_ADC12_1_TAG = 0x10da
                0x000010db                __TLV_ADC12_1_LEN = 0x10db
                0x000010f8                __CALDCO_16MHZ = 0x10f8
                0x000010f9                __CALBC1_16MHZ = 0x10f9
                0x000010fa                __CALDCO_12MHZ = 0x10fa
                0x000010fb                __CALBC1_12MHZ = 0x10fb
                0x000010fc                __CALDCO_8MHZ = 0x10fc
                0x000010fd                __CALBC1_8MHZ = 0x10fd
                0x000010fe                __CALDCO_1MHZ = 0x10fe
                0x000010ff                __CALBC1_1MHZ = 0x10ff

.hash
 *(.hash)

.dynsym
 *(.dynsym)

.dynstr
 *(.dynstr)

.gnu.version
 *(.gnu.version)

.gnu.version_d
 *(.gnu.version_d)

.gnu.version_r
 *(.gnu.version_r)

.rel.init
 *(.rel.init)

.rela.init
 *(.rela.init)

.rel.fini
 *(.rel.fini)

.rela.fini
 *(.rela.fini)

.rel.text
 *(.rel.text .rel.text.* .rel.gnu.linkonce.t.*)

.rela.text
 *(.rela.text .rela.text.* .rela.gnu.linkonce.t.*)

.rel.rodata
 *(.rel.rodata .rel.rodata.* .rel.gnu.linkonce.r.*)

.rela.rodata
 *(.rela.rodata .rela.rodata.* .rela.gnu.linkonce.r.*)

.rel.data
 *(.rel.data .rel.data.* .rel.gnu.linkonce.d.*)

.rela.data
 *(.rela.data .rela.data.* .rela.gnu.linkonce.d.*)

.rel.bss
 *(.rel.bss .rel.bss.* .rel.gnu.linkonce.b.*)

.rela.bss
 *(.rela.bss .rela.bss.* .rela.gnu.linkonce.b.*)

.rel.ctors
 *(.rel.ctors)

.rela.ctors
 *(.rela.ctors)

.rel.dtors
 *(.rel.dtors)

.rela.dtors
 *(.rela.dtors)

.rel.got
 *(.rel.got)

.rela.got
 *(.rela.got)

.rel.plt
 *(.rel.plt)

.rela.plt
 *(.rela.plt)

.text           0x00003100     0x6c3a
                0x00003100                . = ALIGN (0x2)
 *(.init .init.*)
 *(.init0)
 .init0         0x00003100        0x0 /usr/lib/gcc/msp430/4.6.3/mcpu-430x/mmpy-16/libcrt0.a(_reset_vector__.o)
                0x00003100                _reset_vector__
 *(.init1)
 .init1         0x00003100        0xc /usr/lib/gcc/msp430/4.6.3/mcpu-430x/mmpy-16/libcrt0.a(__watchdog_support.o)
                0x00003100                __watchdog_support
 *(.init2)
 .init2         0x0000310c        0x4 /usr/lib/gcc/msp430/4.6.3/mcpu-430x/mmpy-16/libcrt0.a(__init_stack.o)
                0x0000310c                __init_stack
 *(.init3)
 .init3         0x00003110        0x0 /usr/lib/gcc/msp430/4.6.3/mcpu-430x/mmpy-16/libcrt0.a(__low_level_init.o)
                0x00003110                __low_level_init
 *(.init4)
 .init4         0x00003110       0x18 /usr/lib/gcc/msp430/4.6.3/mcpu-430x/mmpy-16/libcrt0.a(_copy_data.o)
                0x00003110                __do_copy_data
 .init4         0x00003128       0x16 /usr/lib/gcc/msp430/4.6.3/mcpu-430x/mmpy-16/libcrt0.a(_clear_bss.o)
                0x00003128                __do_clear_bss
 *(.init5)
 *(.init6)
 *(.init7)
 *(.init8)
 *(.init9)
 .init9         0x0000313e      0x2fa obj_z1/contiki-z1-main.o
                0x0000313e                main
 *(.fini9)
 .fini9         0x00003438        0x0 /usr/lib/gcc/msp430/4.6.3/mcpu-430x/mmpy-16/libcrt0.a(__stop_progExec__.o)
                0x00003438                __stop_progExec__
 *(.fini8)
 *(.fini7)
 *(.fini6)
 *(.fini5)
 *(.fini4)
 *(.fini3)
 *(.fini2)
 *(.fini1)
 *(.fini0)
 .fini0         0x00003438        0x6 /usr/lib/gcc/msp430/4.6.3/mcpu-430x/mmpy-16/libcrt0.a(_endless_loop__.o)
                0x00003438                _endless_loop__
 *(.fini .fini.*)
                0x0000343e                . = ALIGN (0x2)
                0x0000343e                __ctors_start = .
 *(.ctors)
                0x0000343e                __ctors_end = .
                0x0000343e                __dtors_start = .
 *(.dtors)
                0x0000343e                __dtors_end = .
                0x0000343e                . = ALIGN (0x2)
 *(.text .text.* .gnu.linkonce.t.*)
 .text          0x0000343e        0x4 /usr/lib/gcc/msp430/4.6.3/mcpu-430x/mmpy-16/crt0ivtbl32.o
                0x0000343e                __isr_14
                0x0000343e                __isr_4
                0x0000343e                __isr_29
                0x0000343e                __isr_11
                0x0000343e                __isr_5
                0x0000343e                __isr_2
                0x0000343e                __isr_10
                0x0000343e                __isr_7
                0x0000343e                __isr_0
                0x0000343e                __isr_28
                0x0000343e                __isr_8
                0x0000343e                __isr_20
                0x0000343e                __isr_3
                0x0000343e                __isr_12
                0x0000343e                __isr_13
                0x0000343e                __isr_27
                0x0000343e                __isr_9
                0x0000343e                __isr_30
                0x0000343e                __isr_6
                0x0000343e                __isr_22
                0x0000343e                __isr_1
                0x0000343e                __isr_15
                0x0000343e                __isr_21
 .text.crt0     0x00003442        0x0 /usr/lib/gcc/msp430/4.6.3/mcpu-430x/mmpy-16/crt0ivtbl32.o
 .text          0x00003442      0x1f8 sensor_temp_mqtt.co
 .text          0x0000363a        0x6 obj_z1/contiki-z1-main.o
                0x0000363a                uip_log
 .text          0x00003640        0xc contiki-z1.a(contiki-z1-plat)
                0x00003640                init_platform
 .text          0x0000364c       0xcc contiki-z1.a(msp430.o)
                0x0000364c                msp430_init_dco
                0x00003674                splhigh_
                0x0000367c                msp430_sync_dco
                0x000036ee                msp430_cpu_init
 .text          0x00003718      0x146 contiki-z1.a(leds.o)
                0x00003806                leds_init
                0x00003810                leds_get
                0x00003816                leds_set
                0x0000381c                leds_on
                0x00003826                leds_off
                0x00003834                leds_toggle
                0x0000383e                leds_blink
 .text          0x0000385e       0x5c contiki-z1.a(watchdog.o)
                0x0000385e                __isr_26
                0x0000385e                watchdog_interrupt
                0x00003864                watchdog_start
                0x00003878                watchdog_periodic
                0x0000388a                watchdog_stop
                0x000038a0                watchdog_init
                0x000038b4                watchdog_reboot
 .text          0x000038ba      0x350 contiki-z1.a(xmem.o)
                0x00003932                xmem_init
                0x00003950                xmem_pread
                0x00003a20                xmem_pwrite
                0x00003b54                xmem_erase
 .text          0x00003c0a       0x38 contiki-z1.a(spi.o)
                0x00003c0a                spi_init
 .text          0x00003c42      0xa2e contiki-z1.a(cc2420.o)
                0x00003fd2                cc2420_on
                0x00003ff4                cc2420_off
                0x00004206                cc2420_get_channel
                0x0000420c                cc2420_set_channel
                0x00004246                cc2420_set_pan_addr
                0x00004292                cc2420_interrupt
                0x000042aa                cc2420_set_txpower
                0x000042b8                cc2420_get_txpower
                0x0000440a                cc2420_rssi
                0x000044f8                cc2420_set_cca_threshold
                0x00004592                cc2420_init
 .text          0x00004670       0x1a contiki-z1.a(cc2420-arch.o)
                0x00004670                cc2420_arch_init
 .text          0x0000468a       0x9a contiki-z1.a(node-id.o)
                0x0000468a                node_id_restore
                0x000046d6                node_id_burn
 .text          0x00004724      0x158 contiki-z1.a(sensors.o)
                0x000047e2                sensors_first
                0x000047e8                sensors_next
                0x00004814                sensors_changed
                0x0000483e                sensors_find
 .text          0x0000487c      0x100 contiki-z1.a(button-sensor.o)
                0x00004906                irq_p2
                0x00004906                __isr_19
 .text          0x0000497c       0xd8 contiki-z1.a(uart0.o)
                0x0000497c                uart0_active
                0x0000498a                uart0_set_input
                0x00004990                uart0_writeb
                0x000049a8                uart0_init
                0x000049ee                __isr_23
                0x000049ee                uart0_rx_interrupt
 .text          0x00004a54       0x10 contiki-z1.a(uart0-putchar.o)
                0x00004a54                putchar
 .text          0x00004a64       0x86 contiki-z1.a(sht11-sensor.o)
 .text          0x00004aea       0x2e contiki-z1.a(light-sensor.o)
 .text          0x00004b18      0x136 contiki-z1.a(sky-sensors.o)
                0x00004b18                sky_sensors_status
                0x00004b5a                sky_sensors_configure
 .text          0x00004c4e      0x318 contiki-z1.a(adxl345.o)
                0x00004c4e                accm_write_reg
                0x00004c7c                accm_write_stream
                0x00004ca6                accm_read_reg
                0x00004d50                accm_read_stream
                0x00004da2                accm_read_axis
                0x00004dc8                accm_set_grange
                0x00004dec                accm_init
                0x00004e76                accm_set_irq
                0x00004ea2                port1_isr
                0x00004ea2                __isr_18
 .text          0x00004f66      0x1e8 contiki-z1.a(clock.o)
                0x00004f66                __isr_24
                0x00004f66                timera1
                0x00005070                clock_time
                0x0000508a                clock_set
                0x000050a0                clock_fine_max
                0x000050a6                clock_fine
                0x000050b2                clock_init
                0x000050da                clock_delay
                0x000050e6                clock_wait
                0x0000510e                clock_set_seconds
                0x00005126                clock_seconds
                0x00005140                clock_counter
 .text          0x0000514e       0x78 contiki-z1.a(leds-arch.o)
                0x0000514e                leds_arch_init
                0x0000515c                leds_arch_get
                0x0000518c                leds_arch_set
 .text          0x000051c6       0x7e contiki-z1.a(rtimer-arch.o)
                0x000051c6                rtimer_arch_init
                0x000051d4                rtimer_arch_now
                0x000051e2                __isr_25
                0x000051e2                timera0
                0x0000523e                rtimer_arch_schedule
 .text          0x00005244       0x2a contiki-z1.a(autostart.o)
                0x00005244                autostart_start
                0x0000525a                autostart_exit
 .text          0x0000526e      0x1ae contiki-z1.a(ctimer.o)
                0x0000530a                ctimer_init
                0x00005322                ctimer_set
                0x0000536a                ctimer_reset
                0x00005396                ctimer_restart
                0x000053c2                ctimer_stop
                0x000053ea                ctimer_expired
 .text          0x0000541c       0xae contiki-z1.a(energest.o)
                0x0000541c                energest_init
                0x00005444                energest_type_time
                0x00005480                energest_leveldevice_leveltime
                0x00005486                energest_type_set
                0x00005492                energest_flush
 .text          0x000054ca      0x252 contiki-z1.a(etimer.o)
                0x0000553a                etimer_request_poll
                0x00005644                etimer_set
                0x00005656                etimer_reset
                0x00005668                etimer_restart
                0x0000567a                etimer_adjust
                0x00005694                etimer_expired
                0x000056a2                etimer_expiration_time
                0x000056b6                etimer_start_time
                0x000056be                etimer_pending
                0x000056ca                etimer_next_expiration_time
                0x000056e0                etimer_stop
 .text          0x0000571c      0x2a0 contiki-z1.a(process.o)
                0x0000581c                process_alloc_event
                0x0000582a                process_exit
                0x00005834                process_init
                0x00005850                process_run
                0x000058f4                process_nevents
                0x00005902                process_post
                0x00005952                process_post_synch
                0x00005964                process_start
                0x00005996                process_poll
                0x000059ae                process_is_running
 .text          0x000059bc       0x50 contiki-z1.a(rtimer.o)
                0x000059bc                rtimer_init
                0x000059c2                rtimer_set
                0x000059e6                rtimer_run_next
 .text          0x00005a0c       0x8c contiki-z1.a(timer.o)
                0x00005a0c                timer_set
                0x00005a28                timer_reset
                0x00005a36                timer_restart
                0x00005a4a                timer_expired
                0x00005a74                timer_remaining
 .text          0x00005a98      0x102 contiki-z1.a(serial-line.o)
                0x00005b34                serial_line_input_byte
                0x00005b7e                serial_line_init
 .text          0x00005b9a       0xf6 contiki-z1.a(list.o)
                0x00005b9a                list_init
                0x00005ba0                list_head
                0x00005ba4                list_copy
                0x00005baa                list_tail
                0x00005bbc                list_chop
                0x00005be0                list_pop
                0x00005bee                list_remove
                0x00005c22                list_push
                0x00005c38                list_add
                0x00005c5e                list_length
                0x00005c6e                list_insert
                0x00005c84                list_item_next
 .text          0x00005c90        0xc contiki-z1.a(random.o)
                0x00005c90                random_init
                0x00005c96                random_rand
 .text          0x00005c9c       0x94 contiki-z1.a(ringbuf.o)
                0x00005c9c                ringbuf_init
                0x00005cb0                ringbuf_put
                0x00005ce8                ringbuf_get
                0x00005d16                ringbuf_size
                0x00005d1e                ringbuf_elements
 .text          0x00005d30      0xbfe contiki-z1.a(collect.o)
                0x00006692                collect_open
                0x0000676e                collect_set_keepalive
                0x0000677c                collect_close
                0x000067a8                collect_set_sink
                0x0000680c                collect_send
                0x000068f0                collect_depth
                0x000068f6                collect_parent
                0x000068fc                collect_purge
                0x0000692c                collect_print_stats
 .text          0x0000692e       0xe0 contiki-z1.a(collect-link-es)
                0x0000692e                collect_link_estimate_new
                0x00006940                collect_link_estimate_update_tx
                0x000069d6                collect_link_estimate_update_tx_fail
                0x000069e6                collect_link_estimate_update_rx
                0x000069e8                collect_link_estimate
                0x00006a00                collect_link_estimate_num_estimates
 .text          0x00006a0e      0x36e contiki-z1.a(collect-neighbo)
                0x00006a98                collect_neighbor_init
                0x00006aac                collect_neighbor_list_new
                0x00006ade                collect_neighbor_list_find
                0x00006b14                collect_neighbor_list_add
                0x00006bb2                collect_neighbor_list
                0x00006bc0                collect_neighbor_list_remove
                0x00006bea                collect_neighbor_list_num
                0x00006bfc                collect_neighbor_list_get
                0x00006c26                collect_neighbor_list_purge
                0x00006c52                collect_neighbor_update_rtmetric
                0x00006c60                collect_neighbor_tx_fail
                0x00006c7e                collect_neighbor_tx
                0x00006c9c                collect_neighbor_rx
                0x00006cb4                collect_neighbor_rtmetric_link_estimate
                0x00006cd0                collect_neighbor_list_best
                0x00006d12                collect_neighbor_rtmetric
                0x00006d20                collect_neighbor_set_congested
                0x00006d34                collect_neighbor_is_congested
                0x00006d4c                collect_neighbor_link_estimate
 .text          0x00006d7c      0x120 contiki-z1.a(packetqueue.o)
                0x00006dae                packetqueue_init
                0x00006dc6                packetqueue_enqueue_packetbuf
                0x00006e30                packetqueue_first
                0x00006e3a                packetqueue_dequeue
                0x00006e76                packetqueue_len
                0x00006e80                packetqueue_queuebuf
                0x00006e8e                packetqueue_ptr
 .text          0x00006e9c       0xd8 contiki-z1.a(rime.o)
                0x00006f38                rime_sniffer_add
                0x00006f44                rime_sniffer_remove
                0x00006f50                rime_output
 .text          0x00006f74       0x78 contiki-z1.a(unicast.o)
                0x00006fae                unicast_open
                0x00006fd0                unicast_close
                0x00006fd6                unicast_send
 .text          0x00006fec       0x2a contiki-z1.a(linkaddr.o)
                0x00006fec                linkaddr_copy
                0x00006ff8                linkaddr_cmp
                0x0000700a                linkaddr_set_node_addr
 .text          0x00007016      0x1e2 contiki-z1.a(packetbuf.o)
                0x00007016                packetbuf_clear_hdr
                0x0000701e                packetbuf_compact
                0x0000704c                packetbuf_copyto_hdr
                0x00007068                packetbuf_copyto
                0x000070ae                packetbuf_hdr_remove
                0x000070b4                packetbuf_hdrreduce
                0x000070ce                packetbuf_set_datalen
                0x000070d4                packetbuf_dataptr
                0x000070e2                packetbuf_hdrptr
                0x000070ec                packetbuf_datalen
                0x000070f2                packetbuf_hdrlen
                0x00007102                packetbuf_totlen
                0x0000710e                packetbuf_hdralloc
                0x00007138                packetbuf_attr_clear
                0x00007164                packetbuf_clear
                0x0000717e                packetbuf_copyfrom
                0x000071a8                packetbuf_attr_copyto
                0x000071c8                packetbuf_attr_copyfrom
                0x000071ea                packetbuf_holds_broadcast
 .text          0x000071f8      0x13c contiki-z1.a(queuebuf.o)
                0x000071f8                queuebuf_init
                0x0000720a                queuebuf_numfree
                0x00007214                queuebuf_new_from_packetbuf
                0x00007262                queuebuf_update_attr_from_packetbuf
                0x00007274                queuebuf_update_from_packetbuf
                0x00007296                queuebuf_free
                0x000072c0                queuebuf_to_packetbuf
                0x000072f2                queuebuf_dataptr
                0x0000730e                queuebuf_datalen
                0x00007316                queuebuf_addr
                0x00007324                queuebuf_attr
                0x00007332                queuebuf_debug_print
 .text          0x00007334      0x37a contiki-z1.a(csma.o)
 .text          0x000076ae       0x14 contiki-z1.a(mac.o)
                0x000076ae                mac_call_sent_callback
 .text          0x000076c2      0x658 contiki-z1.a(contikimac.o)
                0x00007d16                contikimac_debug_print
 .text          0x00007d1a       0xce contiki-z1.a(contikimac-fram)
 .text          0x00007de8       0x1c contiki-z1.a(nullsec.o)
 .text          0x00007e04      0x266 contiki-z1.a(sht11.o)
                0x00007fb0                sht11_init
                0x00007fce                sht11_off
                0x00007fe2                sht11_temp
                0x00007fec                sht11_humidity
                0x00007ff6                sht11_sreg
 .text          0x0000806a      0x1b2 contiki-z1.a(i2cmaster.o)
                0x0000806a                i2c_setrate
                0x00008070                i2c_receiveinit
                0x000080a8                i2c_transmitinit
                0x000080da                i2c_receive_n
                0x0000811e                i2c_busy
                0x00008128                i2c_enable
                0x0000814c                i2c_disable
                0x00008166                i2c_transmit_n
                0x0000817a                __isr_16
                0x0000817a                i2c_tx_interrupt
                0x00008204                i2c_rx_interrupt
                0x00008204                __isr_17
 .text          0x0000821c       0xb6 contiki-z1.a(compower.o)
                0x0000821c                compower_accumulate
                0x00008286                compower_clear
                0x00008298                compower_init
                0x000082a2                compower_attrconv
                0x000082b2                compower_accumulate_attrs
 .text          0x000082d2      0x102 contiki-z1.a(memb.o)
                0x000082d2                memb_init
                0x00008308                memb_alloc
                0x00008346                memb_free
                0x00008380                memb_inmemb
                0x000083ae                memb_numfree
 .text          0x000083d4       0x48 contiki-z1.a(abc.o)
                0x000083d4                abc_open
                0x000083f2                abc_close
                0x000083f8                abc_send
                0x000083fe                abc_input
                0x0000840c                abc_sent
 .text          0x0000841c      0x114 contiki-z1.a(announcement.o)
                0x0000841c                announcement_init
                0x00008426                announcement_register
                0x00008460                announcement_remove
                0x0000846c                announcement_remove_value
                0x0000848e                announcement_set_value
                0x000084b6                announcement_bump
                0x000084d8                announcement_listen
                0x000084e4                announcement_register_listen_callback
                0x000084ea                announcement_register_observer_callback
                0x000084f0                announcement_list
                0x000084fa                announcement_heard
 .text          0x00008530      0x1c2 contiki-z1.a(broadcast-annou)
                0x00008682                broadcast_announcement_init
                0x000086c6                broadcast_announcement_stop
                0x000086e8                broadcast_announcement_beacon_interval
 .text          0x000086f2       0x78 contiki-z1.a(broadcast.o)
                0x00008728                broadcast_open
                0x0000874a                broadcast_close
                0x00008750                broadcast_send
 .text          0x0000876a       0x38 contiki-z1.a(chameleon.o)
                0x0000876a                chameleon_init
                0x00008770                chameleon_parse
                0x00008780                chameleon_create
                0x0000879c                chameleon_hdrsize
 .text          0x000087a2       0x66 contiki-z1.a(channel.o)
                0x000087a2                channel_init
                0x000087ac                channel_open
                0x000087bc                channel_close
                0x000087c8                channel_lookup
                0x000087e8                channel_set_attributes
 .text          0x00008808      0x1ae contiki-z1.a(framer-802154.o)
 .text          0x000089b6       0x20 contiki-z1.a(framer.o)
                0x000089b6                framer_canonical_create_and_secure
 .text          0x000089d6       0x92 contiki-z1.a(mac-sequence.o)
                0x000089d6                mac_sequence_is_duplicate
                0x00008a0c                mac_sequence_register_seqno
 .text          0x00008a68      0x306 contiki-z1.a(chameleon-bitop)
                0x00008a7e                get_bits_in_byte
                0x00008ab8                get_bits
                0x00008bfc                set_bits_in_byte
                0x00008c28                set_bits
 .text          0x00008d6e      0x35a contiki-z1.a(frame802154.o)
                0x00008e02                frame802154_hdrlen
                0x00008e30                frame802154_create
                0x00008f42                frame802154_parse
 .text          0x000090c8        0x0 /usr/lib/gcc/msp430/4.6.3/mcpu-430x/mmpy-16/libgcc.a(_mulsi3.o)
 .text.libgcc   0x000090c8       0x2a /usr/lib/gcc/msp430/4.6.3/mcpu-430x/mmpy-16/libgcc.a(_mulsi3.o)
                0x000090c8                __mulsi3
 .text          0x000090f2        0x0 /usr/lib/gcc/msp430/4.6.3/mcpu-430x/mmpy-16/libgcc.a(_udivmod16.o)
 .text.libgcc   0x000090f2       0x22 /usr/lib/gcc/msp430/4.6.3/mcpu-430x/mmpy-16/libgcc.a(_udivmod16.o)
                0x000090f2                __udivhi3
                0x000090f2                __ext_udivmod16
                0x0000910c                __umodhi3
 .text          0x00009114        0x0 /usr/lib/gcc/msp430/4.6.3/mcpu-430x/mmpy-16/libgcc.a(_divmod16.o)
 .text.libgcc   0x00009114       0x3a /usr/lib/gcc/msp430/4.6.3/mcpu-430x/mmpy-16/libgcc.a(_divmod16.o)
                0x00009114                __ext_divmod16
                0x00009114                __divhi3
                0x00009146                __modhi3
 .text          0x0000914e        0x0 /usr/lib/gcc/msp430/4.6.3/mcpu-430x/mmpy-16/libgcc.a(_udivmod32.o)
 .text.libgcc   0x0000914e       0x38 /usr/lib/gcc/msp430/4.6.3/mcpu-430x/mmpy-16/libgcc.a(_udivmod32.o)
                0x0000914e                __udivsi3
                0x0000914e                __ext_udivmod32
                0x0000917c                __umodsi3
 .text          0x00009186       0x28 /usr/lib/gcc/msp430/4.6.3/../../../../msp430/lib/mcpu-430x/mmpy-16/libc.a(strncmp.o)
                0x00009186                strncmp
 .text          0x000091ae       0x20 /usr/lib/gcc/msp430/4.6.3/../../../../msp430/lib/mcpu-430x/mmpy-16/libc.a(memcmp.o)
                0x000091ae                memcmp
 .text          0x000091ce       0xe4 /usr/lib/gcc/msp430/4.6.3/../../../../msp430/lib/mcpu-430x/mmpy-16/libc.a(memcpy.o)
                0x000091ce                memcpy
 .text          0x000092b2       0x5c /usr/lib/gcc/msp430/4.6.3/../../../../msp430/lib/mcpu-430x/mmpy-16/libc.a(memset.o)
                0x000092b2                memset
 .text          0x0000930e       0x1e /usr/lib/gcc/msp430/4.6.3/../../../../msp430/lib/mcpu-430x/mmpy-16/libc.a(printf.o)
                0x0000930e                printf
                0x0000931e                vprintf
 .text          0x0000932c       0xb8 /usr/lib/gcc/msp430/4.6.3/../../../../msp430/lib/mcpu-430x/mmpy-16/libc.a(sprintf.o)
                0x00009386                sprintf
                0x000093a2                snprintf
                0x000093bc                vsprintf
                0x000093d2                vsnprintf
 .text          0x000093e4      0x818 /usr/lib/gcc/msp430/4.6.3/../../../../msp430/lib/mcpu-430x/mmpy-16/libc.a(vuprintf.o)
                0x00009560                vuprintf
 .text          0x00009bfc       0x2c /usr/lib/gcc/msp430/4.6.3/../../../../msp430/lib/mcpu-430x/mmpy-16/libc.a(puts.o)
                0x00009bfc                puts
 .text          0x00009c28       0x54 /usr/lib/gcc/msp430/4.6.3/../../../../msp430/lib/mcpu-430x/mmpy-16/libc.a(rand.o)
                0x00009c28                rand_r
                0x00009c4c                rand
                0x00009c72                srand
 .text          0x00009c7c        0x0 /usr/lib/gcc/msp430/4.6.3/mcpu-430x/mmpy-16/libgcc.a(_udivmod64.o)
 .text.libgcc   0x00009c7c       0xbc /usr/lib/gcc/msp430/4.6.3/mcpu-430x/mmpy-16/libgcc.a(_udivmod64.o)
                0x00009c7c                __xabi_udivmod64
                0x00009cce                __udivdi3
                0x00009ce8                __umoddi3
                0x00009d0a                __udivmoddi4
 .text          0x00009d38        0x0 /usr/lib/gcc/msp430/4.6.3/mcpu-430x/mmpy-16/libcrt0.a(_reset_vector__.o)
 .text          0x00009d38        0x0 /usr/lib/gcc/msp430/4.6.3/mcpu-430x/mmpy-16/libcrt0.a(__watchdog_support.o)
 .text          0x00009d38        0x0 /usr/lib/gcc/msp430/4.6.3/mcpu-430x/mmpy-16/libcrt0.a(__init_stack.o)
 .text          0x00009d38        0x0 /usr/lib/gcc/msp430/4.6.3/mcpu-430x/mmpy-16/libcrt0.a(__low_level_init.o)
 .text          0x00009d38        0x0 /usr/lib/gcc/msp430/4.6.3/mcpu-430x/mmpy-16/libcrt0.a(_copy_data.o)
 .text          0x00009d38        0x0 /usr/lib/gcc/msp430/4.6.3/mcpu-430x/mmpy-16/libcrt0.a(_clear_bss.o)
 .text          0x00009d38        0x0 /usr/lib/gcc/msp430/4.6.3/mcpu-430x/mmpy-16/libcrt0.a(__stop_progExec__.o)
 .text          0x00009d38        0x0 /usr/lib/gcc/msp430/4.6.3/mcpu-430x/mmpy-16/libcrt0.a(_endless_loop__.o)
 .text          0x00009d38        0x0 /usr/lib/gcc/msp430/4.6.3/mcpu-430x/mmpy-16/libcrt0.a(_unexpected_.o)
 .text.crt0     0x00009d38        0x2 /usr/lib/gcc/msp430/4.6.3/mcpu-430x/mmpy-16/libcrt0.a(_unexpected_.o)
                0x00009d38                _unexpected_
                0x00009d3a                . = ALIGN (0x2)

.rodata         0x00009d3a      0x30e
                0x00009d3a                . = ALIGN (0x2)
 *(.rodata .rodata.* .gnu.linkonce.r.*)
 .rodata        0x00009d3a       0x98 sensor_temp_mqtt.co
                0x00009db6                autostart_processes
 .rodata        0x00009dd2       0xd0 obj_z1/contiki-z1-main.o
 .rodata        0x00009ea2       0x2c contiki-z1.a(xmem.o)
 .rodata        0x00009ece       0x5a contiki-z1.a(cc2420.o)
                0x00009eea                cc2420_aes_128_driver
                0x00009eee                cc2420_driver
 .rodata        0x00009f28        0x8 contiki-z1.a(sensors.o)
 .rodata        0x00009f30       0x10 contiki-z1.a(button-sensor.o)
                0x00009f38                button_sensor
 .rodata        0x00009f40        0xe contiki-z1.a(sht11-sensor.o)
                0x00009f46                sht11_sensor
 .rodata        0x00009f4e        0xe contiki-z1.a(light-sensor.o)
                0x00009f54                light_sensor
 .rodata        0x00009f5c       0x16 contiki-z1.a(adxl345.o)
 .rodata        0x00009f72        0xf contiki-z1.a(ctimer.o)
 .rodata        0x00009f81        0xc contiki-z1.a(etimer.o)
 .rodata        0x00009f8d        0xe contiki-z1.a(serial-line.o)
 *fill*         0x00009f9b        0x1 00
 .rodata        0x00009f9c       0x18 contiki-z1.a(collect.o)
 .rodata        0x00009fb4        0xc contiki-z1.a(rime.o)
                0x00009fba                rime_driver
 .rodata        0x00009fc0        0xa contiki-z1.a(unicast.o)
 .rodata        0x00009fca        0x2 contiki-z1.a(linkaddr.o)
                0x00009fca                linkaddr_null
 .rodata        0x00009fcc       0x14 contiki-z1.a(csma.o)
                0x00009fd2                csma_driver
 .rodata        0x00009fe0       0x1c contiki-z1.a(contikimac.o)
                0x00009fec                contikimac_driver
 .rodata        0x00009ffc        0x8 contiki-z1.a(contikimac-fram)
                0x00009ffc                contikimac_framer
 .rodata        0x0000a004       0x14 contiki-z1.a(nullsec.o)
                0x0000a00c                nullsec_driver
 .rodata        0x0000a018        0x2 contiki-z1.a(abc.o)
 .rodata        0x0000a01a        0x4 contiki-z1.a(broadcast-annou)
 .rodata        0x0000a01e        0x8 contiki-z1.a(broadcast.o)
 .rodata        0x0000a026        0x8 contiki-z1.a(framer-802154.o)
                0x0000a026                framer_802154
 .rodata        0x0000a02e       0x10 contiki-z1.a(chameleon-bitop)
                0x0000a02e                chameleon_bitopt
 .rodata        0x0000a03e        0x2 contiki-z1.a(frame802154.o)
 .rodata        0x0000a040        0x7 /usr/lib/gcc/msp430/4.6.3/../../../../msp430/lib/mcpu-430x/mmpy-16/libc.a(vuprintf.o)
                0x0000a048                . = ALIGN (0x2)
 *fill*         0x0000a047        0x1 00
                0x0000a048                _etext = .

.data           0x00001100       0xa2 load address 0x0000a048
                0x00001100                . = ALIGN (0x2)
                0x00001100                PROVIDE (__data_start, .)
 *(.data .data.* .gnu.linkonce.d.*)
 .data          0x00001100        0x0 /usr/lib/gcc/msp430/4.6.3/mcpu-430x/mmpy-16/crt0ivtbl32.o
 .data          0x00001100        0xa sensor_temp_mqtt.co
                0x00001100                hello_world_process2
 .data          0x0000110a        0x4 obj_z1/contiki-z1-main.o
                0x0000110a                sensors
 .data          0x0000110e        0x0 contiki-z1.a(contiki-z1-plat)
 .data          0x0000110e        0x2 contiki-z1.a(msp430.o)
 .data          0x00001110        0x0 contiki-z1.a(leds.o)
 .data          0x00001110        0x0 contiki-z1.a(watchdog.o)
 .data          0x00001110        0x0 contiki-z1.a(xmem.o)
 .data          0x00001110        0x0 contiki-z1.a(spi.o)
 .data          0x00001110        0xa contiki-z1.a(cc2420.o)
                0x00001110                cc2420_process
 .data          0x0000111a        0x0 contiki-z1.a(cc2420-arch.o)
 .data          0x0000111a        0x0 contiki-z1.a(node-id.o)
 .data          0x0000111a        0xa contiki-z1.a(sensors.o)
                0x0000111a                sensors_process
 .data          0x00001124        0x0 contiki-z1.a(button-sensor.o)
 .data          0x00001124        0x0 contiki-z1.a(uart0.o)
 .data          0x00001124        0x0 contiki-z1.a(uart0-putchar.o)
 .data          0x00001124        0x1 contiki-z1.a(sht11-sensor.o)
 .data          0x00001125        0x0 contiki-z1.a(light-sensor.o)
 .data          0x00001125        0x0 contiki-z1.a(sky-sensors.o)
 *fill*         0x00001125        0x1 00
 .data          0x00001126       0x20 contiki-z1.a(adxl345.o)
                0x00001126                accmeter_process
 .data          0x00001146        0x0 contiki-z1.a(clock.o)
 .data          0x00001146        0x0 contiki-z1.a(leds-arch.o)
 .data          0x00001146        0x0 contiki-z1.a(rtimer-arch.o)
 .data          0x00001146        0x0 contiki-z1.a(autostart.o)
 .data          0x00001146        0xa contiki-z1.a(ctimer.o)
                0x00001146                ctimer_process
 .data          0x00001150        0x0 contiki-z1.a(energest.o)
 .data          0x00001150        0xa contiki-z1.a(etimer.o)
                0x00001150                etimer_process
 .data          0x0000115a        0x0 contiki-z1.a(process.o)
 .data          0x0000115a        0x0 contiki-z1.a(rtimer.o)
 .data          0x0000115a        0x0 contiki-z1.a(timer.o)
 .data          0x0000115a        0xa contiki-z1.a(serial-line.o)
                0x0000115a                serial_line_process
 .data          0x00001164        0x0 contiki-z1.a(list.o)
 .data          0x00001164        0x0 contiki-z1.a(random.o)
 .data          0x00001164        0x0 contiki-z1.a(ringbuf.o)
 .data          0x00001164        0x8 contiki-z1.a(collect.o)
 .data          0x0000116c        0x0 contiki-z1.a(collect-link-es)
 .data          0x0000116c        0x8 contiki-z1.a(collect-neighbo)
 .data          0x00001174        0x0 contiki-z1.a(packetqueue.o)
 .data          0x00001174        0x0 contiki-z1.a(rime.o)
 .data          0x00001174        0x0 contiki-z1.a(unicast.o)
 .data          0x00001174        0x0 contiki-z1.a(linkaddr.o)
 .data          0x00001174        0x0 contiki-z1.a(packetbuf.o)
 .data          0x00001174       0x10 contiki-z1.a(queuebuf.o)
 .data          0x00001184       0x18 contiki-z1.a(csma.o)
 .data          0x0000119c        0x0 contiki-z1.a(mac.o)
 .data          0x0000119c        0x0 contiki-z1.a(contikimac.o)
 .data          0x0000119c        0x0 contiki-z1.a(contikimac-fram)
 .data          0x0000119c        0x0 contiki-z1.a(nullsec.o)
 .data          0x0000119c        0x0 contiki-z1.a(sht11.o)
 .data          0x0000119c        0x1 contiki-z1.a(i2cmaster.o)
                0x0000119c                prescale_lsb
 .data          0x0000119d        0x0 contiki-z1.a(compower.o)
 .data          0x0000119d        0x0 contiki-z1.a(memb.o)
 .data          0x0000119d        0x0 contiki-z1.a(abc.o)
 .data          0x0000119d        0x0 contiki-z1.a(announcement.o)
 .data          0x0000119d        0x0 contiki-z1.a(broadcast-annou)
 .data          0x0000119d        0x0 contiki-z1.a(broadcast.o)
 .data          0x0000119d        0x0 contiki-z1.a(chameleon.o)
 .data          0x0000119d        0x0 contiki-z1.a(channel.o)
 .data          0x0000119d        0x0 contiki-z1.a(framer-802154.o)
 .data          0x0000119d        0x0 contiki-z1.a(framer.o)
 .data          0x0000119d        0x0 contiki-z1.a(mac-sequence.o)
 .data          0x0000119d        0x0 contiki-z1.a(chameleon-bitop)
 .data          0x0000119d        0x0 contiki-z1.a(frame802154.o)
 .data          0x0000119d        0x0 /usr/lib/gcc/msp430/4.6.3/mcpu-430x/mmpy-16/libgcc.a(_mulsi3.o)
 .data          0x0000119d        0x0 /usr/lib/gcc/msp430/4.6.3/mcpu-430x/mmpy-16/libgcc.a(_udivmod16.o)
 .data          0x0000119d        0x0 /usr/lib/gcc/msp430/4.6.3/mcpu-430x/mmpy-16/libgcc.a(_divmod16.o)
 .data          0x0000119d        0x0 /usr/lib/gcc/msp430/4.6.3/mcpu-430x/mmpy-16/libgcc.a(_udivmod32.o)
 .data          0x0000119d        0x0 /usr/lib/gcc/msp430/4.6.3/../../../../msp430/lib/mcpu-430x/mmpy-16/libc.a(strncmp.o)
 .data          0x0000119d        0x0 /usr/lib/gcc/msp430/4.6.3/../../../../msp430/lib/mcpu-430x/mmpy-16/libc.a(memcmp.o)
 .data          0x0000119d        0x0 /usr/lib/gcc/msp430/4.6.3/../../../../msp430/lib/mcpu-430x/mmpy-16/libc.a(memcpy.o)
 .data          0x0000119d        0x0 /usr/lib/gcc/msp430/4.6.3/../../../../msp430/lib/mcpu-430x/mmpy-16/libc.a(memset.o)
 .data          0x0000119d        0x0 /usr/lib/gcc/msp430/4.6.3/../../../../msp430/lib/mcpu-430x/mmpy-16/libc.a(printf.o)
 .data          0x0000119d        0x0 /usr/lib/gcc/msp430/4.6.3/../../../../msp430/lib/mcpu-430x/mmpy-16/libc.a(sprintf.o)
 .data          0x0000119d        0x0 /usr/lib/gcc/msp430/4.6.3/../../../../msp430/lib/mcpu-430x/mmpy-16/libc.a(vuprintf.o)
 .data          0x0000119d        0x0 /usr/lib/gcc/msp430/4.6.3/../../../../msp430/lib/mcpu-430x/mmpy-16/libc.a(puts.o)
 *fill*         0x0000119d        0x1 00
 .data          0x0000119e        0x4 /usr/lib/gcc/msp430/4.6.3/../../../../msp430/lib/mcpu-430x/mmpy-16/libc.a(rand.o)
 .data          0x000011a2        0x0 /usr/lib/gcc/msp430/4.6.3/mcpu-430x/mmpy-16/libgcc.a(_udivmod64.o)
 .data          0x000011a2        0x0 /usr/lib/gcc/msp430/4.6.3/mcpu-430x/mmpy-16/libcrt0.a(_reset_vector__.o)
 .data          0x000011a2        0x0 /usr/lib/gcc/msp430/4.6.3/mcpu-430x/mmpy-16/libcrt0.a(__watchdog_support.o)
 .data          0x000011a2        0x0 /usr/lib/gcc/msp430/4.6.3/mcpu-430x/mmpy-16/libcrt0.a(__init_stack.o)
 .data          0x000011a2        0x0 /usr/lib/gcc/msp430/4.6.3/mcpu-430x/mmpy-16/libcrt0.a(__low_level_init.o)
 .data          0x000011a2        0x0 /usr/lib/gcc/msp430/4.6.3/mcpu-430x/mmpy-16/libcrt0.a(_copy_data.o)
 .data          0x000011a2        0x0 /usr/lib/gcc/msp430/4.6.3/mcpu-430x/mmpy-16/libcrt0.a(_clear_bss.o)
 .data          0x000011a2        0x0 /usr/lib/gcc/msp430/4.6.3/mcpu-430x/mmpy-16/libcrt0.a(__stop_progExec__.o)
 .data          0x000011a2        0x0 /usr/lib/gcc/msp430/4.6.3/mcpu-430x/mmpy-16/libcrt0.a(_endless_loop__.o)
 .data          0x000011a2        0x0 /usr/lib/gcc/msp430/4.6.3/mcpu-430x/mmpy-16/libcrt0.a(_unexpected_.o)
                0x000011a2                . = ALIGN (0x2)
                0x000011a2                _edata = .
                0x0000a048                PROVIDE (__data_load_start, LOADADDR (.data))
                0x000000a2                PROVIDE (__data_size, SIZEOF (.data))

.bss            0x000011a2      0xd92 load address 0x0000a0ea
                0x000011a2                PROVIDE (__bss_start, .)
 *(.bss .bss.*)
 .bss           0x000011a2        0x0 /usr/lib/gcc/msp430/4.6.3/mcpu-430x/mmpy-16/crt0ivtbl32.o
 .bss           0x000011a2       0xb8 sensor_temp_mqtt.co
 .bss           0x0000125a        0x4 obj_z1/contiki-z1-main.o
 .bss           0x0000125e        0x0 contiki-z1.a(contiki-z1-plat)
 .bss           0x0000125e        0x0 contiki-z1.a(msp430.o)
 .bss           0x0000125e        0x1 contiki-z1.a(leds.o)
 *fill*         0x0000125f        0x1 00
 .bss           0x00001260        0x2 contiki-z1.a(watchdog.o)
 .bss           0x00001262        0x0 contiki-z1.a(xmem.o)
 .bss           0x00001262        0x2 contiki-z1.a(spi.o)
                0x00001262                spi_busy
 .bss           0x00001264        0x8 contiki-z1.a(cc2420.o)
 .bss           0x0000126c        0x0 contiki-z1.a(cc2420-arch.o)
 .bss           0x0000126c        0x2 contiki-z1.a(node-id.o)
                0x0000126c                node_id
 .bss           0x0000126e        0x6 contiki-z1.a(sensors.o)
 .bss           0x00001274        0x8 contiki-z1.a(button-sensor.o)
 .bss           0x0000127c        0x4 contiki-z1.a(uart0.o)
 .bss           0x00001280        0x0 contiki-z1.a(uart0-putchar.o)
 .bss           0x00001280        0x0 contiki-z1.a(sht11-sensor.o)
 .bss           0x00001280        0x0 contiki-z1.a(light-sensor.o)
 .bss           0x00001280        0x4 contiki-z1.a(sky-sensors.o)
 .bss           0x00001284       0x16 contiki-z1.a(adxl345.o)
 .bss           0x0000129a        0xa contiki-z1.a(clock.o)
 .bss           0x000012a4        0x0 contiki-z1.a(leds-arch.o)
 .bss           0x000012a4        0x0 contiki-z1.a(rtimer-arch.o)
 .bss           0x000012a4        0x0 contiki-z1.a(autostart.o)
 .bss           0x000012a4        0x4 contiki-z1.a(ctimer.o)
 .bss           0x000012a8        0x0 contiki-z1.a(energest.o)
 .bss           0x000012a8        0x6 contiki-z1.a(etimer.o)
 .bss           0x000012ae       0x42 contiki-z1.a(process.o)
                0x000012ae                process_current
                0x000012b0                process_list
 .bss           0x000012f0        0x2 contiki-z1.a(rtimer.o)
 .bss           0x000012f2        0x0 contiki-z1.a(timer.o)
 .bss           0x000012f2      0x10a contiki-z1.a(serial-line.o)
 .bss           0x000013fc        0x0 contiki-z1.a(list.o)
 .bss           0x000013fc        0x0 contiki-z1.a(random.o)
 .bss           0x000013fc        0x0 contiki-z1.a(ringbuf.o)
 .bss           0x000013fc      0x110 contiki-z1.a(collect.o)
 .bss           0x0000150c        0x0 contiki-z1.a(collect-link-es)
 .bss           0x0000150c       0xca contiki-z1.a(collect-neighbo)
 .bss           0x000015d6        0x0 contiki-z1.a(packetqueue.o)
 .bss           0x000015d6        0x2 contiki-z1.a(rime.o)
 .bss           0x000015d8        0x0 contiki-z1.a(unicast.o)
 .bss           0x000015d8        0x0 contiki-z1.a(linkaddr.o)
 .bss           0x000015d8       0xb8 contiki-z1.a(packetbuf.o)
 .bss           0x00001690      0x610 contiki-z1.a(queuebuf.o)
 .bss           0x00001ca0       0xb8 contiki-z1.a(csma.o)
 .bss           0x00001d58        0x0 contiki-z1.a(mac.o)
 .bss           0x00001d58       0x32 contiki-z1.a(contikimac.o)
 .bss           0x00001d8a        0x0 contiki-z1.a(contikimac-fram)
 .bss           0x00001d8a        0x0 contiki-z1.a(nullsec.o)
 .bss           0x00001d8a        0x0 contiki-z1.a(sht11.o)
 .bss           0x00001d8a        0x4 contiki-z1.a(i2cmaster.o)
                0x00001d8a                prescale_msb
 .bss           0x00001d8e        0x8 contiki-z1.a(compower.o)
 .bss           0x00001d96        0x0 contiki-z1.a(memb.o)
 .bss           0x00001d96        0x0 contiki-z1.a(abc.o)
 .bss           0x00001d96        0x6 contiki-z1.a(announcement.o)
 .bss           0x00001d9c       0x46 contiki-z1.a(broadcast-annou)
 .bss           0x00001de2        0x0 contiki-z1.a(broadcast.o)
 .bss           0x00001de2        0x0 contiki-z1.a(chameleon.o)
 .bss           0x00001de2        0x2 contiki-z1.a(channel.o)
 .bss           0x00001de4        0x2 contiki-z1.a(framer-802154.o)
 .bss           0x00001de6        0x0 contiki-z1.a(framer.o)
 .bss           0x00001de6       0x40 contiki-z1.a(mac-sequence.o)
 .bss           0x00001e26        0x0 contiki-z1.a(chameleon-bitop)
 .bss           0x00001e26        0x0 contiki-z1.a(frame802154.o)
 .bss           0x00001e26        0x0 /usr/lib/gcc/msp430/4.6.3/mcpu-430x/mmpy-16/libgcc.a(_mulsi3.o)
 .bss           0x00001e26        0x0 /usr/lib/gcc/msp430/4.6.3/mcpu-430x/mmpy-16/libgcc.a(_udivmod16.o)
 .bss           0x00001e26        0x0 /usr/lib/gcc/msp430/4.6.3/mcpu-430x/mmpy-16/libgcc.a(_divmod16.o)
 .bss           0x00001e26        0x0 /usr/lib/gcc/msp430/4.6.3/mcpu-430x/mmpy-16/libgcc.a(_udivmod32.o)
 .bss           0x00001e26        0x0 /usr/lib/gcc/msp430/4.6.3/../../../../msp430/lib/mcpu-430x/mmpy-16/libc.a(strncmp.o)
 .bss           0x00001e26        0x0 /usr/lib/gcc/msp430/4.6.3/../../../../msp430/lib/mcpu-430x/mmpy-16/libc.a(memcmp.o)
 .bss           0x00001e26        0x0 /usr/lib/gcc/msp430/4.6.3/../../../../msp430/lib/mcpu-430x/mmpy-16/libc.a(memcpy.o)
 .bss           0x00001e26        0x0 /usr/lib/gcc/msp430/4.6.3/../../../../msp430/lib/mcpu-430x/mmpy-16/libc.a(memset.o)
 .bss           0x00001e26        0x0 /usr/lib/gcc/msp430/4.6.3/../../../../msp430/lib/mcpu-430x/mmpy-16/libc.a(printf.o)
 .bss           0x00001e26        0x4 /usr/lib/gcc/msp430/4.6.3/../../../../msp430/lib/mcpu-430x/mmpy-16/libc.a(sprintf.o)
 .bss           0x00001e2a        0x0 /usr/lib/gcc/msp430/4.6.3/../../../../msp430/lib/mcpu-430x/mmpy-16/libc.a(vuprintf.o)
 .bss           0x00001e2a        0x0 /usr/lib/gcc/msp430/4.6.3/../../../../msp430/lib/mcpu-430x/mmpy-16/libc.a(puts.o)
 .bss           0x00001e2a        0x0 /usr/lib/gcc/msp430/4.6.3/../../../../msp430/lib/mcpu-430x/mmpy-16/libc.a(rand.o)
 .bss           0x00001e2a        0x0 /usr/lib/gcc/msp430/4.6.3/mcpu-430x/mmpy-16/libgcc.a(_udivmod64.o)
 .bss           0x00001e2a        0x0 /usr/lib/gcc/msp430/4.6.3/mcpu-430x/mmpy-16/libcrt0.a(_reset_vector__.o)
 .bss           0x00001e2a        0x0 /usr/lib/gcc/msp430/4.6.3/mcpu-430x/mmpy-16/libcrt0.a(__watchdog_support.o)
 .bss           0x00001e2a        0x0 /usr/lib/gcc/msp430/4.6.3/mcpu-430x/mmpy-16/libcrt0.a(__init_stack.o)
 .bss           0x00001e2a        0x0 /usr/lib/gcc/msp430/4.6.3/mcpu-430x/mmpy-16/libcrt0.a(__low_level_init.o)
 .bss           0x00001e2a        0x0 /usr/lib/gcc/msp430/4.6.3/mcpu-430x/mmpy-16/libcrt0.a(_copy_data.o)
 .bss           0x00001e2a        0x0 /usr/lib/gcc/msp430/4.6.3/mcpu-430x/mmpy-16/libcrt0.a(_clear_bss.o)
 .bss           0x00001e2a        0x0 /usr/lib/gcc/msp430/4.6.3/mcpu-430x/mmpy-16/libcrt0.a(__stop_progExec__.o)
 .bss           0x00001e2a        0x0 /usr/lib/gcc/msp430/4.6.3/mcpu-430x/mmpy-16/libcrt0.a(_endless_loop__.o)
 .bss           0x00001e2a        0x0 /usr/lib/gcc/msp430/4.6.3/mcpu-430x/mmpy-16/libcrt0.a(_unexpected_.o)
 *(COMMON)
 COMMON         0x00001e2a        0x2 obj_z1/contiki-z1-main.o
                0x00001e2a                sensors_flags
 COMMON         0x00001e2c       0x10 contiki-z1.a(cc2420.o)
                0x00001e2c                cc2420_last_rssi
                0x00001e2e                cc2420_sfd_start_time
                0x00001e30                cc2420_time_of_departure
                0x00001e32                cc2420_time_of_arrival
                0x00001e34                cc2420_last_correlation
                0x00001e36                cc2420_authority_level_of_sender
                0x00001e38                cc2420_sfd_counter
                0x00001e3a                cc2420_sfd_end_time
 COMMON         0x00001e3c        0x8 contiki-z1.a(node-id.o)
                0x00001e3c                node_mac
 COMMON         0x00001e44        0x1 contiki-z1.a(sensors.o)
                0x00001e44                sensors_event
 *fill*         0x00001e45        0x1 00
 COMMON         0x00001e46        0x7 contiki-z1.a(adxl345.o)
                0x00001e46                accm_int2_cb
                0x00001e48                int2_event
                0x00001e4a                accm_int1_cb
                0x00001e4c                int1_event
 *fill*         0x00001e4d        0x1 00
 COMMON         0x00001e4e       0x56 contiki-z1.a(energest.o)
                0x00001e4e                energest_total_time
                0x00001e7e                energest_total_count
                0x00001e80                energest_current_mode
                0x00001e8c                energest_current_time
 COMMON         0x00001ea4        0x1 contiki-z1.a(process.o)
                0x00001ea4                process_maxevents
 COMMON         0x00001ea5        0x1 contiki-z1.a(serial-line.o)
                0x00001ea5                serial_line_event_message
 COMMON         0x00001ea6       0x38 contiki-z1.a(collect.o)
                0x00001ea6                stats
 COMMON         0x00001ede        0x2 contiki-z1.a(linkaddr.o)
                0x00001ede                linkaddr_node_addr
 COMMON         0x00001ee0       0x3c contiki-z1.a(packetbuf.o)
                0x00001ee0                packetbuf_addrs
                0x00001ee8                packetbuf_attrs
 COMMON         0x00001f1c       0x10 contiki-z1.a(i2cmaster.o)
                0x00001f1c                transmit_data1
                0x00001f1d                rx_byte_ctr
                0x00001f1e                tx_buf_ptr
                0x00001f20                tx_byte_ctr
                0x00001f22                i
                0x00001f24                receive_data
                0x00001f26                rx_buf
                0x00001f28                transmit_data2
                0x00001f2a                rx_buf_ptr
 COMMON         0x00001f2c        0x8 contiki-z1.a(compower.o)
                0x00001f2c                compower_idle_activity
                0x00001f34                . = ALIGN (0x2)
                0x00001f34                PROVIDE (__bss_end, .)
                0x00000d92                PROVIDE (__bss_size, SIZEOF (.bss))

.noinit         0x00001f34        0x2 load address 0x0000a0ea
                0x00001f34                PROVIDE (__noinit_start, .)
 *(.noinit .noinit.*)
 .noinit.crt0   0x00001f34        0x2 /usr/lib/gcc/msp430/4.6.3/mcpu-430x/mmpy-16/libcrt0.a(__watchdog_support.o)
                0x00001f34                __wdt_clear_value
                0x00001f36                . = ALIGN (0x2)
                0x00001f36                PROVIDE (__noinit_end, .)
                0x00001f36                . = ALIGN (0x2)
                0x00001f36                _end = .

.infomem        0x00001000        0x0
 *(.infomem)
                0x00001000                . = ALIGN (0x2)
 *(.infomem.*)

.infomemnobits  0x00001000        0x0
 *(.infomemnobits)
                0x00001000                . = ALIGN (0x2)
 *(.infomemnobits.*)

.infoa
 *(.infoa .infoa.*)

.infob
 *(.infob .infob.*)

.infoc
 *(.infoc .infoc.*)

.infod
 *(.infod .infod.*)

.vectors        0x0000ffc0       0x40
                0x0000ffc0                PROVIDE (__vectors_start, .)
 *(.vectors*)
 .vectors       0x0000ffc0       0x40 /usr/lib/gcc/msp430/4.6.3/mcpu-430x/mmpy-16/crt0ivtbl32.o
                0x0000ffc0                __ivtbl_32
                0x00010000                _vectors_end = .

.fartext        0x00010000        0x0
                0x00010000                . = ALIGN (0x2)
 *(.fartext)
                0x00010000                . = ALIGN (0x2)
 *(.fartext.*)
                0x00010000                _efartext = .

.profiler
 *(.profiler)

.stab           0x00000000    0x1fddc
 *(.stab)
 .stab          0x00000000     0x1488 sensor_temp_mqtt.co
 .stab          0x00001488     0x1068 obj_z1/contiki-z1-main.o
                               0x17c4 (size before relaxing)
 .stab          0x000024f0      0x240 contiki-z1.a(contiki-z1-plat)
                                0x5a0 (size before relaxing)
 .stab          0x00002730      0x4a4 contiki-z1.a(msp430.o)
                                0x7f8 (size before relaxing)
 .stab          0x00002bd4      0x5dc contiki-z1.a(leds.o)
                                0x828 (size before relaxing)
 .stab          0x000031b0      0x3fc contiki-z1.a(watchdog.o)
                                0x750 (size before relaxing)
 .stab          0x000035ac      0x9fc contiki-z1.a(xmem.o)
                                0xf3c (size before relaxing)
 .stab          0x00003fa8      0x288 contiki-z1.a(spi.o)
                                0x5dc (size before relaxing)
 .stab          0x00004230     0x2310 contiki-z1.a(cc2420.o)
                               0x2cc4 (size before relaxing)
 .stab          0x00006540      0x954 contiki-z1.a(cc2420-arch.o)
                               0x1380 (size before relaxing)
 .stab          0x00006e94      0x300 contiki-z1.a(node-id.o)
                                0x6d8 (size before relaxing)
 .stab          0x00007194      0x654 contiki-z1.a(sensors.o)
                                0xb70 (size before relaxing)
 .stab          0x000077e8      0x468 contiki-z1.a(button-sensor.o)
                                0x7d4 (size before relaxing)
 .stab          0x00007c50      0x51c contiki-z1.a(uart0.o)
                                0xa2c (size before relaxing)
 .stab          0x0000816c      0x264 contiki-z1.a(uart0-putchar.o)
                                0x78c (size before relaxing)
 .stab          0x000083d0      0x3fc contiki-z1.a(sht11-sensor.o)
                                0x948 (size before relaxing)
 .stab          0x000087cc      0x318 contiki-z1.a(light-sensor.o)
                                0x684 (size before relaxing)
 .stab          0x00008ae4      0x4f8 contiki-z1.a(sky-sensors.o)
                                0x864 (size before relaxing)
 .stab          0x00008fdc      0xb10 contiki-z1.a(adxl345.o)
                               0x1128 (size before relaxing)
 .stab          0x00009aec      0x948 contiki-z1.a(clock.o)
                                0xc9c (size before relaxing)
 .stab          0x0000a434      0x3a8 contiki-z1.a(leds-arch.o)
                                0x6fc (size before relaxing)
 .stab          0x0000a7dc      0x3cc contiki-z1.a(rtimer-arch.o)
                                0x720 (size before relaxing)
 .stab          0x0000aba8      0x294 contiki-z1.a(autostart.o)
                                0x534 (size before relaxing)
 .stab          0x0000ae3c      0x7a4 contiki-z1.a(ctimer.o)
                                0xb10 (size before relaxing)
 .stab          0x0000b5e0      0x474 contiki-z1.a(energest.o)
                                0x6fc (size before relaxing)
 .stab          0x0000ba54      0xa38 contiki-z1.a(etimer.o)
                                0xd08 (size before relaxing)
 .stab          0x0000c48c      0xb7c contiki-z1.a(process.o)
                               0x1014 (size before relaxing)
 .stab          0x0000d008      0x3d8 contiki-z1.a(rtimer.o)
                                0x6c0 (size before relaxing)
 .stab          0x0000d3e0      0x354 contiki-z1.a(timer.o)
                                0x594 (size before relaxing)
 .stab          0x0000d734      0x534 contiki-z1.a(serial-line.o)
                                0xa50 (size before relaxing)
 .stab          0x0000dc68      0x7f8 contiki-z1.a(list.o)
                                0x804 (size before relaxing)
 .stab          0x0000e460      0x228 contiki-z1.a(random.o)
                                0x624 (size before relaxing)
 .stab          0x0000e688      0x3fc contiki-z1.a(ringbuf.o)
                                0x63c (size before relaxing)
 .stab          0x0000ea84     0x23b8 contiki-z1.a(collect.o)
                               0x2c88 (size before relaxing)
 .stab          0x00010e3c      0x5e8 contiki-z1.a(collect-link-es)
                               0x1014 (size before relaxing)
 .stab          0x00011424      0xffc contiki-z1.a(collect-neighbo)
                               0x1a64 (size before relaxing)
 .stab          0x00012420      0x8ac contiki-z1.a(packetqueue.o)
                                0xf84 (size before relaxing)
 .stab          0x00012ccc      0xa44 contiki-z1.a(rime.o)
                               0x141c (size before relaxing)
 .stab          0x00013710      0x624 contiki-z1.a(unicast.o)
                               0x129c (size before relaxing)
 .stab          0x00013d34      0x2c4 contiki-z1.a(linkaddr.o)
                                0x6c0 (size before relaxing)
 .stab          0x00013ff8      0xda4 contiki-z1.a(packetbuf.o)
                               0x1bf0 (size before relaxing)
 .stab          0x00014d9c      0xa5c contiki-z1.a(queuebuf.o)
                               0x1890 (size before relaxing)
 .stab          0x000157f8      0xdc8 contiki-z1.a(csma.o)
                               0x15b4 (size before relaxing)
 .stab          0x000165c0      0x1f8 contiki-z1.a(mac.o)
                                0x4ec (size before relaxing)
 .stab          0x000167b8     0x16ec contiki-z1.a(contikimac.o)
                               0x22f8 (size before relaxing)
 .stab          0x00017ea4      0x6e4 contiki-z1.a(contikimac-fram)
                                0xf24 (size before relaxing)
 .stab          0x00018588      0x6a8 contiki-z1.a(nullsec.o)
                                0xda4 (size before relaxing)
 .stab          0x00018c30      0xbac contiki-z1.a(sht11.o)
                               0x10d4 (size before relaxing)
 .stab          0x000197dc      0x894 contiki-z1.a(i2cmaster.o)
                                0xbe8 (size before relaxing)
 .stab          0x0001a070      0x51c contiki-z1.a(compower.o)
                                0xd20 (size before relaxing)
 .stab          0x0001a58c      0x5c4 contiki-z1.a(memb.o)
                                0xaf8 (size before relaxing)
 .stab          0x0001ab50      0x66c contiki-z1.a(abc.o)
                               0x14a0 (size before relaxing)
 .stab          0x0001b1bc      0x6e4 contiki-z1.a(announcement.o)
                                0x984 (size before relaxing)
 .stab          0x0001b8a0      0x948 contiki-z1.a(broadcast-annou)
                               0x15c0 (size before relaxing)
 .stab          0x0001c1e8      0x6d8 contiki-z1.a(broadcast.o)
                               0x150c (size before relaxing)
 .stab          0x0001c8c0      0x5e8 contiki-z1.a(chameleon.o)
                               0x123c (size before relaxing)
 .stab          0x0001cea8      0x624 contiki-z1.a(channel.o)
                               0x129c (size before relaxing)
 .stab          0x0001d4cc      0x930 contiki-z1.a(framer-802154.o)
                                0xf6c (size before relaxing)
 .stab          0x0001ddfc      0x318 contiki-z1.a(framer.o)
                                0xc54 (size before relaxing)
 .stab          0x0001e114      0x618 contiki-z1.a(mac-sequence.o)
                               0x1464 (size before relaxing)
 .stab          0x0001e72c      0xd8c contiki-z1.a(chameleon-bitop)
                               0x1a04 (size before relaxing)
 .stab          0x0001f4b8      0x924 contiki-z1.a(frame802154.o)
                               0x10f8 (size before relaxing)

.stabstr        0x00000000    0x177c5
 *(.stabstr)
 .stabstr       0x00000000    0x177c5 sensor_temp_mqtt.co

.stab.excl
 *(.stab.excl)

.stab.exclstr
 *(.stab.exclstr)

.stab.index
 *(.stab.index)

.stab.indexstr
 *(.stab.indexstr)

.comment
 *(.comment)

.debug
 *(.debug)

.line
 *(.line)

.debug_srcinfo
 *(.debug_srcinfo)

.debug_sfnames
 *(.debug_sfnames)

.debug_aranges  0x00000000      0x190
 *(.debug_aranges)
 .debug_aranges
                0x00000000       0x14 /usr/lib/gcc/msp430/4.6.3/mcpu-430x/mmpy-16/libgcc.a(_mulsi3.o)
 .debug_aranges
                0x00000014       0x14 /usr/lib/gcc/msp430/4.6.3/mcpu-430x/mmpy-16/libgcc.a(_udivmod16.o)
 .debug_aranges
                0x00000028       0x14 /usr/lib/gcc/msp430/4.6.3/mcpu-430x/mmpy-16/libgcc.a(_divmod16.o)
 .debug_aranges
                0x0000003c       0x14 /usr/lib/gcc/msp430/4.6.3/mcpu-430x/mmpy-16/libgcc.a(_udivmod32.o)
 .debug_aranges
                0x00000050       0x14 /usr/lib/gcc/msp430/4.6.3/../../../../msp430/lib/mcpu-430x/mmpy-16/libc.a(strncmp.o)
 .debug_aranges
                0x00000064       0x14 /usr/lib/gcc/msp430/4.6.3/../../../../msp430/lib/mcpu-430x/mmpy-16/libc.a(memcmp.o)
 .debug_aranges
                0x00000078       0x14 /usr/lib/gcc/msp430/4.6.3/../../../../msp430/lib/mcpu-430x/mmpy-16/libc.a(memcpy.o)
 .debug_aranges
                0x0000008c       0x14 /usr/lib/gcc/msp430/4.6.3/../../../../msp430/lib/mcpu-430x/mmpy-16/libc.a(memset.o)
 .debug_aranges
                0x000000a0       0x14 /usr/lib/gcc/msp430/4.6.3/../../../../msp430/lib/mcpu-430x/mmpy-16/libc.a(printf.o)
 .debug_aranges
                0x000000b4       0x14 /usr/lib/gcc/msp430/4.6.3/../../../../msp430/lib/mcpu-430x/mmpy-16/libc.a(sprintf.o)
 .debug_aranges
                0x000000c8       0x14 /usr/lib/gcc/msp430/4.6.3/../../../../msp430/lib/mcpu-430x/mmpy-16/libc.a(vuprintf.o)
 .debug_aranges
                0x000000dc       0x14 /usr/lib/gcc/msp430/4.6.3/../../../../msp430/lib/mcpu-430x/mmpy-16/libc.a(puts.o)
 .debug_aranges
                0x000000f0       0x14 /usr/lib/gcc/msp430/4.6.3/../../../../msp430/lib/mcpu-430x/mmpy-16/libc.a(rand.o)
 .debug_aranges
                0x00000104       0x14 /usr/lib/gcc/msp430/4.6.3/mcpu-430x/mmpy-16/libgcc.a(_udivmod64.o)
 .debug_aranges
                0x00000118       0x14 /usr/lib/gcc/msp430/4.6.3/mcpu-430x/mmpy-16/libcrt0.a(__watchdog_support.o)
 .debug_aranges
                0x0000012c       0x14 /usr/lib/gcc/msp430/4.6.3/mcpu-430x/mmpy-16/libcrt0.a(__init_stack.o)
 .debug_aranges
                0x00000140       0x14 /usr/lib/gcc/msp430/4.6.3/mcpu-430x/mmpy-16/libcrt0.a(_copy_data.o)
 .debug_aranges
                0x00000154       0x14 /usr/lib/gcc/msp430/4.6.3/mcpu-430x/mmpy-16/libcrt0.a(_clear_bss.o)
 .debug_aranges
                0x00000168       0x14 /usr/lib/gcc/msp430/4.6.3/mcpu-430x/mmpy-16/libcrt0.a(_endless_loop__.o)
 .debug_aranges
                0x0000017c       0x14 /usr/lib/gcc/msp430/4.6.3/mcpu-430x/mmpy-16/libcrt0.a(_unexpected_.o)

.debug_pubnames
 *(.debug_pubnames)

.debug_info     0x00000000     0x171a
 *(.debug_info)
 .debug_info    0x00000000       0xe0 /usr/lib/gcc/msp430/4.6.3/mcpu-430x/mmpy-16/libgcc.a(_mulsi3.o)
 .debug_info    0x000000e0       0xe0 /usr/lib/gcc/msp430/4.6.3/mcpu-430x/mmpy-16/libgcc.a(_udivmod16.o)
 .debug_info    0x000001c0       0xe0 /usr/lib/gcc/msp430/4.6.3/mcpu-430x/mmpy-16/libgcc.a(_divmod16.o)
 .debug_info    0x000002a0       0xe0 /usr/lib/gcc/msp430/4.6.3/mcpu-430x/mmpy-16/libgcc.a(_udivmod32.o)
 .debug_info    0x00000380       0xbb /usr/lib/gcc/msp430/4.6.3/../../../../msp430/lib/mcpu-430x/mmpy-16/libc.a(strncmp.o)
 .debug_info    0x0000043b       0xe8 /usr/lib/gcc/msp430/4.6.3/../../../../msp430/lib/mcpu-430x/mmpy-16/libc.a(memcmp.o)
 .debug_info    0x00000523      0x113 /usr/lib/gcc/msp430/4.6.3/../../../../msp430/lib/mcpu-430x/mmpy-16/libc.a(memcpy.o)
 .debug_info    0x00000636       0xfe /usr/lib/gcc/msp430/4.6.3/../../../../msp430/lib/mcpu-430x/mmpy-16/libc.a(memset.o)
 .debug_info    0x00000734      0x105 /usr/lib/gcc/msp430/4.6.3/../../../../msp430/lib/mcpu-430x/mmpy-16/libc.a(printf.o)
 .debug_info    0x00000839      0x277 /usr/lib/gcc/msp430/4.6.3/../../../../msp430/lib/mcpu-430x/mmpy-16/libc.a(sprintf.o)
 .debug_info    0x00000ab0      0x565 /usr/lib/gcc/msp430/4.6.3/../../../../msp430/lib/mcpu-430x/mmpy-16/libc.a(vuprintf.o)
 .debug_info    0x00001015       0x96 /usr/lib/gcc/msp430/4.6.3/../../../../msp430/lib/mcpu-430x/mmpy-16/libc.a(puts.o)
 .debug_info    0x000010ab      0x13f /usr/lib/gcc/msp430/4.6.3/../../../../msp430/lib/mcpu-430x/mmpy-16/libc.a(rand.o)
 .debug_info    0x000011ea       0xe0 /usr/lib/gcc/msp430/4.6.3/mcpu-430x/mmpy-16/libgcc.a(_udivmod64.o)
 .debug_info    0x000012ca       0xb8 /usr/lib/gcc/msp430/4.6.3/mcpu-430x/mmpy-16/libcrt0.a(__watchdog_support.o)
 .debug_info    0x00001382       0xb8 /usr/lib/gcc/msp430/4.6.3/mcpu-430x/mmpy-16/libcrt0.a(__init_stack.o)
 .debug_info    0x0000143a       0xb8 /usr/lib/gcc/msp430/4.6.3/mcpu-430x/mmpy-16/libcrt0.a(_copy_data.o)
 .debug_info    0x000014f2       0xb8 /usr/lib/gcc/msp430/4.6.3/mcpu-430x/mmpy-16/libcrt0.a(_clear_bss.o)
 .debug_info    0x000015aa       0xb8 /usr/lib/gcc/msp430/4.6.3/mcpu-430x/mmpy-16/libcrt0.a(_endless_loop__.o)
 .debug_info    0x00001662       0xb8 /usr/lib/gcc/msp430/4.6.3/mcpu-430x/mmpy-16/libcrt0.a(_unexpected_.o)
 *(.gnu.linkonce.wi.*)

.debug_abbrev   0x00000000      0x83a
 *(.debug_abbrev)
 .debug_abbrev  0x00000000       0x14 /usr/lib/gcc/msp430/4.6.3/mcpu-430x/mmpy-16/libgcc.a(_mulsi3.o)
 .debug_abbrev  0x00000014       0x14 /usr/lib/gcc/msp430/4.6.3/mcpu-430x/mmpy-16/libgcc.a(_udivmod16.o)
 .debug_abbrev  0x00000028       0x14 /usr/lib/gcc/msp430/4.6.3/mcpu-430x/mmpy-16/libgcc.a(_divmod16.o)
 .debug_abbrev  0x0000003c       0x14 /usr/lib/gcc/msp430/4.6.3/mcpu-430x/mmpy-16/libgcc.a(_udivmod32.o)
 .debug_abbrev  0x00000050       0x7c /usr/lib/gcc/msp430/4.6.3/../../../../msp430/lib/mcpu-430x/mmpy-16/libc.a(strncmp.o)
 .debug_abbrev  0x000000cc       0x9b /usr/lib/gcc/msp430/4.6.3/../../../../msp430/lib/mcpu-430x/mmpy-16/libc.a(memcmp.o)
 .debug_abbrev  0x00000167       0x97 /usr/lib/gcc/msp430/4.6.3/../../../../msp430/lib/mcpu-430x/mmpy-16/libc.a(memcpy.o)
 .debug_abbrev  0x000001fe       0x9c /usr/lib/gcc/msp430/4.6.3/../../../../msp430/lib/mcpu-430x/mmpy-16/libc.a(memset.o)
 .debug_abbrev  0x0000029a       0xd0 /usr/lib/gcc/msp430/4.6.3/../../../../msp430/lib/mcpu-430x/mmpy-16/libc.a(printf.o)
 .debug_abbrev  0x0000036a      0x105 /usr/lib/gcc/msp430/4.6.3/../../../../msp430/lib/mcpu-430x/mmpy-16/libc.a(sprintf.o)
 .debug_abbrev  0x0000046f      0x1ef /usr/lib/gcc/msp430/4.6.3/../../../../msp430/lib/mcpu-430x/mmpy-16/libc.a(vuprintf.o)
 .debug_abbrev  0x0000065e       0x60 /usr/lib/gcc/msp430/4.6.3/../../../../msp430/lib/mcpu-430x/mmpy-16/libc.a(puts.o)
 .debug_abbrev  0x000006be       0xf0 /usr/lib/gcc/msp430/4.6.3/../../../../msp430/lib/mcpu-430x/mmpy-16/libc.a(rand.o)
 .debug_abbrev  0x000007ae       0x14 /usr/lib/gcc/msp430/4.6.3/mcpu-430x/mmpy-16/libgcc.a(_udivmod64.o)
 .debug_abbrev  0x000007c2       0x14 /usr/lib/gcc/msp430/4.6.3/mcpu-430x/mmpy-16/libcrt0.a(__watchdog_support.o)
 .debug_abbrev  0x000007d6       0x14 /usr/lib/gcc/msp430/4.6.3/mcpu-430x/mmpy-16/libcrt0.a(__init_stack.o)
 .debug_abbrev  0x000007ea       0x14 /usr/lib/gcc/msp430/4.6.3/mcpu-430x/mmpy-16/libcrt0.a(_copy_data.o)
 .debug_abbrev  0x000007fe       0x14 /usr/lib/gcc/msp430/4.6.3/mcpu-430x/mmpy-16/libcrt0.a(_clear_bss.o)
 .debug_abbrev  0x00000812       0x14 /usr/lib/gcc/msp430/4.6.3/mcpu-430x/mmpy-16/libcrt0.a(_endless_loop__.o)
 .debug_abbrev  0x00000826       0x14 /usr/lib/gcc/msp430/4.6.3/mcpu-430x/mmpy-16/libcrt0.a(_unexpected_.o)

.debug_line     0x00000000      0xd8d
 *(.debug_line)
 .debug_line    0x00000000       0xa2 /usr/lib/gcc/msp430/4.6.3/mcpu-430x/mmpy-16/libgcc.a(_mulsi3.o)
 .debug_line    0x000000a2       0x9c /usr/lib/gcc/msp430/4.6.3/mcpu-430x/mmpy-16/libgcc.a(_udivmod16.o)
 .debug_line    0x0000013e       0xa7 /usr/lib/gcc/msp430/4.6.3/mcpu-430x/mmpy-16/libgcc.a(_divmod16.o)
 .debug_line    0x000001e5       0xa7 /usr/lib/gcc/msp430/4.6.3/mcpu-430x/mmpy-16/libgcc.a(_udivmod32.o)
 .debug_line    0x0000028c       0x75 /usr/lib/gcc/msp430/4.6.3/../../../../msp430/lib/mcpu-430x/mmpy-16/libc.a(strncmp.o)
 .debug_line    0x00000301       0x73 /usr/lib/gcc/msp430/4.6.3/../../../../msp430/lib/mcpu-430x/mmpy-16/libc.a(memcmp.o)
 .debug_line    0x00000374       0xe9 /usr/lib/gcc/msp430/4.6.3/../../../../msp430/lib/mcpu-430x/mmpy-16/libc.a(memcpy.o)
 .debug_line    0x0000045d       0xc8 /usr/lib/gcc/msp430/4.6.3/../../../../msp430/lib/mcpu-430x/mmpy-16/libc.a(memset.o)
 .debug_line    0x00000525       0x72 /usr/lib/gcc/msp430/4.6.3/../../../../msp430/lib/mcpu-430x/mmpy-16/libc.a(printf.o)
 .debug_line    0x00000597       0x9c /usr/lib/gcc/msp430/4.6.3/../../../../msp430/lib/mcpu-430x/mmpy-16/libc.a(sprintf.o)
 .debug_line    0x00000633      0x2ce /usr/lib/gcc/msp430/4.6.3/../../../../msp430/lib/mcpu-430x/mmpy-16/libc.a(vuprintf.o)
 .debug_line    0x00000901       0x4d /usr/lib/gcc/msp430/4.6.3/../../../../msp430/lib/mcpu-430x/mmpy-16/libc.a(puts.o)
 .debug_line    0x0000094e       0x4f /usr/lib/gcc/msp430/4.6.3/../../../../msp430/lib/mcpu-430x/mmpy-16/libc.a(rand.o)
 .debug_line    0x0000099d       0xd5 /usr/lib/gcc/msp430/4.6.3/mcpu-430x/mmpy-16/libgcc.a(_udivmod64.o)
 .debug_line    0x00000a72       0x84 /usr/lib/gcc/msp430/4.6.3/mcpu-430x/mmpy-16/libcrt0.a(__watchdog_support.o)
 .debug_line    0x00000af6       0x82 /usr/lib/gcc/msp430/4.6.3/mcpu-430x/mmpy-16/libcrt0.a(__init_stack.o)
 .debug_line    0x00000b78       0x88 /usr/lib/gcc/msp430/4.6.3/mcpu-430x/mmpy-16/libcrt0.a(_copy_data.o)
 .debug_line    0x00000c00       0x88 /usr/lib/gcc/msp430/4.6.3/mcpu-430x/mmpy-16/libcrt0.a(_clear_bss.o)
 .debug_line    0x00000c88       0x83 /usr/lib/gcc/msp430/4.6.3/mcpu-430x/mmpy-16/libcrt0.a(_endless_loop__.o)
 .debug_line    0x00000d0b       0x82 /usr/lib/gcc/msp430/4.6.3/mcpu-430x/mmpy-16/libcrt0.a(_unexpected_.o)

.debug_frame    0x00000000      0x210
 *(.debug_frame)
 .debug_frame   0x00000000       0x24 /usr/lib/gcc/msp430/4.6.3/../../../../msp430/lib/mcpu-430x/mmpy-16/libc.a(strncmp.o)
 .debug_frame   0x00000024       0x24 /usr/lib/gcc/msp430/4.6.3/../../../../msp430/lib/mcpu-430x/mmpy-16/libc.a(memcmp.o)
 .debug_frame   0x00000048       0x2c /usr/lib/gcc/msp430/4.6.3/../../../../msp430/lib/mcpu-430x/mmpy-16/libc.a(memcpy.o)
 .debug_frame   0x00000074       0x2a /usr/lib/gcc/msp430/4.6.3/../../../../msp430/lib/mcpu-430x/mmpy-16/libc.a(memset.o)
 .debug_frame   0x0000009e       0x2a /usr/lib/gcc/msp430/4.6.3/../../../../msp430/lib/mcpu-430x/mmpy-16/libc.a(printf.o)
 .debug_frame   0x000000c8       0x64 /usr/lib/gcc/msp430/4.6.3/../../../../msp430/lib/mcpu-430x/mmpy-16/libc.a(sprintf.o)
 .debug_frame   0x0000012c       0x84 /usr/lib/gcc/msp430/4.6.3/../../../../msp430/lib/mcpu-430x/mmpy-16/libc.a(vuprintf.o)
 .debug_frame   0x000001b0       0x24 /usr/lib/gcc/msp430/4.6.3/../../../../msp430/lib/mcpu-430x/mmpy-16/libc.a(puts.o)
 .debug_frame   0x000001d4       0x3c /usr/lib/gcc/msp430/4.6.3/../../../../msp430/lib/mcpu-430x/mmpy-16/libc.a(rand.o)

.debug_str      0x00000000      0x441
 *(.debug_str)
 .debug_str     0x00000000       0xc4 /usr/lib/gcc/msp430/4.6.3/../../../../msp430/lib/mcpu-430x/mmpy-16/libc.a(strncmp.o)
                                 0xfd (size before relaxing)
 .debug_str     0x000000c4       0x19 /usr/lib/gcc/msp430/4.6.3/../../../../msp430/lib/mcpu-430x/mmpy-16/libc.a(memcmp.o)
                                 0xfb (size before relaxing)
 .debug_str     0x000000dd       0x34 /usr/lib/gcc/msp430/4.6.3/../../../../msp430/lib/mcpu-430x/mmpy-16/libc.a(memcpy.o)
                                0x116 (size before relaxing)
 .debug_str     0x00000111       0x26 /usr/lib/gcc/msp430/4.6.3/../../../../msp430/lib/mcpu-430x/mmpy-16/libc.a(memset.o)
                                0x114 (size before relaxing)
 .debug_str     0x00000137       0x40 /usr/lib/gcc/msp430/4.6.3/../../../../msp430/lib/mcpu-430x/mmpy-16/libc.a(printf.o)
                                0x12a (size before relaxing)
 .debug_str     0x00000177       0x6e /usr/lib/gcc/msp430/4.6.3/../../../../msp430/lib/mcpu-430x/mmpy-16/libc.a(sprintf.o)
                                0x18f (size before relaxing)
 .debug_str     0x000001e5      0x218 /usr/lib/gcc/msp430/4.6.3/../../../../msp430/lib/mcpu-430x/mmpy-16/libc.a(vuprintf.o)
                                0x375 (size before relaxing)
 .debug_str     0x000003fd       0x15 /usr/lib/gcc/msp430/4.6.3/../../../../msp430/lib/mcpu-430x/mmpy-16/libc.a(puts.o)
                                 0xf0 (size before relaxing)
 .debug_str     0x00000412       0x2f /usr/lib/gcc/msp430/4.6.3/../../../../msp430/lib/mcpu-430x/mmpy-16/libc.a(rand.o)
                                0x10f (size before relaxing)

.debug_loc      0x00000000      0xb30
 *(.debug_loc)
 .debug_loc     0x00000000       0x38 /usr/lib/gcc/msp430/4.6.3/../../../../msp430/lib/mcpu-430x/mmpy-16/libc.a(strncmp.o)
 .debug_loc     0x00000038       0x5e /usr/lib/gcc/msp430/4.6.3/../../../../msp430/lib/mcpu-430x/mmpy-16/libc.a(memcmp.o)
 .debug_loc     0x00000096      0x1d0 /usr/lib/gcc/msp430/4.6.3/../../../../msp430/lib/mcpu-430x/mmpy-16/libc.a(memcpy.o)
 .debug_loc     0x00000266       0xc3 /usr/lib/gcc/msp430/4.6.3/../../../../msp430/lib/mcpu-430x/mmpy-16/libc.a(memset.o)
 .debug_loc     0x00000329       0x38 /usr/lib/gcc/msp430/4.6.3/../../../../msp430/lib/mcpu-430x/mmpy-16/libc.a(printf.o)
 .debug_loc     0x00000361       0xe3 /usr/lib/gcc/msp430/4.6.3/../../../../msp430/lib/mcpu-430x/mmpy-16/libc.a(sprintf.o)
 .debug_loc     0x00000444      0x697 /usr/lib/gcc/msp430/4.6.3/../../../../msp430/lib/mcpu-430x/mmpy-16/libc.a(vuprintf.o)
 .debug_loc     0x00000adb       0x26 /usr/lib/gcc/msp430/4.6.3/../../../../msp430/lib/mcpu-430x/mmpy-16/libc.a(puts.o)
 .debug_loc     0x00000b01       0x2f /usr/lib/gcc/msp430/4.6.3/../../../../msp430/lib/mcpu-430x/mmpy-16/libc.a(rand.o)

.debug_macinfo
 *(.debug_macinfo)

.debug_pubtypes
 *(.debug_pubtypes)

.debug_ranges   0x00000000       0x18
 *(.debug_ranges)
 .debug_ranges  0x00000000       0x18 /usr/lib/gcc/msp430/4.6.3/../../../../msp430/lib/mcpu-430x/mmpy-16/libc.a(vuprintf.o)
                0x00003100                PROVIDE (__stack, (ORIGIN (ram) + 0x2000))
                0x0000a048                PROVIDE (__data_start_rom, _etext)
                0x0000a0ea                PROVIDE (__data_end_rom, (_etext + SIZEOF (.data)))
OUTPUT(sensor_temp_mqtt.z1 elf32-msp430)
