Archive member included because of file (symbol)

contiki-z1.a(contiki-z1-plat)
                              obj_z1/contiki-z1-main.o (init_platform)
contiki-z1.a(msp430.o)        obj_z1/contiki-z1-main.o (splhigh_)
contiki-z1.a(leds.o)          obj_z1/contiki-z1-main.o (leds_init)
contiki-z1.a(watchdog.o)      obj_z1/contiki-z1-main.o (watchdog_start)
contiki-z1.a(xmem.o)          obj_z1/contiki-z1-main.o (xmem_init)
contiki-z1.a(spi.o)           contiki-z1.a(xmem.o) (spi_init)
contiki-z1.a(cc2420.o)        obj_z1/contiki-z1-main.o (cc2420_set_pan_addr)
contiki-z1.a(cc2420-arch.o)   contiki-z1.a(cc2420.o) (cc2420_arch_init)
contiki-z1.a(node-id.o)       obj_z1/contiki-z1-main.o (node_id_restore)
contiki-z1.a(sensors.o)       contiki-z1.a(contiki-z1-plat) (sensors_process)
contiki-z1.a(button-sensor.o)
                              obj_z1/contiki-z1-main.o (button_sensor)
contiki-z1.a(uart0.o)         obj_z1/contiki-z1-main.o (uart0_active)
contiki-z1.a(uart0-putchar.o)
                              obj_z1/contiki-z1-main.o (putchar)
contiki-z1.a(sht11-sensor.o)  sensor_temp_mqtt.co (sht11_sensor)
contiki-z1.a(light-sensor.o)  sensor_temp_mqtt.co (light_sensor)
contiki-z1.a(sky-sensors.o)   contiki-z1.a(light-sensor.o) (sky_sensors_status)
contiki-z1.a(adxl345.o)       obj_z1/contiki-z1-main.o (accm_init)
contiki-z1.a(clock.o)         obj_z1/contiki-z1-main.o (clock_init)
contiki-z1.a(leds-arch.o)     contiki-z1.a(leds.o) (leds_arch_init)
contiki-z1.a(rtimer-arch.o)   obj_z1/contiki-z1-main.o (rtimer_arch_now)
contiki-z1.a(autostart.o)     obj_z1/contiki-z1-main.o (autostart_start)
contiki-z1.a(ctimer.o)        obj_z1/contiki-z1-main.o (ctimer_init)
contiki-z1.a(energest.o)      obj_z1/contiki-z1-main.o (energest_init)
contiki-z1.a(etimer.o)        contiki-z1.a(clock.o) (etimer_request_poll)
contiki-z1.a(process.o)       contiki-z1.a(ctimer.o) (process_current)
contiki-z1.a(rtimer.o)        obj_z1/contiki-z1-main.o (rtimer_init)
contiki-z1.a(timer.o)         contiki-z1.a(button-sensor.o) (timer_set)
contiki-z1.a(serial-line.o)   obj_z1/contiki-z1-main.o (serial_line_input_byte)
contiki-z1.a(list.o)          contiki-z1.a(ctimer.o) (list_init)
contiki-z1.a(ringbuf.o)       contiki-z1.a(serial-line.o) (ringbuf_init)
contiki-z1.a(rime.o)          obj_z1/contiki-z1-main.o (rime_driver)
contiki-z1.a(unicast.o)       sensor_temp_mqtt.co (unicast_open)
contiki-z1.a(linkaddr.o)      obj_z1/contiki-z1-main.o (linkaddr_copy)
contiki-z1.a(packetbuf.o)     contiki-z1.a(rime.o) (packetbuf_compact)
contiki-z1.a(queuebuf.o)      contiki-z1.a(rime.o) (queuebuf_init)
contiki-z1.a(csma.o)          obj_z1/contiki-z1-main.o (csma_driver)
contiki-z1.a(mac.o)           contiki-z1.a(csma.o) (mac_call_sent_callback)
contiki-z1.a(contikimac.o)    obj_z1/contiki-z1-main.o (contikimac_driver)
contiki-z1.a(contikimac-fram)
                              contiki-z1.a(contikimac.o) (contikimac_framer)
contiki-z1.a(nullsec.o)       contiki-z1.a(rime.o) (nullsec_driver)
contiki-z1.a(sht11.o)         contiki-z1.a(sht11-sensor.o) (sht11_init)
contiki-z1.a(i2cmaster.o)     contiki-z1.a(adxl345.o) (i2c_receiveinit)
contiki-z1.a(compower.o)      contiki-z1.a(contikimac.o) (compower_accumulate)
contiki-z1.a(memb.o)          contiki-z1.a(queuebuf.o) (memb_init)
contiki-z1.a(random.o)        contiki-z1.a(csma.o) (random_rand)
contiki-z1.a(abc.o)           contiki-z1.a(rime.o) (abc_input)
contiki-z1.a(announcement.o)  contiki-z1.a(rime.o) (announcement_init)
contiki-z1.a(broadcast-annou)
                              contiki-z1.a(rime.o) (broadcast_announcement_init)
contiki-z1.a(broadcast.o)     contiki-z1.a(unicast.o) (broadcast_open)
contiki-z1.a(chameleon.o)     contiki-z1.a(rime.o) (chameleon_init)
contiki-z1.a(channel.o)       contiki-z1.a(chameleon.o) (channel_init)
contiki-z1.a(framer-802154.o)
                              contiki-z1.a(contikimac-fram) (framer_802154)
contiki-z1.a(framer.o)        contiki-z1.a(framer-802154.o) (framer_canonical_create_and_secure)
contiki-z1.a(mac-sequence.o)  contiki-z1.a(contikimac.o) (mac_sequence_is_duplicate)
contiki-z1.a(chameleon-bitop)
                              contiki-z1.a(chameleon.o) (chameleon_bitopt)
contiki-z1.a(frame802154.o)   contiki-z1.a(framer-802154.o) (frame802154_hdrlen)
/usr/lib/gcc/msp430/4.6.3/mcpu-430x/mmpy-16/libgcc.a(_mulsi3.o)
                              contiki-z1.a(csma.o) (__mulsi3)
/usr/lib/gcc/msp430/4.6.3/mcpu-430x/mmpy-16/libgcc.a(_divmod16.o)
                              sensor_temp_mqtt.co (__divhi3)
/usr/lib/gcc/msp430/4.6.3/mcpu-430x/mmpy-16/libgcc.a(_udivmod32.o)
                              obj_z1/contiki-z1-main.o (__udivsi3)
/usr/lib/gcc/msp430/4.6.3/mcpu-430x/mmpy-16/libgcc.a(_udivmod16.o)
                              /usr/lib/gcc/msp430/4.6.3/mcpu-430x/mmpy-16/libgcc.a(_divmod16.o) (__ext_udivmod16)
/usr/lib/gcc/msp430/4.6.3/../../../../msp430/lib/mcpu-430x/mmpy-16/libc.a(strncmp.o)
                              contiki-z1.a(sensors.o) (strncmp)
/usr/lib/gcc/msp430/4.6.3/../../../../msp430/lib/mcpu-430x/mmpy-16/libc.a(memcmp.o)
                              contiki-z1.a(linkaddr.o) (memcmp)
/usr/lib/gcc/msp430/4.6.3/../../../../msp430/lib/mcpu-430x/mmpy-16/libc.a(memcpy.o)
                              contiki-z1.a(node-id.o) (memcpy)
/usr/lib/gcc/msp430/4.6.3/../../../../msp430/lib/mcpu-430x/mmpy-16/libc.a(memset.o)
                              obj_z1/contiki-z1-main.o (memset)
/usr/lib/gcc/msp430/4.6.3/../../../../msp430/lib/mcpu-430x/mmpy-16/libc.a(strtok.o)
                              sensor_temp_mqtt.co (strtok)
/usr/lib/gcc/msp430/4.6.3/../../../../msp430/lib/mcpu-430x/mmpy-16/libc.a(atoi.o)
                              sensor_temp_mqtt.co (atoi)
/usr/lib/gcc/msp430/4.6.3/../../../../msp430/lib/mcpu-430x/mmpy-16/libc.a(printf.o)
                              sensor_temp_mqtt.co (printf)
/usr/lib/gcc/msp430/4.6.3/../../../../msp430/lib/mcpu-430x/mmpy-16/libc.a(sprintf.o)
                              sensor_temp_mqtt.co (sprintf)
/usr/lib/gcc/msp430/4.6.3/../../../../msp430/lib/mcpu-430x/mmpy-16/libc.a(vuprintf.o)
                              /usr/lib/gcc/msp430/4.6.3/../../../../msp430/lib/mcpu-430x/mmpy-16/libc.a(printf.o) (vuprintf)
/usr/lib/gcc/msp430/4.6.3/../../../../msp430/lib/mcpu-430x/mmpy-16/libc.a(puts.o)
                              sensor_temp_mqtt.co (puts)
/usr/lib/gcc/msp430/4.6.3/../../../../msp430/lib/mcpu-430x/mmpy-16/libc.a(rand.o)
                              sensor_temp_mqtt.co (rand)
/usr/lib/gcc/msp430/4.6.3/mcpu-430x/mmpy-16/libgcc.a(_udivmod64.o)
                              /usr/lib/gcc/msp430/4.6.3/../../../../msp430/lib/mcpu-430x/mmpy-16/libc.a(vuprintf.o) (__udivdi3)
/usr/lib/gcc/msp430/4.6.3/mcpu-430x/mmpy-16/libcrt0.a(_reset_vector__.o)
                              /usr/lib/gcc/msp430/4.6.3/mcpu-430x/mmpy-16/crt0ivtbl32.o (_reset_vector__)
/usr/lib/gcc/msp430/4.6.3/mcpu-430x/mmpy-16/libcrt0.a(__watchdog_support.o)
                              /usr/lib/gcc/msp430/4.6.3/mcpu-430x/mmpy-16/libcrt0.a(_reset_vector__.o) (__watchdog_support)
/usr/lib/gcc/msp430/4.6.3/mcpu-430x/mmpy-16/libcrt0.a(__init_stack.o)
                              /usr/lib/gcc/msp430/4.6.3/mcpu-430x/mmpy-16/libcrt0.a(_reset_vector__.o) (__init_stack)
/usr/lib/gcc/msp430/4.6.3/mcpu-430x/mmpy-16/libcrt0.a(__low_level_init.o)
                              /usr/lib/gcc/msp430/4.6.3/mcpu-430x/mmpy-16/libcrt0.a(_reset_vector__.o) (__low_level_init)
/usr/lib/gcc/msp430/4.6.3/mcpu-430x/mmpy-16/libcrt0.a(_copy_data.o)
                              /usr/lib/gcc/msp430/4.6.3/mcpu-430x/mmpy-16/libcrt0.a(_reset_vector__.o) (__do_copy_data)
/usr/lib/gcc/msp430/4.6.3/mcpu-430x/mmpy-16/libcrt0.a(_clear_bss.o)
                              /usr/lib/gcc/msp430/4.6.3/mcpu-430x/mmpy-16/libcrt0.a(_reset_vector__.o) (__do_clear_bss)
/usr/lib/gcc/msp430/4.6.3/mcpu-430x/mmpy-16/libcrt0.a(__stop_progExec__.o)
                              /usr/lib/gcc/msp430/4.6.3/mcpu-430x/mmpy-16/libcrt0.a(_reset_vector__.o) (__stop_progExec__)
/usr/lib/gcc/msp430/4.6.3/mcpu-430x/mmpy-16/libcrt0.a(_endless_loop__.o)
                              /usr/lib/gcc/msp430/4.6.3/mcpu-430x/mmpy-16/libcrt0.a(_reset_vector__.o) (_endless_loop__)
/usr/lib/gcc/msp430/4.6.3/mcpu-430x/mmpy-16/libcrt0.a(_unexpected_.o)
                              /usr/lib/gcc/msp430/4.6.3/mcpu-430x/mmpy-16/crt0ivtbl32.o (_unexpected_)

Allocating common symbols
Common symbol       size              file

compower_idle_activity
                    0x8               contiki-z1.a(compower.o)
energest_total_time
                    0x30              contiki-z1.a(energest.o)
cc2420_last_rssi    0x1               contiki-z1.a(cc2420.o)
accm_int2_cb        0x2               contiki-z1.a(adxl345.o)
energest_total_count
                    0x2               contiki-z1.a(energest.o)
cc2420_sfd_start_time
                    0x2               contiki-z1.a(cc2420.o)
cc2420_time_of_departure
                    0x2               contiki-z1.a(cc2420.o)
cc2420_time_of_arrival
                    0x2               contiki-z1.a(cc2420.o)
energest_current_mode
                    0xc               contiki-z1.a(energest.o)
packetbuf_addrs     0x8               contiki-z1.a(packetbuf.o)
process_maxevents   0x1               contiki-z1.a(process.o)
transmit_data1      0x1               contiki-z1.a(i2cmaster.o)
rx_byte_ctr         0x1               contiki-z1.a(i2cmaster.o)
int2_event          0x1               contiki-z1.a(adxl345.o)
tx_buf_ptr          0x2               contiki-z1.a(i2cmaster.o)
tx_byte_ctr         0x1               contiki-z1.a(i2cmaster.o)
cc2420_last_correlation
                    0x1               contiki-z1.a(cc2420.o)
linkaddr_node_addr  0x2               contiki-z1.a(linkaddr.o)
accm_int1_cb        0x2               contiki-z1.a(adxl345.o)
cc2420_authority_level_of_sender
                    0x2               contiki-z1.a(cc2420.o)
i                   0x2               contiki-z1.a(i2cmaster.o)
packetbuf_attrs     0x34              contiki-z1.a(packetbuf.o)
receive_data        0x1               contiki-z1.a(i2cmaster.o)
cc2420_sfd_counter  0x1               contiki-z1.a(cc2420.o)
rx_buf              0x2               contiki-z1.a(i2cmaster.o)
node_mac            0x8               contiki-z1.a(node-id.o)
transmit_data2      0x1               contiki-z1.a(i2cmaster.o)
energest_current_time
                    0x18              contiki-z1.a(energest.o)
rx_buf_ptr          0x2               contiki-z1.a(i2cmaster.o)
sensors_flags       0x2               obj_z1/contiki-z1-main.o
serial_line_event_message
                    0x1               contiki-z1.a(serial-line.o)
int1_event          0x1               contiki-z1.a(adxl345.o)
cc2420_sfd_end_time
                    0x2               contiki-z1.a(cc2420.o)
sensors_event       0x1               contiki-z1.a(sensors.o)

Memory Configuration

Name             Origin             Length             Attributes
sfr              0x00000000         0x00000010
peripheral_8bit  0x00000010         0x000000f0
peripheral_16bit 0x00000100         0x00000100
ram_mirror       0x00000200         0x00000800         xw
infomem          0x00001000         0x00000100
infod            0x00001000         0x00000040
infoc            0x00001040         0x00000040
infob            0x00001080         0x00000040
infoa            0x000010c0         0x00000040
ram              0x00001100         0x00002000         xw
rom              0x00003100         0x0000cebe         xr
vectors          0x0000ffc0         0x00000040
far_rom          0x00010000         0x0000a000
bsl              0x00000000         0x00000000
ram2             0x00000000         0x00000000         xw
usbram           0x00000000         0x00000000         xw
*default*        0x00000000         0xffffffff

Linker script and memory map

LOAD /usr/lib/gcc/msp430/4.6.3/mcpu-430x/mmpy-16/crt0ivtbl32.o
                0x00000041                __P1SEL2 = 0x41
                0x00000045                __P5SEL2 = 0x45
LOAD sensor_temp_mqtt.co
LOAD obj_z1/contiki-z1-main.o
LOAD contiki-z1.a
LOAD /usr/lib/gcc/msp430/4.6.3/mcpu-430x/mmpy-16/libgcc.a
LOAD /usr/lib/gcc/msp430/4.6.3/../../../../msp430/lib/mcpu-430x/mmpy-16/libc.a
LOAD /usr/lib/gcc/msp430/4.6.3/mcpu-430x/mmpy-16/libgcc.a
LOAD /usr/lib/gcc/msp430/4.6.3/mcpu-430x/mmpy-16/libcrt0.a
                0x00000040                PROVIDE (__info_segment_size, 0x40)
                0x00001000                PROVIDE (__infod, 0x1000)
                0x00001040                PROVIDE (__infoc, 0x1040)
                0x00001080                PROVIDE (__infob, 0x1080)
                0x000010c0                PROVIDE (__infoa, 0x10c0)
                0x00000000                __IE1 = 0x0
                0x00000002                __IFG1 = 0x2
                0x00000001                __IE2 = 0x1
                0x00000003                __IFG2 = 0x3
                0x00000006                __UC1IE = 0x6
                0x00000007                __UC1IFG = 0x7
                0x000001a0                __ADC12CTL0 = 0x1a0
                0x000001a2                __ADC12CTL1 = 0x1a2
                0x000001a4                __ADC12IFG = 0x1a4
                0x000001a6                __ADC12IE = 0x1a6
                0x000001a8                __ADC12IV = 0x1a8
                0x00000140                __ADC12MEM0 = 0x140
                0x00000142                __ADC12MEM1 = 0x142
                0x00000144                __ADC12MEM2 = 0x144
                0x00000146                __ADC12MEM3 = 0x146
                0x00000148                __ADC12MEM4 = 0x148
                0x0000014a                __ADC12MEM5 = 0x14a
                0x0000014c                __ADC12MEM6 = 0x14c
                0x0000014e                __ADC12MEM7 = 0x14e
                0x00000150                __ADC12MEM8 = 0x150
                0x00000152                __ADC12MEM9 = 0x152
                0x00000154                __ADC12MEM10 = 0x154
                0x00000156                __ADC12MEM11 = 0x156
                0x00000158                __ADC12MEM12 = 0x158
                0x0000015a                __ADC12MEM13 = 0x15a
                0x0000015c                __ADC12MEM14 = 0x15c
                0x0000015e                __ADC12MEM15 = 0x15e
                0x00000080                __ADC12MCTL0 = 0x80
                0x00000081                __ADC12MCTL1 = 0x81
                0x00000082                __ADC12MCTL2 = 0x82
                0x00000083                __ADC12MCTL3 = 0x83
                0x00000084                __ADC12MCTL4 = 0x84
                0x00000085                __ADC12MCTL5 = 0x85
                0x00000086                __ADC12MCTL6 = 0x86
                0x00000087                __ADC12MCTL7 = 0x87
                0x00000088                __ADC12MCTL8 = 0x88
                0x00000089                __ADC12MCTL9 = 0x89
                0x0000008a                __ADC12MCTL10 = 0x8a
                0x0000008b                __ADC12MCTL11 = 0x8b
                0x0000008c                __ADC12MCTL12 = 0x8c
                0x0000008d                __ADC12MCTL13 = 0x8d
                0x0000008e                __ADC12MCTL14 = 0x8e
                0x0000008f                __ADC12MCTL15 = 0x8f
                0x00000056                __DCOCTL = 0x56
                0x00000057                __BCSCTL1 = 0x57
                0x00000058                __BCSCTL2 = 0x58
                0x00000053                __BCSCTL3 = 0x53
                0x00000059                __CACTL1 = 0x59
                0x0000005a                __CACTL2 = 0x5a
                0x0000005b                __CAPD = 0x5b
                0x000001c0                __DAC12_0CTL = 0x1c0
                0x000001c2                __DAC12_1CTL = 0x1c2
                0x000001c8                __DAC12_0DAT = 0x1c8
                0x000001ca                __DAC12_1DAT = 0x1ca
                0x00000122                __DMACTL0 = 0x122
                0x00000124                __DMACTL1 = 0x124
                0x00000126                __DMAIV = 0x126
                0x000001d0                __DMA0CTL = 0x1d0
                0x000001dc                __DMA1CTL = 0x1dc
                0x000001e8                __DMA2CTL = 0x1e8
                0x000001d2                __DMA0SA = 0x1d2
                0x000001d2                __DMA0SAL = 0x1d2
                0x000001d6                __DMA0DA = 0x1d6
                0x000001d6                __DMA0DAL = 0x1d6
                0x000001da                __DMA0SZ = 0x1da
                0x000001de                __DMA1SA = 0x1de
                0x000001de                __DMA1SAL = 0x1de
                0x000001e2                __DMA1DA = 0x1e2
                0x000001e2                __DMA1DAL = 0x1e2
                0x000001e6                __DMA1SZ = 0x1e6
                0x000001ea                __DMA2SA = 0x1ea
                0x000001ea                __DMA2SAL = 0x1ea
                0x000001ee                __DMA2DA = 0x1ee
                0x000001ee                __DMA2DAL = 0x1ee
                0x000001f2                __DMA2SZ = 0x1f2
                0x00000128                __FCTL1 = 0x128
                0x0000012a                __FCTL2 = 0x12a
                0x0000012c                __FCTL3 = 0x12c
                0x000001be                __FCTL4 = 0x1be
                0x00000130                __MPY = 0x130
                0x00000132                __MPYS = 0x132
                0x00000134                __MAC = 0x134
                0x00000136                __MACS = 0x136
                0x00000138                __OP2 = 0x138
                0x0000013a                __RESLO = 0x13a
                0x0000013c                __RESHI = 0x13c
                0x0000013e                __SUMEXT = 0x13e
                0x00000020                __P1IN = 0x20
                0x00000021                __P1OUT = 0x21
                0x00000022                __P1DIR = 0x22
                0x00000023                __P1IFG = 0x23
                0x00000024                __P1IES = 0x24
                0x00000025                __P1IE = 0x25
                0x00000026                __P1SEL = 0x26
                0x00000027                __P1REN = 0x27
                0x00000028                __P2IN = 0x28
                0x00000029                __P2OUT = 0x29
                0x0000002a                __P2DIR = 0x2a
                0x0000002b                __P2IFG = 0x2b
                0x0000002c                __P2IES = 0x2c
                0x0000002d                __P2IE = 0x2d
                0x0000002e                __P2SEL = 0x2e
                0x0000002f                __P2REN = 0x2f
                0x00000018                __P3IN = 0x18
                0x00000019                __P3OUT = 0x19
                0x0000001a                __P3DIR = 0x1a
                0x0000001b                __P3SEL = 0x1b
                0x00000010                __P3REN = 0x10
                0x0000001c                __P4IN = 0x1c
                0x0000001d                __P4OUT = 0x1d
                0x0000001e                __P4DIR = 0x1e
                0x0000001f                __P4SEL = 0x1f
                0x00000011                __P4REN = 0x11
                0x00000030                __P5IN = 0x30
                0x00000031                __P5OUT = 0x31
                0x00000032                __P5DIR = 0x32
                0x00000033                __P5SEL = 0x33
                0x00000012                __P5REN = 0x12
                0x00000034                __P6IN = 0x34
                0x00000035                __P6OUT = 0x35
                0x00000036                __P6DIR = 0x36
                0x00000037                __P6SEL = 0x37
                0x00000013                __P6REN = 0x13
                0x00000038                __P7IN = 0x38
                0x0000003a                __P7OUT = 0x3a
                0x0000003c                __P7DIR = 0x3c
                0x0000003e                __P7SEL = 0x3e
                0x00000014                __P7REN = 0x14
                0x00000039                __P8IN = 0x39
                0x0000003b                __P8OUT = 0x3b
                0x0000003d                __P8DIR = 0x3d
                0x0000003f                __P8SEL = 0x3f
                0x00000015                __P8REN = 0x15
                0x00000038                __PAIN = 0x38
                0x0000003a                __PAOUT = 0x3a
                0x0000003c                __PADIR = 0x3c
                0x0000003e                __PASEL = 0x3e
                0x00000014                __PAREN = 0x14
                0x00000055                __SVSCTL = 0x55
                0x0000012e                __TAIV = 0x12e
                0x00000160                __TACTL = 0x160
                0x00000162                __TACCTL0 = 0x162
                0x00000164                __TACCTL1 = 0x164
                0x00000166                __TACCTL2 = 0x166
                0x00000170                __TAR = 0x170
                0x00000172                __TACCR0 = 0x172
                0x00000174                __TACCR1 = 0x174
                0x00000176                __TACCR2 = 0x176
                0x0000011e                __TBIV = 0x11e
                0x00000180                __TBCTL = 0x180
                0x00000182                __TBCCTL0 = 0x182
                0x00000184                __TBCCTL1 = 0x184
                0x00000186                __TBCCTL2 = 0x186
                0x00000188                __TBCCTL3 = 0x188
                0x0000018a                __TBCCTL4 = 0x18a
                0x0000018c                __TBCCTL5 = 0x18c
                0x0000018e                __TBCCTL6 = 0x18e
                0x00000190                __TBR = 0x190
                0x00000192                __TBCCR0 = 0x192
                0x00000194                __TBCCR1 = 0x194
                0x00000196                __TBCCR2 = 0x196
                0x00000198                __TBCCR3 = 0x198
                0x0000019a                __TBCCR4 = 0x19a
                0x0000019c                __TBCCR5 = 0x19c
                0x0000019e                __TBCCR6 = 0x19e
                0x00000060                __UCA0CTL0 = 0x60
                0x00000061                __UCA0CTL1 = 0x61
                0x00000062                __UCA0BR0 = 0x62
                0x00000063                __UCA0BR1 = 0x63
                0x00000064                __UCA0MCTL = 0x64
                0x00000065                __UCA0STAT = 0x65
                0x00000066                __UCA0RXBUF = 0x66
                0x00000067                __UCA0TXBUF = 0x67
                0x0000005d                __UCA0ABCTL = 0x5d
                0x0000005e                __UCA0IRTCTL = 0x5e
                0x0000005f                __UCA0IRRCTL = 0x5f
                0x00000068                __UCB0CTL0 = 0x68
                0x00000069                __UCB0CTL1 = 0x69
                0x0000006a                __UCB0BR0 = 0x6a
                0x0000006b                __UCB0BR1 = 0x6b
                0x0000006c                __UCB0I2CIE = 0x6c
                0x0000006d                __UCB0STAT = 0x6d
                0x0000006e                __UCB0RXBUF = 0x6e
                0x0000006f                __UCB0TXBUF = 0x6f
                0x00000118                __UCB0I2COA = 0x118
                0x0000011a                __UCB0I2CSA = 0x11a
                0x000000d0                __UCA1CTL0 = 0xd0
                0x000000d1                __UCA1CTL1 = 0xd1
                0x000000d2                __UCA1BR0 = 0xd2
                0x000000d3                __UCA1BR1 = 0xd3
                0x000000d4                __UCA1MCTL = 0xd4
                0x000000d5                __UCA1STAT = 0xd5
                0x000000d6                __UCA1RXBUF = 0xd6
                0x000000d7                __UCA1TXBUF = 0xd7
                0x000000cd                __UCA1ABCTL = 0xcd
                0x000000ce                __UCA1IRTCTL = 0xce
                0x000000cf                __UCA1IRRCTL = 0xcf
                0x000000d8                __UCB1CTL0 = 0xd8
                0x000000d9                __UCB1CTL1 = 0xd9
                0x000000da                __UCB1BR0 = 0xda
                0x000000db                __UCB1BR1 = 0xdb
                0x000000dc                __UCB1I2CIE = 0xdc
                0x000000dd                __UCB1STAT = 0xdd
                0x000000de                __UCB1RXBUF = 0xde
                0x000000df                __UCB1TXBUF = 0xdf
                0x0000017c                __UCB1I2COA = 0x17c
                0x0000017e                __UCB1I2CSA = 0x17e
                0x00000120                __WDTCTL = 0x120
                0x000010c0                __TLV_CHECKSUM = 0x10c0
                0x000010f6                __TLV_DCO_30_TAG = 0x10f6
                0x000010f7                __TLV_DCO_30_LEN = 0x10f7
                0x000010da                __TLV_ADC12_1_TAG = 0x10da
                0x000010db                __TLV_ADC12_1_LEN = 0x10db
                0x000010f8                __CALDCO_16MHZ = 0x10f8
                0x000010f9                __CALBC1_16MHZ = 0x10f9
                0x000010fa                __CALDCO_12MHZ = 0x10fa
                0x000010fb                __CALBC1_12MHZ = 0x10fb
                0x000010fc                __CALDCO_8MHZ = 0x10fc
                0x000010fd                __CALBC1_8MHZ = 0x10fd
                0x000010fe                __CALDCO_1MHZ = 0x10fe
                0x000010ff                __CALBC1_1MHZ = 0x10ff

.hash
 *(.hash)

.dynsym
 *(.dynsym)

.dynstr
 *(.dynstr)

.gnu.version
 *(.gnu.version)

.gnu.version_d
 *(.gnu.version_d)

.gnu.version_r
 *(.gnu.version_r)

.rel.init
 *(.rel.init)

.rela.init
 *(.rela.init)

.rel.fini
 *(.rel.fini)

.rela.fini
 *(.rela.fini)

.rel.text
 *(.rel.text .rel.text.* .rel.gnu.linkonce.t.*)

.rela.text
 *(.rela.text .rela.text.* .rela.gnu.linkonce.t.*)

.rel.rodata
 *(.rel.rodata .rel.rodata.* .rel.gnu.linkonce.r.*)

.rela.rodata
 *(.rela.rodata .rela.rodata.* .rela.gnu.linkonce.r.*)

.rel.data
 *(.rel.data .rel.data.* .rel.gnu.linkonce.d.*)

.rela.data
 *(.rela.data .rela.data.* .rela.gnu.linkonce.d.*)

.rel.bss
 *(.rel.bss .rel.bss.* .rel.gnu.linkonce.b.*)

.rela.bss
 *(.rela.bss .rela.bss.* .rela.gnu.linkonce.b.*)

.rel.ctors
 *(.rel.ctors)

.rela.ctors
 *(.rela.ctors)

.rel.dtors
 *(.rel.dtors)

.rela.dtors
 *(.rela.dtors)

.rel.got
 *(.rel.got)

.rela.got
 *(.rela.got)

.rel.plt
 *(.rel.plt)

.rela.plt
 *(.rela.plt)

.text           0x00003100     0x5d28
                0x00003100                . = ALIGN (0x2)
 *(.init .init.*)
 *(.init0)
 .init0         0x00003100        0x0 /usr/lib/gcc/msp430/4.6.3/mcpu-430x/mmpy-16/libcrt0.a(_reset_vector__.o)
                0x00003100                _reset_vector__
 *(.init1)
 .init1         0x00003100        0xc /usr/lib/gcc/msp430/4.6.3/mcpu-430x/mmpy-16/libcrt0.a(__watchdog_support.o)
                0x00003100                __watchdog_support
 *(.init2)
 .init2         0x0000310c        0x4 /usr/lib/gcc/msp430/4.6.3/mcpu-430x/mmpy-16/libcrt0.a(__init_stack.o)
                0x0000310c                __init_stack
 *(.init3)
 .init3         0x00003110        0x0 /usr/lib/gcc/msp430/4.6.3/mcpu-430x/mmpy-16/libcrt0.a(__low_level_init.o)
                0x00003110                __low_level_init
 *(.init4)
 .init4         0x00003110       0x18 /usr/lib/gcc/msp430/4.6.3/mcpu-430x/mmpy-16/libcrt0.a(_copy_data.o)
                0x00003110                __do_copy_data
 .init4         0x00003128       0x16 /usr/lib/gcc/msp430/4.6.3/mcpu-430x/mmpy-16/libcrt0.a(_clear_bss.o)
                0x00003128                __do_clear_bss
 *(.init5)
 *(.init6)
 *(.init7)
 *(.init8)
 *(.init9)
 .init9         0x0000313e      0x2fa obj_z1/contiki-z1-main.o
                0x0000313e                main
 *(.fini9)
 .fini9         0x00003438        0x0 /usr/lib/gcc/msp430/4.6.3/mcpu-430x/mmpy-16/libcrt0.a(__stop_progExec__.o)
                0x00003438                __stop_progExec__
 *(.fini8)
 *(.fini7)
 *(.fini6)
 *(.fini5)
 *(.fini4)
 *(.fini3)
 *(.fini2)
 *(.fini1)
 *(.fini0)
 .fini0         0x00003438        0x6 /usr/lib/gcc/msp430/4.6.3/mcpu-430x/mmpy-16/libcrt0.a(_endless_loop__.o)
                0x00003438                _endless_loop__
 *(.fini .fini.*)
                0x0000343e                . = ALIGN (0x2)
                0x0000343e                __ctors_start = .
 *(.ctors)
                0x0000343e                __ctors_end = .
                0x0000343e                __dtors_start = .
 *(.dtors)
                0x0000343e                __dtors_end = .
                0x0000343e                . = ALIGN (0x2)
 *(.text .text.* .gnu.linkonce.t.*)
 .text          0x0000343e        0x4 /usr/lib/gcc/msp430/4.6.3/mcpu-430x/mmpy-16/crt0ivtbl32.o
                0x0000343e                __isr_14
                0x0000343e                __isr_4
                0x0000343e                __isr_29
                0x0000343e                __isr_11
                0x0000343e                __isr_5
                0x0000343e                __isr_2
                0x0000343e                __isr_10
                0x0000343e                __isr_7
                0x0000343e                __isr_0
                0x0000343e                __isr_28
                0x0000343e                __isr_8
                0x0000343e                __isr_20
                0x0000343e                __isr_3
                0x0000343e                __isr_12
                0x0000343e                __isr_13
                0x0000343e                __isr_27
                0x0000343e                __isr_9
                0x0000343e                __isr_30
                0x0000343e                __isr_6
                0x0000343e                __isr_22
                0x0000343e                __isr_1
                0x0000343e                __isr_15
                0x0000343e                __isr_21
 .text.crt0     0x00003442        0x0 /usr/lib/gcc/msp430/4.6.3/mcpu-430x/mmpy-16/crt0ivtbl32.o
 .text          0x00003442      0x36c sensor_temp_mqtt.co
                0x000035fe                get_temperature
 .text          0x000037ae        0x6 obj_z1/contiki-z1-main.o
                0x000037ae                uip_log
 .text          0x000037b4        0xc contiki-z1.a(contiki-z1-plat)
                0x000037b4                init_platform
 .text          0x000037c0       0xcc contiki-z1.a(msp430.o)
                0x000037c0                msp430_init_dco
                0x000037e8                splhigh_
                0x000037f0                msp430_sync_dco
                0x00003862                msp430_cpu_init
 .text          0x0000388c      0x146 contiki-z1.a(leds.o)
                0x0000397a                leds_init
                0x00003984                leds_get
                0x0000398a                leds_set
                0x00003990                leds_on
                0x0000399a                leds_off
                0x000039a8                leds_toggle
                0x000039b2                leds_blink
 .text          0x000039d2       0x5c contiki-z1.a(watchdog.o)
                0x000039d2                __isr_26
                0x000039d2                watchdog_interrupt
                0x000039d8                watchdog_start
                0x000039ec                watchdog_periodic
                0x000039fe                watchdog_stop
                0x00003a14                watchdog_init
                0x00003a28                watchdog_reboot
 .text          0x00003a2e      0x350 contiki-z1.a(xmem.o)
                0x00003aa6                xmem_init
                0x00003ac4                xmem_pread
                0x00003b94                xmem_pwrite
                0x00003cc8                xmem_erase
 .text          0x00003d7e       0x38 contiki-z1.a(spi.o)
                0x00003d7e                spi_init
 .text          0x00003db6      0xa2e contiki-z1.a(cc2420.o)
                0x00004146                cc2420_on
                0x00004168                cc2420_off
                0x0000437a                cc2420_get_channel
                0x00004380                cc2420_set_channel
                0x000043ba                cc2420_set_pan_addr
                0x00004406                cc2420_interrupt
                0x0000441e                cc2420_set_txpower
                0x0000442c                cc2420_get_txpower
                0x0000457e                cc2420_rssi
                0x0000466c                cc2420_set_cca_threshold
                0x00004706                cc2420_init
 .text          0x000047e4       0x1a contiki-z1.a(cc2420-arch.o)
                0x000047e4                cc2420_arch_init
 .text          0x000047fe       0x9a contiki-z1.a(node-id.o)
                0x000047fe                node_id_restore
                0x0000484a                node_id_burn
 .text          0x00004898      0x158 contiki-z1.a(sensors.o)
                0x00004956                sensors_first
                0x0000495c                sensors_next
                0x00004988                sensors_changed
                0x000049b2                sensors_find
 .text          0x000049f0      0x100 contiki-z1.a(button-sensor.o)
                0x00004a7a                irq_p2
                0x00004a7a                __isr_19
 .text          0x00004af0       0xd8 contiki-z1.a(uart0.o)
                0x00004af0                uart0_active
                0x00004afe                uart0_set_input
                0x00004b04                uart0_writeb
                0x00004b1c                uart0_init
                0x00004b62                __isr_23
                0x00004b62                uart0_rx_interrupt
 .text          0x00004bc8       0x10 contiki-z1.a(uart0-putchar.o)
                0x00004bc8                putchar
 .text          0x00004bd8       0x86 contiki-z1.a(sht11-sensor.o)
 .text          0x00004c5e       0x2e contiki-z1.a(light-sensor.o)
 .text          0x00004c8c      0x136 contiki-z1.a(sky-sensors.o)
                0x00004c8c                sky_sensors_status
                0x00004cce                sky_sensors_configure
 .text          0x00004dc2      0x318 contiki-z1.a(adxl345.o)
                0x00004dc2                accm_write_reg
                0x00004df0                accm_write_stream
                0x00004e1a                accm_read_reg
                0x00004ec4                accm_read_stream
                0x00004f16                accm_read_axis
                0x00004f3c                accm_set_grange
                0x00004f60                accm_init
                0x00004fea                accm_set_irq
                0x00005016                port1_isr
                0x00005016                __isr_18
 .text          0x000050da      0x1e8 contiki-z1.a(clock.o)
                0x000050da                __isr_24
                0x000050da                timera1
                0x000051e4                clock_time
                0x000051fe                clock_set
                0x00005214                clock_fine_max
                0x0000521a                clock_fine
                0x00005226                clock_init
                0x0000524e                clock_delay
                0x0000525a                clock_wait
                0x00005282                clock_set_seconds
                0x0000529a                clock_seconds
                0x000052b4                clock_counter
 .text          0x000052c2       0x78 contiki-z1.a(leds-arch.o)
                0x000052c2                leds_arch_init
                0x000052d0                leds_arch_get
                0x00005300                leds_arch_set
 .text          0x0000533a       0x7e contiki-z1.a(rtimer-arch.o)
                0x0000533a                rtimer_arch_init
                0x00005348                rtimer_arch_now
                0x00005356                __isr_25
                0x00005356                timera0
                0x000053b2                rtimer_arch_schedule
 .text          0x000053b8       0x2a contiki-z1.a(autostart.o)
                0x000053b8                autostart_start
                0x000053ce                autostart_exit
 .text          0x000053e2      0x1ae contiki-z1.a(ctimer.o)
                0x0000547e                ctimer_init
                0x00005496                ctimer_set
                0x000054de                ctimer_reset
                0x0000550a                ctimer_restart
                0x00005536                ctimer_stop
                0x0000555e                ctimer_expired
 .text          0x00005590       0xae contiki-z1.a(energest.o)
                0x00005590                energest_init
                0x000055b8                energest_type_time
                0x000055f4                energest_leveldevice_leveltime
                0x000055fa                energest_type_set
                0x00005606                energest_flush
 .text          0x0000563e      0x252 contiki-z1.a(etimer.o)
                0x000056ae                etimer_request_poll
                0x000057b8                etimer_set
                0x000057ca                etimer_reset
                0x000057dc                etimer_restart
                0x000057ee                etimer_adjust
                0x00005808                etimer_expired
                0x00005816                etimer_expiration_time
                0x0000582a                etimer_start_time
                0x00005832                etimer_pending
                0x0000583e                etimer_next_expiration_time
                0x00005854                etimer_stop
 .text          0x00005890      0x2a0 contiki-z1.a(process.o)
                0x00005990                process_alloc_event
                0x0000599e                process_exit
                0x000059a8                process_init
                0x000059c4                process_run
                0x00005a68                process_nevents
                0x00005a76                process_post
                0x00005ac6                process_post_synch
                0x00005ad8                process_start
                0x00005b0a                process_poll
                0x00005b22                process_is_running
 .text          0x00005b30       0x50 contiki-z1.a(rtimer.o)
                0x00005b30                rtimer_init
                0x00005b36                rtimer_set
                0x00005b5a                rtimer_run_next
 .text          0x00005b80       0x8c contiki-z1.a(timer.o)
                0x00005b80                timer_set
                0x00005b9c                timer_reset
                0x00005baa                timer_restart
                0x00005bbe                timer_expired
                0x00005be8                timer_remaining
 .text          0x00005c0c      0x102 contiki-z1.a(serial-line.o)
                0x00005ca8                serial_line_input_byte
                0x00005cf2                serial_line_init
 .text          0x00005d0e       0xf6 contiki-z1.a(list.o)
                0x00005d0e                list_init
                0x00005d14                list_head
                0x00005d18                list_copy
                0x00005d1e                list_tail
                0x00005d30                list_chop
                0x00005d54                list_pop
                0x00005d62                list_remove
                0x00005d96                list_push
                0x00005dac                list_add
                0x00005dd2                list_length
                0x00005de2                list_insert
                0x00005df8                list_item_next
 .text          0x00005e04       0x94 contiki-z1.a(ringbuf.o)
                0x00005e04                ringbuf_init
                0x00005e18                ringbuf_put
                0x00005e50                ringbuf_get
                0x00005e7e                ringbuf_size
                0x00005e86                ringbuf_elements
 .text          0x00005e98       0xd8 contiki-z1.a(rime.o)
                0x00005f34                rime_sniffer_add
                0x00005f40                rime_sniffer_remove
                0x00005f4c                rime_output
 .text          0x00005f70       0x78 contiki-z1.a(unicast.o)
                0x00005faa                unicast_open
                0x00005fcc                unicast_close
                0x00005fd2                unicast_send
 .text          0x00005fe8       0x2a contiki-z1.a(linkaddr.o)
                0x00005fe8                linkaddr_copy
                0x00005ff4                linkaddr_cmp
                0x00006006                linkaddr_set_node_addr
 .text          0x00006012      0x1e2 contiki-z1.a(packetbuf.o)
                0x00006012                packetbuf_clear_hdr
                0x0000601a                packetbuf_compact
                0x00006048                packetbuf_copyto_hdr
                0x00006064                packetbuf_copyto
                0x000060aa                packetbuf_hdr_remove
                0x000060b0                packetbuf_hdrreduce
                0x000060ca                packetbuf_set_datalen
                0x000060d0                packetbuf_dataptr
                0x000060de                packetbuf_hdrptr
                0x000060e8                packetbuf_datalen
                0x000060ee                packetbuf_hdrlen
                0x000060fe                packetbuf_totlen
                0x0000610a                packetbuf_hdralloc
                0x00006134                packetbuf_attr_clear
                0x00006160                packetbuf_clear
                0x0000617a                packetbuf_copyfrom
                0x000061a4                packetbuf_attr_copyto
                0x000061c4                packetbuf_attr_copyfrom
                0x000061e6                packetbuf_holds_broadcast
 .text          0x000061f4      0x13c contiki-z1.a(queuebuf.o)
                0x000061f4                queuebuf_init
                0x00006206                queuebuf_numfree
                0x00006210                queuebuf_new_from_packetbuf
                0x0000625e                queuebuf_update_attr_from_packetbuf
                0x00006270                queuebuf_update_from_packetbuf
                0x00006292                queuebuf_free
                0x000062bc                queuebuf_to_packetbuf
                0x000062ee                queuebuf_dataptr
                0x0000630a                queuebuf_datalen
                0x00006312                queuebuf_addr
                0x00006320                queuebuf_attr
                0x0000632e                queuebuf_debug_print
 .text          0x00006330      0x37a contiki-z1.a(csma.o)
 .text          0x000066aa       0x14 contiki-z1.a(mac.o)
                0x000066aa                mac_call_sent_callback
 .text          0x000066be      0x658 contiki-z1.a(contikimac.o)
                0x00006d12                contikimac_debug_print
 .text          0x00006d16       0xce contiki-z1.a(contikimac-fram)
 .text          0x00006de4       0x1c contiki-z1.a(nullsec.o)
 .text          0x00006e00      0x266 contiki-z1.a(sht11.o)
                0x00006fac                sht11_init
                0x00006fca                sht11_off
                0x00006fde                sht11_temp
                0x00006fe8                sht11_humidity
                0x00006ff2                sht11_sreg
 .text          0x00007066      0x1b2 contiki-z1.a(i2cmaster.o)
                0x00007066                i2c_setrate
                0x0000706c                i2c_receiveinit
                0x000070a4                i2c_transmitinit
                0x000070d6                i2c_receive_n
                0x0000711a                i2c_busy
                0x00007124                i2c_enable
                0x00007148                i2c_disable
                0x00007162                i2c_transmit_n
                0x00007176                __isr_16
                0x00007176                i2c_tx_interrupt
                0x00007200                i2c_rx_interrupt
                0x00007200                __isr_17
 .text          0x00007218       0xb6 contiki-z1.a(compower.o)
                0x00007218                compower_accumulate
                0x00007282                compower_clear
                0x00007294                compower_init
                0x0000729e                compower_attrconv
                0x000072ae                compower_accumulate_attrs
 .text          0x000072ce      0x102 contiki-z1.a(memb.o)
                0x000072ce                memb_init
                0x00007304                memb_alloc
                0x00007342                memb_free
                0x0000737c                memb_inmemb
                0x000073aa                memb_numfree
 .text          0x000073d0        0xc contiki-z1.a(random.o)
                0x000073d0                random_init
                0x000073d6                random_rand
 .text          0x000073dc       0x48 contiki-z1.a(abc.o)
                0x000073dc                abc_open
                0x000073fa                abc_close
                0x00007400                abc_send
                0x00007406                abc_input
                0x00007414                abc_sent
 .text          0x00007424      0x114 contiki-z1.a(announcement.o)
                0x00007424                announcement_init
                0x0000742e                announcement_register
                0x00007468                announcement_remove
                0x00007474                announcement_remove_value
                0x00007496                announcement_set_value
                0x000074be                announcement_bump
                0x000074e0                announcement_listen
                0x000074ec                announcement_register_listen_callback
                0x000074f2                announcement_register_observer_callback
                0x000074f8                announcement_list
                0x00007502                announcement_heard
 .text          0x00007538      0x1c2 contiki-z1.a(broadcast-annou)
                0x0000768a                broadcast_announcement_init
                0x000076ce                broadcast_announcement_stop
                0x000076f0                broadcast_announcement_beacon_interval
 .text          0x000076fa       0x78 contiki-z1.a(broadcast.o)
                0x00007730                broadcast_open
                0x00007752                broadcast_close
                0x00007758                broadcast_send
 .text          0x00007772       0x38 contiki-z1.a(chameleon.o)
                0x00007772                chameleon_init
                0x00007778                chameleon_parse
                0x00007788                chameleon_create
                0x000077a4                chameleon_hdrsize
 .text          0x000077aa       0x66 contiki-z1.a(channel.o)
                0x000077aa                channel_init
                0x000077b4                channel_open
                0x000077c4                channel_close
                0x000077d0                channel_lookup
                0x000077f0                channel_set_attributes
 .text          0x00007810      0x1ae contiki-z1.a(framer-802154.o)
 .text          0x000079be       0x20 contiki-z1.a(framer.o)
                0x000079be                framer_canonical_create_and_secure
 .text          0x000079de       0x92 contiki-z1.a(mac-sequence.o)
                0x000079de                mac_sequence_is_duplicate
                0x00007a14                mac_sequence_register_seqno
 .text          0x00007a70      0x306 contiki-z1.a(chameleon-bitop)
                0x00007a86                get_bits_in_byte
                0x00007ac0                get_bits
                0x00007c04                set_bits_in_byte
                0x00007c30                set_bits
 .text          0x00007d76      0x35a contiki-z1.a(frame802154.o)
                0x00007e0a                frame802154_hdrlen
                0x00007e38                frame802154_create
                0x00007f4a                frame802154_parse
 .text          0x000080d0        0x0 /usr/lib/gcc/msp430/4.6.3/mcpu-430x/mmpy-16/libgcc.a(_mulsi3.o)
 .text.libgcc   0x000080d0       0x2a /usr/lib/gcc/msp430/4.6.3/mcpu-430x/mmpy-16/libgcc.a(_mulsi3.o)
                0x000080d0                __mulsi3
 .text          0x000080fa        0x0 /usr/lib/gcc/msp430/4.6.3/mcpu-430x/mmpy-16/libgcc.a(_divmod16.o)
 .text.libgcc   0x000080fa       0x3a /usr/lib/gcc/msp430/4.6.3/mcpu-430x/mmpy-16/libgcc.a(_divmod16.o)
                0x000080fa                __ext_divmod16
                0x000080fa                __divhi3
                0x0000812c                __modhi3
 .text          0x00008134        0x0 /usr/lib/gcc/msp430/4.6.3/mcpu-430x/mmpy-16/libgcc.a(_udivmod32.o)
 .text.libgcc   0x00008134       0x38 /usr/lib/gcc/msp430/4.6.3/mcpu-430x/mmpy-16/libgcc.a(_udivmod32.o)
                0x00008134                __udivsi3
                0x00008134                __ext_udivmod32
                0x00008162                __umodsi3
 .text          0x0000816c        0x0 /usr/lib/gcc/msp430/4.6.3/mcpu-430x/mmpy-16/libgcc.a(_udivmod16.o)
 .text.libgcc   0x0000816c       0x22 /usr/lib/gcc/msp430/4.6.3/mcpu-430x/mmpy-16/libgcc.a(_udivmod16.o)
                0x0000816c                __udivhi3
                0x0000816c                __ext_udivmod16
                0x00008186                __umodhi3
 .text          0x0000818e       0x28 /usr/lib/gcc/msp430/4.6.3/../../../../msp430/lib/mcpu-430x/mmpy-16/libc.a(strncmp.o)
                0x0000818e                strncmp
 .text          0x000081b6       0x20 /usr/lib/gcc/msp430/4.6.3/../../../../msp430/lib/mcpu-430x/mmpy-16/libc.a(memcmp.o)
                0x000081b6                memcmp
 .text          0x000081d6       0xe4 /usr/lib/gcc/msp430/4.6.3/../../../../msp430/lib/mcpu-430x/mmpy-16/libc.a(memcpy.o)
                0x000081d6                memcpy
 .text          0x000082ba       0x5c /usr/lib/gcc/msp430/4.6.3/../../../../msp430/lib/mcpu-430x/mmpy-16/libc.a(memset.o)
                0x000082ba                memset
 .text          0x00008316       0x64 /usr/lib/gcc/msp430/4.6.3/../../../../msp430/lib/mcpu-430x/mmpy-16/libc.a(strtok.o)
                0x00008316                strtok_r
                0x00008370                strtok
 .text          0x0000837a       0x82 /usr/lib/gcc/msp430/4.6.3/../../../../msp430/lib/mcpu-430x/mmpy-16/libc.a(atoi.o)
                0x0000837a                atoi
 .text          0x000083fc       0x1e /usr/lib/gcc/msp430/4.6.3/../../../../msp430/lib/mcpu-430x/mmpy-16/libc.a(printf.o)
                0x000083fc                printf
                0x0000840c                vprintf
 .text          0x0000841a       0xb8 /usr/lib/gcc/msp430/4.6.3/../../../../msp430/lib/mcpu-430x/mmpy-16/libc.a(sprintf.o)
                0x00008474                sprintf
                0x00008490                snprintf
                0x000084aa                vsprintf
                0x000084c0                vsnprintf
 .text          0x000084d2      0x818 /usr/lib/gcc/msp430/4.6.3/../../../../msp430/lib/mcpu-430x/mmpy-16/libc.a(vuprintf.o)
                0x0000864e                vuprintf
 .text          0x00008cea       0x2c /usr/lib/gcc/msp430/4.6.3/../../../../msp430/lib/mcpu-430x/mmpy-16/libc.a(puts.o)
                0x00008cea                puts
 .text          0x00008d16       0x54 /usr/lib/gcc/msp430/4.6.3/../../../../msp430/lib/mcpu-430x/mmpy-16/libc.a(rand.o)
                0x00008d16                rand_r
                0x00008d3a                rand
                0x00008d60                srand
 .text          0x00008d6a        0x0 /usr/lib/gcc/msp430/4.6.3/mcpu-430x/mmpy-16/libgcc.a(_udivmod64.o)
 .text.libgcc   0x00008d6a       0xbc /usr/lib/gcc/msp430/4.6.3/mcpu-430x/mmpy-16/libgcc.a(_udivmod64.o)
                0x00008d6a                __xabi_udivmod64
                0x00008dbc                __udivdi3
                0x00008dd6                __umoddi3
                0x00008df8                __udivmoddi4
 .text          0x00008e26        0x0 /usr/lib/gcc/msp430/4.6.3/mcpu-430x/mmpy-16/libcrt0.a(_reset_vector__.o)
 .text          0x00008e26        0x0 /usr/lib/gcc/msp430/4.6.3/mcpu-430x/mmpy-16/libcrt0.a(__watchdog_support.o)
 .text          0x00008e26        0x0 /usr/lib/gcc/msp430/4.6.3/mcpu-430x/mmpy-16/libcrt0.a(__init_stack.o)
 .text          0x00008e26        0x0 /usr/lib/gcc/msp430/4.6.3/mcpu-430x/mmpy-16/libcrt0.a(__low_level_init.o)
 .text          0x00008e26        0x0 /usr/lib/gcc/msp430/4.6.3/mcpu-430x/mmpy-16/libcrt0.a(_copy_data.o)
 .text          0x00008e26        0x0 /usr/lib/gcc/msp430/4.6.3/mcpu-430x/mmpy-16/libcrt0.a(_clear_bss.o)
 .text          0x00008e26        0x0 /usr/lib/gcc/msp430/4.6.3/mcpu-430x/mmpy-16/libcrt0.a(__stop_progExec__.o)
 .text          0x00008e26        0x0 /usr/lib/gcc/msp430/4.6.3/mcpu-430x/mmpy-16/libcrt0.a(_endless_loop__.o)
 .text          0x00008e26        0x0 /usr/lib/gcc/msp430/4.6.3/mcpu-430x/mmpy-16/libcrt0.a(_unexpected_.o)
 .text.crt0     0x00008e26        0x2 /usr/lib/gcc/msp430/4.6.3/mcpu-430x/mmpy-16/libcrt0.a(_unexpected_.o)
                0x00008e26                _unexpected_
                0x00008e28                . = ALIGN (0x2)

.rodata         0x00008e28      0x478
                0x00008e28                . = ALIGN (0x2)
 *(.rodata .rodata.* .gnu.linkonce.r.*)
 .rodata        0x00008e28      0x21a sensor_temp_mqtt.co
                0x00009024                autostart_processes
 .rodata        0x00009042       0xd0 obj_z1/contiki-z1-main.o
 .rodata        0x00009112       0x2c contiki-z1.a(xmem.o)
 .rodata        0x0000913e       0x5a contiki-z1.a(cc2420.o)
                0x0000915a                cc2420_aes_128_driver
                0x0000915e                cc2420_driver
 .rodata        0x00009198        0x8 contiki-z1.a(sensors.o)
 .rodata        0x000091a0       0x10 contiki-z1.a(button-sensor.o)
                0x000091a8                button_sensor
 .rodata        0x000091b0        0xe contiki-z1.a(sht11-sensor.o)
                0x000091b6                sht11_sensor
 .rodata        0x000091be        0xe contiki-z1.a(light-sensor.o)
                0x000091c4                light_sensor
 .rodata        0x000091cc       0x16 contiki-z1.a(adxl345.o)
 .rodata        0x000091e2        0xf contiki-z1.a(ctimer.o)
 .rodata        0x000091f1        0xc contiki-z1.a(etimer.o)
 .rodata        0x000091fd        0xe contiki-z1.a(serial-line.o)
 *fill*         0x0000920b        0x1 00
 .rodata        0x0000920c        0xc contiki-z1.a(rime.o)
                0x00009212                rime_driver
 .rodata        0x00009218        0xa contiki-z1.a(unicast.o)
 .rodata        0x00009222        0x2 contiki-z1.a(linkaddr.o)
                0x00009222                linkaddr_null
 .rodata        0x00009224       0x14 contiki-z1.a(csma.o)
                0x0000922a                csma_driver
 .rodata        0x00009238       0x1c contiki-z1.a(contikimac.o)
                0x00009244                contikimac_driver
 .rodata        0x00009254        0x8 contiki-z1.a(contikimac-fram)
                0x00009254                contikimac_framer
 .rodata        0x0000925c       0x14 contiki-z1.a(nullsec.o)
                0x00009264                nullsec_driver
 .rodata        0x00009270        0x2 contiki-z1.a(abc.o)
 .rodata        0x00009272        0x4 contiki-z1.a(broadcast-annou)
 .rodata        0x00009276        0x8 contiki-z1.a(broadcast.o)
 .rodata        0x0000927e        0x8 contiki-z1.a(framer-802154.o)
                0x0000927e                framer_802154
 .rodata        0x00009286       0x10 contiki-z1.a(chameleon-bitop)
                0x00009286                chameleon_bitopt
 .rodata        0x00009296        0x2 contiki-z1.a(frame802154.o)
 .rodata        0x00009298        0x7 /usr/lib/gcc/msp430/4.6.3/../../../../msp430/lib/mcpu-430x/mmpy-16/libc.a(vuprintf.o)
                0x000092a0                . = ALIGN (0x2)
 *fill*         0x0000929f        0x1 00
                0x000092a0                _etext = .

.data           0x00001100       0x94 load address 0x000092a0
                0x00001100                . = ALIGN (0x2)
                0x00001100                PROVIDE (__data_start, .)
 *(.data .data.* .gnu.linkonce.d.*)
 .data          0x00001100        0x0 /usr/lib/gcc/msp430/4.6.3/mcpu-430x/mmpy-16/crt0ivtbl32.o
 .data          0x00001100        0xc sensor_temp_mqtt.co
                0x00001100                hello_world_process2
 .data          0x0000110c        0x4 obj_z1/contiki-z1-main.o
                0x0000110c                sensors
 .data          0x00001110        0x0 contiki-z1.a(contiki-z1-plat)
 .data          0x00001110        0x2 contiki-z1.a(msp430.o)
 .data          0x00001112        0x0 contiki-z1.a(leds.o)
 .data          0x00001112        0x0 contiki-z1.a(watchdog.o)
 .data          0x00001112        0x0 contiki-z1.a(xmem.o)
 .data          0x00001112        0x0 contiki-z1.a(spi.o)
 .data          0x00001112        0xa contiki-z1.a(cc2420.o)
                0x00001112                cc2420_process
 .data          0x0000111c        0x0 contiki-z1.a(cc2420-arch.o)
 .data          0x0000111c        0x0 contiki-z1.a(node-id.o)
 .data          0x0000111c        0xa contiki-z1.a(sensors.o)
                0x0000111c                sensors_process
 .data          0x00001126        0x0 contiki-z1.a(button-sensor.o)
 .data          0x00001126        0x0 contiki-z1.a(uart0.o)
 .data          0x00001126        0x0 contiki-z1.a(uart0-putchar.o)
 .data          0x00001126        0x1 contiki-z1.a(sht11-sensor.o)
 .data          0x00001127        0x0 contiki-z1.a(light-sensor.o)
 .data          0x00001127        0x0 contiki-z1.a(sky-sensors.o)
 *fill*         0x00001127        0x1 00
 .data          0x00001128       0x20 contiki-z1.a(adxl345.o)
                0x00001128                accmeter_process
 .data          0x00001148        0x0 contiki-z1.a(clock.o)
 .data          0x00001148        0x0 contiki-z1.a(leds-arch.o)
 .data          0x00001148        0x0 contiki-z1.a(rtimer-arch.o)
 .data          0x00001148        0x0 contiki-z1.a(autostart.o)
 .data          0x00001148        0xa contiki-z1.a(ctimer.o)
                0x00001148                ctimer_process
 .data          0x00001152        0x0 contiki-z1.a(energest.o)
 .data          0x00001152        0xa contiki-z1.a(etimer.o)
                0x00001152                etimer_process
 .data          0x0000115c        0x0 contiki-z1.a(process.o)
 .data          0x0000115c        0x0 contiki-z1.a(rtimer.o)
 .data          0x0000115c        0x0 contiki-z1.a(timer.o)
 .data          0x0000115c        0xa contiki-z1.a(serial-line.o)
                0x0000115c                serial_line_process
 .data          0x00001166        0x0 contiki-z1.a(list.o)
 .data          0x00001166        0x0 contiki-z1.a(ringbuf.o)
 .data          0x00001166        0x0 contiki-z1.a(rime.o)
 .data          0x00001166        0x0 contiki-z1.a(unicast.o)
 .data          0x00001166        0x0 contiki-z1.a(linkaddr.o)
 .data          0x00001166        0x0 contiki-z1.a(packetbuf.o)
 .data          0x00001166       0x10 contiki-z1.a(queuebuf.o)
 .data          0x00001176       0x18 contiki-z1.a(csma.o)
 .data          0x0000118e        0x0 contiki-z1.a(mac.o)
 .data          0x0000118e        0x0 contiki-z1.a(contikimac.o)
 .data          0x0000118e        0x0 contiki-z1.a(contikimac-fram)
 .data          0x0000118e        0x0 contiki-z1.a(nullsec.o)
 .data          0x0000118e        0x0 contiki-z1.a(sht11.o)
 .data          0x0000118e        0x1 contiki-z1.a(i2cmaster.o)
                0x0000118e                prescale_lsb
 .data          0x0000118f        0x0 contiki-z1.a(compower.o)
 .data          0x0000118f        0x0 contiki-z1.a(memb.o)
 .data          0x0000118f        0x0 contiki-z1.a(random.o)
 .data          0x0000118f        0x0 contiki-z1.a(abc.o)
 .data          0x0000118f        0x0 contiki-z1.a(announcement.o)
 .data          0x0000118f        0x0 contiki-z1.a(broadcast-annou)
 .data          0x0000118f        0x0 contiki-z1.a(broadcast.o)
 .data          0x0000118f        0x0 contiki-z1.a(chameleon.o)
 .data          0x0000118f        0x0 contiki-z1.a(channel.o)
 .data          0x0000118f        0x0 contiki-z1.a(framer-802154.o)
 .data          0x0000118f        0x0 contiki-z1.a(framer.o)
 .data          0x0000118f        0x0 contiki-z1.a(mac-sequence.o)
 .data          0x0000118f        0x0 contiki-z1.a(chameleon-bitop)
 .data          0x0000118f        0x0 contiki-z1.a(frame802154.o)
 .data          0x0000118f        0x0 /usr/lib/gcc/msp430/4.6.3/mcpu-430x/mmpy-16/libgcc.a(_mulsi3.o)
 .data          0x0000118f        0x0 /usr/lib/gcc/msp430/4.6.3/mcpu-430x/mmpy-16/libgcc.a(_divmod16.o)
 .data          0x0000118f        0x0 /usr/lib/gcc/msp430/4.6.3/mcpu-430x/mmpy-16/libgcc.a(_udivmod32.o)
 .data          0x0000118f        0x0 /usr/lib/gcc/msp430/4.6.3/mcpu-430x/mmpy-16/libgcc.a(_udivmod16.o)
 .data          0x0000118f        0x0 /usr/lib/gcc/msp430/4.6.3/../../../../msp430/lib/mcpu-430x/mmpy-16/libc.a(strncmp.o)
 .data          0x0000118f        0x0 /usr/lib/gcc/msp430/4.6.3/../../../../msp430/lib/mcpu-430x/mmpy-16/libc.a(memcmp.o)
 .data          0x0000118f        0x0 /usr/lib/gcc/msp430/4.6.3/../../../../msp430/lib/mcpu-430x/mmpy-16/libc.a(memcpy.o)
 .data          0x0000118f        0x0 /usr/lib/gcc/msp430/4.6.3/../../../../msp430/lib/mcpu-430x/mmpy-16/libc.a(memset.o)
 .data          0x0000118f        0x0 /usr/lib/gcc/msp430/4.6.3/../../../../msp430/lib/mcpu-430x/mmpy-16/libc.a(strtok.o)
 .data          0x0000118f        0x0 /usr/lib/gcc/msp430/4.6.3/../../../../msp430/lib/mcpu-430x/mmpy-16/libc.a(atoi.o)
 .data          0x0000118f        0x0 /usr/lib/gcc/msp430/4.6.3/../../../../msp430/lib/mcpu-430x/mmpy-16/libc.a(printf.o)
 .data          0x0000118f        0x0 /usr/lib/gcc/msp430/4.6.3/../../../../msp430/lib/mcpu-430x/mmpy-16/libc.a(sprintf.o)
 .data          0x0000118f        0x0 /usr/lib/gcc/msp430/4.6.3/../../../../msp430/lib/mcpu-430x/mmpy-16/libc.a(vuprintf.o)
 .data          0x0000118f        0x0 /usr/lib/gcc/msp430/4.6.3/../../../../msp430/lib/mcpu-430x/mmpy-16/libc.a(puts.o)
 *fill*         0x0000118f        0x1 00
 .data          0x00001190        0x4 /usr/lib/gcc/msp430/4.6.3/../../../../msp430/lib/mcpu-430x/mmpy-16/libc.a(rand.o)
 .data          0x00001194        0x0 /usr/lib/gcc/msp430/4.6.3/mcpu-430x/mmpy-16/libgcc.a(_udivmod64.o)
 .data          0x00001194        0x0 /usr/lib/gcc/msp430/4.6.3/mcpu-430x/mmpy-16/libcrt0.a(_reset_vector__.o)
 .data          0x00001194        0x0 /usr/lib/gcc/msp430/4.6.3/mcpu-430x/mmpy-16/libcrt0.a(__watchdog_support.o)
 .data          0x00001194        0x0 /usr/lib/gcc/msp430/4.6.3/mcpu-430x/mmpy-16/libcrt0.a(__init_stack.o)
 .data          0x00001194        0x0 /usr/lib/gcc/msp430/4.6.3/mcpu-430x/mmpy-16/libcrt0.a(__low_level_init.o)
 .data          0x00001194        0x0 /usr/lib/gcc/msp430/4.6.3/mcpu-430x/mmpy-16/libcrt0.a(_copy_data.o)
 .data          0x00001194        0x0 /usr/lib/gcc/msp430/4.6.3/mcpu-430x/mmpy-16/libcrt0.a(_clear_bss.o)
 .data          0x00001194        0x0 /usr/lib/gcc/msp430/4.6.3/mcpu-430x/mmpy-16/libcrt0.a(__stop_progExec__.o)
 .data          0x00001194        0x0 /usr/lib/gcc/msp430/4.6.3/mcpu-430x/mmpy-16/libcrt0.a(_endless_loop__.o)
 .data          0x00001194        0x0 /usr/lib/gcc/msp430/4.6.3/mcpu-430x/mmpy-16/libcrt0.a(_unexpected_.o)
                0x00001194                . = ALIGN (0x2)
                0x00001194                _edata = .
                0x000092a0                PROVIDE (__data_load_start, LOADADDR (.data))
                0x00000094                PROVIDE (__data_size, SIZEOF (.data))

.bss            0x00001194      0xae6 load address 0x00009334
                0x00001194                PROVIDE (__bss_start, .)
 *(.bss .bss.*)
 .bss           0x00001194        0x0 /usr/lib/gcc/msp430/4.6.3/mcpu-430x/mmpy-16/crt0ivtbl32.o
 .bss           0x00001194       0x1c sensor_temp_mqtt.co
 .bss           0x000011b0        0x4 obj_z1/contiki-z1-main.o
 .bss           0x000011b4        0x0 contiki-z1.a(contiki-z1-plat)
 .bss           0x000011b4        0x0 contiki-z1.a(msp430.o)
 .bss           0x000011b4        0x1 contiki-z1.a(leds.o)
 *fill*         0x000011b5        0x1 00
 .bss           0x000011b6        0x2 contiki-z1.a(watchdog.o)
 .bss           0x000011b8        0x0 contiki-z1.a(xmem.o)
 .bss           0x000011b8        0x2 contiki-z1.a(spi.o)
                0x000011b8                spi_busy
 .bss           0x000011ba        0x8 contiki-z1.a(cc2420.o)
 .bss           0x000011c2        0x0 contiki-z1.a(cc2420-arch.o)
 .bss           0x000011c2        0x2 contiki-z1.a(node-id.o)
                0x000011c2                node_id
 .bss           0x000011c4        0x6 contiki-z1.a(sensors.o)
 .bss           0x000011ca        0x8 contiki-z1.a(button-sensor.o)
 .bss           0x000011d2        0x4 contiki-z1.a(uart0.o)
 .bss           0x000011d6        0x0 contiki-z1.a(uart0-putchar.o)
 .bss           0x000011d6        0x0 contiki-z1.a(sht11-sensor.o)
 .bss           0x000011d6        0x0 contiki-z1.a(light-sensor.o)
 .bss           0x000011d6        0x4 contiki-z1.a(sky-sensors.o)
 .bss           0x000011da       0x16 contiki-z1.a(adxl345.o)
 .bss           0x000011f0        0xa contiki-z1.a(clock.o)
 .bss           0x000011fa        0x0 contiki-z1.a(leds-arch.o)
 .bss           0x000011fa        0x0 contiki-z1.a(rtimer-arch.o)
 .bss           0x000011fa        0x0 contiki-z1.a(autostart.o)
 .bss           0x000011fa        0x4 contiki-z1.a(ctimer.o)
 .bss           0x000011fe        0x0 contiki-z1.a(energest.o)
 .bss           0x000011fe        0x6 contiki-z1.a(etimer.o)
 .bss           0x00001204       0x42 contiki-z1.a(process.o)
                0x00001204                process_current
                0x00001206                process_list
 .bss           0x00001246        0x2 contiki-z1.a(rtimer.o)
 .bss           0x00001248        0x0 contiki-z1.a(timer.o)
 .bss           0x00001248      0x10a contiki-z1.a(serial-line.o)
 .bss           0x00001352        0x0 contiki-z1.a(list.o)
 .bss           0x00001352        0x0 contiki-z1.a(ringbuf.o)
 .bss           0x00001352        0x2 contiki-z1.a(rime.o)
 .bss           0x00001354        0x0 contiki-z1.a(unicast.o)
 .bss           0x00001354        0x0 contiki-z1.a(linkaddr.o)
 .bss           0x00001354       0xb8 contiki-z1.a(packetbuf.o)
 .bss           0x0000140c      0x610 contiki-z1.a(queuebuf.o)
 .bss           0x00001a1c       0xb8 contiki-z1.a(csma.o)
 .bss           0x00001ad4        0x0 contiki-z1.a(mac.o)
 .bss           0x00001ad4       0x32 contiki-z1.a(contikimac.o)
 .bss           0x00001b06        0x0 contiki-z1.a(contikimac-fram)
 .bss           0x00001b06        0x0 contiki-z1.a(nullsec.o)
 .bss           0x00001b06        0x0 contiki-z1.a(sht11.o)
 .bss           0x00001b06        0x4 contiki-z1.a(i2cmaster.o)
                0x00001b06                prescale_msb
 .bss           0x00001b0a        0x8 contiki-z1.a(compower.o)
 .bss           0x00001b12        0x0 contiki-z1.a(memb.o)
 .bss           0x00001b12        0x0 contiki-z1.a(random.o)
 .bss           0x00001b12        0x0 contiki-z1.a(abc.o)
 .bss           0x00001b12        0x6 contiki-z1.a(announcement.o)
 .bss           0x00001b18       0x46 contiki-z1.a(broadcast-annou)
 .bss           0x00001b5e        0x0 contiki-z1.a(broadcast.o)
 .bss           0x00001b5e        0x0 contiki-z1.a(chameleon.o)
 .bss           0x00001b5e        0x2 contiki-z1.a(channel.o)
 .bss           0x00001b60        0x2 contiki-z1.a(framer-802154.o)
 .bss           0x00001b62        0x0 contiki-z1.a(framer.o)
 .bss           0x00001b62       0x40 contiki-z1.a(mac-sequence.o)
 .bss           0x00001ba2        0x0 contiki-z1.a(chameleon-bitop)
 .bss           0x00001ba2        0x0 contiki-z1.a(frame802154.o)
 .bss           0x00001ba2        0x0 /usr/lib/gcc/msp430/4.6.3/mcpu-430x/mmpy-16/libgcc.a(_mulsi3.o)
 .bss           0x00001ba2        0x0 /usr/lib/gcc/msp430/4.6.3/mcpu-430x/mmpy-16/libgcc.a(_divmod16.o)
 .bss           0x00001ba2        0x0 /usr/lib/gcc/msp430/4.6.3/mcpu-430x/mmpy-16/libgcc.a(_udivmod32.o)
 .bss           0x00001ba2        0x0 /usr/lib/gcc/msp430/4.6.3/mcpu-430x/mmpy-16/libgcc.a(_udivmod16.o)
 .bss           0x00001ba2        0x0 /usr/lib/gcc/msp430/4.6.3/../../../../msp430/lib/mcpu-430x/mmpy-16/libc.a(strncmp.o)
 .bss           0x00001ba2        0x0 /usr/lib/gcc/msp430/4.6.3/../../../../msp430/lib/mcpu-430x/mmpy-16/libc.a(memcmp.o)
 .bss           0x00001ba2        0x0 /usr/lib/gcc/msp430/4.6.3/../../../../msp430/lib/mcpu-430x/mmpy-16/libc.a(memcpy.o)
 .bss           0x00001ba2        0x0 /usr/lib/gcc/msp430/4.6.3/../../../../msp430/lib/mcpu-430x/mmpy-16/libc.a(memset.o)
 .bss           0x00001ba2        0x2 /usr/lib/gcc/msp430/4.6.3/../../../../msp430/lib/mcpu-430x/mmpy-16/libc.a(strtok.o)
 .bss           0x00001ba4        0x0 /usr/lib/gcc/msp430/4.6.3/../../../../msp430/lib/mcpu-430x/mmpy-16/libc.a(atoi.o)
 .bss           0x00001ba4        0x0 /usr/lib/gcc/msp430/4.6.3/../../../../msp430/lib/mcpu-430x/mmpy-16/libc.a(printf.o)
 .bss           0x00001ba4        0x4 /usr/lib/gcc/msp430/4.6.3/../../../../msp430/lib/mcpu-430x/mmpy-16/libc.a(sprintf.o)
 .bss           0x00001ba8        0x0 /usr/lib/gcc/msp430/4.6.3/../../../../msp430/lib/mcpu-430x/mmpy-16/libc.a(vuprintf.o)
 .bss           0x00001ba8        0x0 /usr/lib/gcc/msp430/4.6.3/../../../../msp430/lib/mcpu-430x/mmpy-16/libc.a(puts.o)
 .bss           0x00001ba8        0x0 /usr/lib/gcc/msp430/4.6.3/../../../../msp430/lib/mcpu-430x/mmpy-16/libc.a(rand.o)
 .bss           0x00001ba8        0x0 /usr/lib/gcc/msp430/4.6.3/mcpu-430x/mmpy-16/libgcc.a(_udivmod64.o)
 .bss           0x00001ba8        0x0 /usr/lib/gcc/msp430/4.6.3/mcpu-430x/mmpy-16/libcrt0.a(_reset_vector__.o)
 .bss           0x00001ba8        0x0 /usr/lib/gcc/msp430/4.6.3/mcpu-430x/mmpy-16/libcrt0.a(__watchdog_support.o)
 .bss           0x00001ba8        0x0 /usr/lib/gcc/msp430/4.6.3/mcpu-430x/mmpy-16/libcrt0.a(__init_stack.o)
 .bss           0x00001ba8        0x0 /usr/lib/gcc/msp430/4.6.3/mcpu-430x/mmpy-16/libcrt0.a(__low_level_init.o)
 .bss           0x00001ba8        0x0 /usr/lib/gcc/msp430/4.6.3/mcpu-430x/mmpy-16/libcrt0.a(_copy_data.o)
 .bss           0x00001ba8        0x0 /usr/lib/gcc/msp430/4.6.3/mcpu-430x/mmpy-16/libcrt0.a(_clear_bss.o)
 .bss           0x00001ba8        0x0 /usr/lib/gcc/msp430/4.6.3/mcpu-430x/mmpy-16/libcrt0.a(__stop_progExec__.o)
 .bss           0x00001ba8        0x0 /usr/lib/gcc/msp430/4.6.3/mcpu-430x/mmpy-16/libcrt0.a(_endless_loop__.o)
 .bss           0x00001ba8        0x0 /usr/lib/gcc/msp430/4.6.3/mcpu-430x/mmpy-16/libcrt0.a(_unexpected_.o)
 *(COMMON)
 COMMON         0x00001ba8        0x2 obj_z1/contiki-z1-main.o
                0x00001ba8                sensors_flags
 COMMON         0x00001baa       0x10 contiki-z1.a(cc2420.o)
                0x00001baa                cc2420_last_rssi
                0x00001bac                cc2420_sfd_start_time
                0x00001bae                cc2420_time_of_departure
                0x00001bb0                cc2420_time_of_arrival
                0x00001bb2                cc2420_last_correlation
                0x00001bb4                cc2420_authority_level_of_sender
                0x00001bb6                cc2420_sfd_counter
                0x00001bb8                cc2420_sfd_end_time
 COMMON         0x00001bba        0x8 contiki-z1.a(node-id.o)
                0x00001bba                node_mac
 COMMON         0x00001bc2        0x1 contiki-z1.a(sensors.o)
                0x00001bc2                sensors_event
 *fill*         0x00001bc3        0x1 00
 COMMON         0x00001bc4        0x7 contiki-z1.a(adxl345.o)
                0x00001bc4                accm_int2_cb
                0x00001bc6                int2_event
                0x00001bc8                accm_int1_cb
                0x00001bca                int1_event
 *fill*         0x00001bcb        0x1 00
 COMMON         0x00001bcc       0x56 contiki-z1.a(energest.o)
                0x00001bcc                energest_total_time
                0x00001bfc                energest_total_count
                0x00001bfe                energest_current_mode
                0x00001c0a                energest_current_time
 COMMON         0x00001c22        0x1 contiki-z1.a(process.o)
                0x00001c22                process_maxevents
 COMMON         0x00001c23        0x1 contiki-z1.a(serial-line.o)
                0x00001c23                serial_line_event_message
 COMMON         0x00001c24        0x2 contiki-z1.a(linkaddr.o)
                0x00001c24                linkaddr_node_addr
 COMMON         0x00001c26       0x3c contiki-z1.a(packetbuf.o)
                0x00001c26                packetbuf_addrs
                0x00001c2e                packetbuf_attrs
 COMMON         0x00001c62       0x10 contiki-z1.a(i2cmaster.o)
                0x00001c62                transmit_data1
                0x00001c63                rx_byte_ctr
                0x00001c64                tx_buf_ptr
                0x00001c66                tx_byte_ctr
                0x00001c68                i
                0x00001c6a                receive_data
                0x00001c6c                rx_buf
                0x00001c6e                transmit_data2
                0x00001c70                rx_buf_ptr
 COMMON         0x00001c72        0x8 contiki-z1.a(compower.o)
                0x00001c72                compower_idle_activity
                0x00001c7a                . = ALIGN (0x2)
                0x00001c7a                PROVIDE (__bss_end, .)
                0x00000ae6                PROVIDE (__bss_size, SIZEOF (.bss))

.noinit         0x00001c7a        0x2 load address 0x00009334
                0x00001c7a                PROVIDE (__noinit_start, .)
 *(.noinit .noinit.*)
 .noinit.crt0   0x00001c7a        0x2 /usr/lib/gcc/msp430/4.6.3/mcpu-430x/mmpy-16/libcrt0.a(__watchdog_support.o)
                0x00001c7a                __wdt_clear_value
                0x00001c7c                . = ALIGN (0x2)
                0x00001c7c                PROVIDE (__noinit_end, .)
                0x00001c7c                . = ALIGN (0x2)
                0x00001c7c                _end = .

.infomem        0x00001000        0x0
 *(.infomem)
                0x00001000                . = ALIGN (0x2)
 *(.infomem.*)

.infomemnobits  0x00001000        0x0
 *(.infomemnobits)
                0x00001000                . = ALIGN (0x2)
 *(.infomemnobits.*)

.infoa
 *(.infoa .infoa.*)

.infob
 *(.infob .infob.*)

.infoc
 *(.infoc .infoc.*)

.infod
 *(.infod .infod.*)

.vectors        0x0000ffc0       0x40
                0x0000ffc0                PROVIDE (__vectors_start, .)
 *(.vectors*)
 .vectors       0x0000ffc0       0x40 /usr/lib/gcc/msp430/4.6.3/mcpu-430x/mmpy-16/crt0ivtbl32.o
                0x0000ffc0                __ivtbl_32
                0x00010000                _vectors_end = .

.fartext        0x00010000        0x0
                0x00010000                . = ALIGN (0x2)
 *(.fartext)
                0x00010000                . = ALIGN (0x2)
 *(.fartext.*)
                0x00010000                _efartext = .

.profiler
 *(.profiler)

.stab           0x00000000    0x1c134
 *(.stab)
 .stab          0x00000000     0x177c sensor_temp_mqtt.co
 .stab          0x0000177c     0x1068 obj_z1/contiki-z1-main.o
                               0x17c4 (size before relaxing)
 .stab          0x000027e4      0x240 contiki-z1.a(contiki-z1-plat)
                                0x5a0 (size before relaxing)
 .stab          0x00002a24      0x4a4 contiki-z1.a(msp430.o)
                                0x7f8 (size before relaxing)
 .stab          0x00002ec8      0x5dc contiki-z1.a(leds.o)
                                0x828 (size before relaxing)
 .stab          0x000034a4      0x3fc contiki-z1.a(watchdog.o)
                                0x750 (size before relaxing)
 .stab          0x000038a0      0x9fc contiki-z1.a(xmem.o)
                                0xf3c (size before relaxing)
 .stab          0x0000429c      0x288 contiki-z1.a(spi.o)
                                0x5dc (size before relaxing)
 .stab          0x00004524     0x2310 contiki-z1.a(cc2420.o)
                               0x2cc4 (size before relaxing)
 .stab          0x00006834      0x954 contiki-z1.a(cc2420-arch.o)
                               0x1380 (size before relaxing)
 .stab          0x00007188      0x300 contiki-z1.a(node-id.o)
                                0x6d8 (size before relaxing)
 .stab          0x00007488      0x654 contiki-z1.a(sensors.o)
                                0xb70 (size before relaxing)
 .stab          0x00007adc      0x468 contiki-z1.a(button-sensor.o)
                                0x7d4 (size before relaxing)
 .stab          0x00007f44      0x4f8 contiki-z1.a(uart0.o)
                                0xa2c (size before relaxing)
 .stab          0x0000843c      0x264 contiki-z1.a(uart0-putchar.o)
                                0x78c (size before relaxing)
 .stab          0x000086a0      0x3fc contiki-z1.a(sht11-sensor.o)
                                0x948 (size before relaxing)
 .stab          0x00008a9c      0x318 contiki-z1.a(light-sensor.o)
                                0x684 (size before relaxing)
 .stab          0x00008db4      0x4f8 contiki-z1.a(sky-sensors.o)
                                0x864 (size before relaxing)
 .stab          0x000092ac      0xb10 contiki-z1.a(adxl345.o)
                               0x1128 (size before relaxing)
 .stab          0x00009dbc      0x948 contiki-z1.a(clock.o)
                                0xc9c (size before relaxing)
 .stab          0x0000a704      0x3a8 contiki-z1.a(leds-arch.o)
                                0x6fc (size before relaxing)
 .stab          0x0000aaac      0x3cc contiki-z1.a(rtimer-arch.o)
                                0x720 (size before relaxing)
 .stab          0x0000ae78      0x294 contiki-z1.a(autostart.o)
                                0x534 (size before relaxing)
 .stab          0x0000b10c      0x7a4 contiki-z1.a(ctimer.o)
                                0xb10 (size before relaxing)
 .stab          0x0000b8b0      0x474 contiki-z1.a(energest.o)
                                0x6fc (size before relaxing)
 .stab          0x0000bd24      0xa38 contiki-z1.a(etimer.o)
                                0xd08 (size before relaxing)
 .stab          0x0000c75c      0xb7c contiki-z1.a(process.o)
                               0x1014 (size before relaxing)
 .stab          0x0000d2d8      0x3d8 contiki-z1.a(rtimer.o)
                                0x6c0 (size before relaxing)
 .stab          0x0000d6b0      0x354 contiki-z1.a(timer.o)
                                0x594 (size before relaxing)
 .stab          0x0000da04      0x534 contiki-z1.a(serial-line.o)
                                0xa50 (size before relaxing)
 .stab          0x0000df38      0x7f8 contiki-z1.a(list.o)
                                0x804 (size before relaxing)
 .stab          0x0000e730      0x3fc contiki-z1.a(ringbuf.o)
                                0x63c (size before relaxing)
 .stab          0x0000eb2c      0xcd8 contiki-z1.a(rime.o)
                               0x141c (size before relaxing)
 .stab          0x0000f804      0x624 contiki-z1.a(unicast.o)
                               0x129c (size before relaxing)
 .stab          0x0000fe28      0x2c4 contiki-z1.a(linkaddr.o)
                                0x6c0 (size before relaxing)
 .stab          0x000100ec      0xda4 contiki-z1.a(packetbuf.o)
                               0x1bf0 (size before relaxing)
 .stab          0x00010e90      0xa5c contiki-z1.a(queuebuf.o)
                               0x1890 (size before relaxing)
 .stab          0x000118ec      0xe04 contiki-z1.a(csma.o)
                               0x15b4 (size before relaxing)
 .stab          0x000126f0      0x1f8 contiki-z1.a(mac.o)
                                0x4ec (size before relaxing)
 .stab          0x000128e8     0x16ec contiki-z1.a(contikimac.o)
                               0x22f8 (size before relaxing)
 .stab          0x00013fd4      0x6e4 contiki-z1.a(contikimac-fram)
                                0xf24 (size before relaxing)
 .stab          0x000146b8      0x6a8 contiki-z1.a(nullsec.o)
                                0xda4 (size before relaxing)
 .stab          0x00014d60      0xbac contiki-z1.a(sht11.o)
                               0x10d4 (size before relaxing)
 .stab          0x0001590c      0x894 contiki-z1.a(i2cmaster.o)
                                0xbe8 (size before relaxing)
 .stab          0x000161a0      0x51c contiki-z1.a(compower.o)
                                0xd20 (size before relaxing)
 .stab          0x000166bc      0x5c4 contiki-z1.a(memb.o)
                                0xaf8 (size before relaxing)
 .stab          0x00016c80      0x228 contiki-z1.a(random.o)
                                0x624 (size before relaxing)
 .stab          0x00016ea8      0x66c contiki-z1.a(abc.o)
                               0x14a0 (size before relaxing)
 .stab          0x00017514      0x6e4 contiki-z1.a(announcement.o)
                                0x984 (size before relaxing)
 .stab          0x00017bf8      0x948 contiki-z1.a(broadcast-annou)
                               0x15c0 (size before relaxing)
 .stab          0x00018540      0x6d8 contiki-z1.a(broadcast.o)
                               0x150c (size before relaxing)
 .stab          0x00018c18      0x5e8 contiki-z1.a(chameleon.o)
                               0x123c (size before relaxing)
 .stab          0x00019200      0x624 contiki-z1.a(channel.o)
                               0x129c (size before relaxing)
 .stab          0x00019824      0x930 contiki-z1.a(framer-802154.o)
                                0xf6c (size before relaxing)
 .stab          0x0001a154      0x318 contiki-z1.a(framer.o)
                                0xc54 (size before relaxing)
 .stab          0x0001a46c      0x618 contiki-z1.a(mac-sequence.o)
                               0x1464 (size before relaxing)
 .stab          0x0001aa84      0xd8c contiki-z1.a(chameleon-bitop)
                               0x1a04 (size before relaxing)
 .stab          0x0001b810      0x924 contiki-z1.a(frame802154.o)
                               0x10f8 (size before relaxing)

.stabstr        0x00000000    0x1626c
 *(.stabstr)
 .stabstr       0x00000000    0x1626c sensor_temp_mqtt.co

.stab.excl
 *(.stab.excl)

.stab.exclstr
 *(.stab.exclstr)

.stab.index
 *(.stab.index)

.stab.indexstr
 *(.stab.indexstr)

.comment
 *(.comment)

.debug
 *(.debug)

.line
 *(.line)

.debug_srcinfo
 *(.debug_srcinfo)

.debug_sfnames
 *(.debug_sfnames)

.debug_aranges  0x00000000      0x1b8
 *(.debug_aranges)
 .debug_aranges
                0x00000000       0x14 /usr/lib/gcc/msp430/4.6.3/mcpu-430x/mmpy-16/libgcc.a(_mulsi3.o)
 .debug_aranges
                0x00000014       0x14 /usr/lib/gcc/msp430/4.6.3/mcpu-430x/mmpy-16/libgcc.a(_divmod16.o)
 .debug_aranges
                0x00000028       0x14 /usr/lib/gcc/msp430/4.6.3/mcpu-430x/mmpy-16/libgcc.a(_udivmod32.o)
 .debug_aranges
                0x0000003c       0x14 /usr/lib/gcc/msp430/4.6.3/mcpu-430x/mmpy-16/libgcc.a(_udivmod16.o)
 .debug_aranges
                0x00000050       0x14 /usr/lib/gcc/msp430/4.6.3/../../../../msp430/lib/mcpu-430x/mmpy-16/libc.a(strncmp.o)
 .debug_aranges
                0x00000064       0x14 /usr/lib/gcc/msp430/4.6.3/../../../../msp430/lib/mcpu-430x/mmpy-16/libc.a(memcmp.o)
 .debug_aranges
                0x00000078       0x14 /usr/lib/gcc/msp430/4.6.3/../../../../msp430/lib/mcpu-430x/mmpy-16/libc.a(memcpy.o)
 .debug_aranges
                0x0000008c       0x14 /usr/lib/gcc/msp430/4.6.3/../../../../msp430/lib/mcpu-430x/mmpy-16/libc.a(memset.o)
 .debug_aranges
                0x000000a0       0x14 /usr/lib/gcc/msp430/4.6.3/../../../../msp430/lib/mcpu-430x/mmpy-16/libc.a(strtok.o)
 .debug_aranges
                0x000000b4       0x14 /usr/lib/gcc/msp430/4.6.3/../../../../msp430/lib/mcpu-430x/mmpy-16/libc.a(atoi.o)
 .debug_aranges
                0x000000c8       0x14 /usr/lib/gcc/msp430/4.6.3/../../../../msp430/lib/mcpu-430x/mmpy-16/libc.a(printf.o)
 .debug_aranges
                0x000000dc       0x14 /usr/lib/gcc/msp430/4.6.3/../../../../msp430/lib/mcpu-430x/mmpy-16/libc.a(sprintf.o)
 .debug_aranges
                0x000000f0       0x14 /usr/lib/gcc/msp430/4.6.3/../../../../msp430/lib/mcpu-430x/mmpy-16/libc.a(vuprintf.o)
 .debug_aranges
                0x00000104       0x14 /usr/lib/gcc/msp430/4.6.3/../../../../msp430/lib/mcpu-430x/mmpy-16/libc.a(puts.o)
 .debug_aranges
                0x00000118       0x14 /usr/lib/gcc/msp430/4.6.3/../../../../msp430/lib/mcpu-430x/mmpy-16/libc.a(rand.o)
 .debug_aranges
                0x0000012c       0x14 /usr/lib/gcc/msp430/4.6.3/mcpu-430x/mmpy-16/libgcc.a(_udivmod64.o)
 .debug_aranges
                0x00000140       0x14 /usr/lib/gcc/msp430/4.6.3/mcpu-430x/mmpy-16/libcrt0.a(__watchdog_support.o)
 .debug_aranges
                0x00000154       0x14 /usr/lib/gcc/msp430/4.6.3/mcpu-430x/mmpy-16/libcrt0.a(__init_stack.o)
 .debug_aranges
                0x00000168       0x14 /usr/lib/gcc/msp430/4.6.3/mcpu-430x/mmpy-16/libcrt0.a(_copy_data.o)
 .debug_aranges
                0x0000017c       0x14 /usr/lib/gcc/msp430/4.6.3/mcpu-430x/mmpy-16/libcrt0.a(_clear_bss.o)
 .debug_aranges
                0x00000190       0x14 /usr/lib/gcc/msp430/4.6.3/mcpu-430x/mmpy-16/libcrt0.a(_endless_loop__.o)
 .debug_aranges
                0x000001a4       0x14 /usr/lib/gcc/msp430/4.6.3/mcpu-430x/mmpy-16/libcrt0.a(_unexpected_.o)

.debug_pubnames
 *(.debug_pubnames)

.debug_info     0x00000000     0x191e
 *(.debug_info)
 .debug_info    0x00000000       0xe0 /usr/lib/gcc/msp430/4.6.3/mcpu-430x/mmpy-16/libgcc.a(_mulsi3.o)
 .debug_info    0x000000e0       0xe0 /usr/lib/gcc/msp430/4.6.3/mcpu-430x/mmpy-16/libgcc.a(_divmod16.o)
 .debug_info    0x000001c0       0xe0 /usr/lib/gcc/msp430/4.6.3/mcpu-430x/mmpy-16/libgcc.a(_udivmod32.o)
 .debug_info    0x000002a0       0xe0 /usr/lib/gcc/msp430/4.6.3/mcpu-430x/mmpy-16/libgcc.a(_udivmod16.o)
 .debug_info    0x00000380       0xbb /usr/lib/gcc/msp430/4.6.3/../../../../msp430/lib/mcpu-430x/mmpy-16/libc.a(strncmp.o)
 .debug_info    0x0000043b       0xe8 /usr/lib/gcc/msp430/4.6.3/../../../../msp430/lib/mcpu-430x/mmpy-16/libc.a(memcmp.o)
 .debug_info    0x00000523      0x113 /usr/lib/gcc/msp430/4.6.3/../../../../msp430/lib/mcpu-430x/mmpy-16/libc.a(memcpy.o)
 .debug_info    0x00000636       0xfe /usr/lib/gcc/msp430/4.6.3/../../../../msp430/lib/mcpu-430x/mmpy-16/libc.a(memset.o)
 .debug_info    0x00000734      0x151 /usr/lib/gcc/msp430/4.6.3/../../../../msp430/lib/mcpu-430x/mmpy-16/libc.a(strtok.o)
 .debug_info    0x00000885       0xb3 /usr/lib/gcc/msp430/4.6.3/../../../../msp430/lib/mcpu-430x/mmpy-16/libc.a(atoi.o)
 .debug_info    0x00000938      0x105 /usr/lib/gcc/msp430/4.6.3/../../../../msp430/lib/mcpu-430x/mmpy-16/libc.a(printf.o)
 .debug_info    0x00000a3d      0x277 /usr/lib/gcc/msp430/4.6.3/../../../../msp430/lib/mcpu-430x/mmpy-16/libc.a(sprintf.o)
 .debug_info    0x00000cb4      0x565 /usr/lib/gcc/msp430/4.6.3/../../../../msp430/lib/mcpu-430x/mmpy-16/libc.a(vuprintf.o)
 .debug_info    0x00001219       0x96 /usr/lib/gcc/msp430/4.6.3/../../../../msp430/lib/mcpu-430x/mmpy-16/libc.a(puts.o)
 .debug_info    0x000012af      0x13f /usr/lib/gcc/msp430/4.6.3/../../../../msp430/lib/mcpu-430x/mmpy-16/libc.a(rand.o)
 .debug_info    0x000013ee       0xe0 /usr/lib/gcc/msp430/4.6.3/mcpu-430x/mmpy-16/libgcc.a(_udivmod64.o)
 .debug_info    0x000014ce       0xb8 /usr/lib/gcc/msp430/4.6.3/mcpu-430x/mmpy-16/libcrt0.a(__watchdog_support.o)
 .debug_info    0x00001586       0xb8 /usr/lib/gcc/msp430/4.6.3/mcpu-430x/mmpy-16/libcrt0.a(__init_stack.o)
 .debug_info    0x0000163e       0xb8 /usr/lib/gcc/msp430/4.6.3/mcpu-430x/mmpy-16/libcrt0.a(_copy_data.o)
 .debug_info    0x000016f6       0xb8 /usr/lib/gcc/msp430/4.6.3/mcpu-430x/mmpy-16/libcrt0.a(_clear_bss.o)
 .debug_info    0x000017ae       0xb8 /usr/lib/gcc/msp430/4.6.3/mcpu-430x/mmpy-16/libcrt0.a(_endless_loop__.o)
 .debug_info    0x00001866       0xb8 /usr/lib/gcc/msp430/4.6.3/mcpu-430x/mmpy-16/libcrt0.a(_unexpected_.o)
 *(.gnu.linkonce.wi.*)

.debug_abbrev   0x00000000      0x99f
 *(.debug_abbrev)
 .debug_abbrev  0x00000000       0x14 /usr/lib/gcc/msp430/4.6.3/mcpu-430x/mmpy-16/libgcc.a(_mulsi3.o)
 .debug_abbrev  0x00000014       0x14 /usr/lib/gcc/msp430/4.6.3/mcpu-430x/mmpy-16/libgcc.a(_divmod16.o)
 .debug_abbrev  0x00000028       0x14 /usr/lib/gcc/msp430/4.6.3/mcpu-430x/mmpy-16/libgcc.a(_udivmod32.o)
 .debug_abbrev  0x0000003c       0x14 /usr/lib/gcc/msp430/4.6.3/mcpu-430x/mmpy-16/libgcc.a(_udivmod16.o)
 .debug_abbrev  0x00000050       0x7c /usr/lib/gcc/msp430/4.6.3/../../../../msp430/lib/mcpu-430x/mmpy-16/libc.a(strncmp.o)
 .debug_abbrev  0x000000cc       0x9b /usr/lib/gcc/msp430/4.6.3/../../../../msp430/lib/mcpu-430x/mmpy-16/libc.a(memcmp.o)
 .debug_abbrev  0x00000167       0x97 /usr/lib/gcc/msp430/4.6.3/../../../../msp430/lib/mcpu-430x/mmpy-16/libc.a(memcpy.o)
 .debug_abbrev  0x000001fe       0x9c /usr/lib/gcc/msp430/4.6.3/../../../../msp430/lib/mcpu-430x/mmpy-16/libc.a(memset.o)
 .debug_abbrev  0x0000029a       0xe7 /usr/lib/gcc/msp430/4.6.3/../../../../msp430/lib/mcpu-430x/mmpy-16/libc.a(strtok.o)
 .debug_abbrev  0x00000381       0x7e /usr/lib/gcc/msp430/4.6.3/../../../../msp430/lib/mcpu-430x/mmpy-16/libc.a(atoi.o)
 .debug_abbrev  0x000003ff       0xd0 /usr/lib/gcc/msp430/4.6.3/../../../../msp430/lib/mcpu-430x/mmpy-16/libc.a(printf.o)
 .debug_abbrev  0x000004cf      0x105 /usr/lib/gcc/msp430/4.6.3/../../../../msp430/lib/mcpu-430x/mmpy-16/libc.a(sprintf.o)
 .debug_abbrev  0x000005d4      0x1ef /usr/lib/gcc/msp430/4.6.3/../../../../msp430/lib/mcpu-430x/mmpy-16/libc.a(vuprintf.o)
 .debug_abbrev  0x000007c3       0x60 /usr/lib/gcc/msp430/4.6.3/../../../../msp430/lib/mcpu-430x/mmpy-16/libc.a(puts.o)
 .debug_abbrev  0x00000823       0xf0 /usr/lib/gcc/msp430/4.6.3/../../../../msp430/lib/mcpu-430x/mmpy-16/libc.a(rand.o)
 .debug_abbrev  0x00000913       0x14 /usr/lib/gcc/msp430/4.6.3/mcpu-430x/mmpy-16/libgcc.a(_udivmod64.o)
 .debug_abbrev  0x00000927       0x14 /usr/lib/gcc/msp430/4.6.3/mcpu-430x/mmpy-16/libcrt0.a(__watchdog_support.o)
 .debug_abbrev  0x0000093b       0x14 /usr/lib/gcc/msp430/4.6.3/mcpu-430x/mmpy-16/libcrt0.a(__init_stack.o)
 .debug_abbrev  0x0000094f       0x14 /usr/lib/gcc/msp430/4.6.3/mcpu-430x/mmpy-16/libcrt0.a(_copy_data.o)
 .debug_abbrev  0x00000963       0x14 /usr/lib/gcc/msp430/4.6.3/mcpu-430x/mmpy-16/libcrt0.a(_clear_bss.o)
 .debug_abbrev  0x00000977       0x14 /usr/lib/gcc/msp430/4.6.3/mcpu-430x/mmpy-16/libcrt0.a(_endless_loop__.o)
 .debug_abbrev  0x0000098b       0x14 /usr/lib/gcc/msp430/4.6.3/mcpu-430x/mmpy-16/libcrt0.a(_unexpected_.o)

.debug_line     0x00000000      0xe65
 *(.debug_line)
 .debug_line    0x00000000       0xa2 /usr/lib/gcc/msp430/4.6.3/mcpu-430x/mmpy-16/libgcc.a(_mulsi3.o)
 .debug_line    0x000000a2       0xa7 /usr/lib/gcc/msp430/4.6.3/mcpu-430x/mmpy-16/libgcc.a(_divmod16.o)
 .debug_line    0x00000149       0xa7 /usr/lib/gcc/msp430/4.6.3/mcpu-430x/mmpy-16/libgcc.a(_udivmod32.o)
 .debug_line    0x000001f0       0x9c /usr/lib/gcc/msp430/4.6.3/mcpu-430x/mmpy-16/libgcc.a(_udivmod16.o)
 .debug_line    0x0000028c       0x75 /usr/lib/gcc/msp430/4.6.3/../../../../msp430/lib/mcpu-430x/mmpy-16/libc.a(strncmp.o)
 .debug_line    0x00000301       0x73 /usr/lib/gcc/msp430/4.6.3/../../../../msp430/lib/mcpu-430x/mmpy-16/libc.a(memcmp.o)
 .debug_line    0x00000374       0xe9 /usr/lib/gcc/msp430/4.6.3/../../../../msp430/lib/mcpu-430x/mmpy-16/libc.a(memcpy.o)
 .debug_line    0x0000045d       0xc8 /usr/lib/gcc/msp430/4.6.3/../../../../msp430/lib/mcpu-430x/mmpy-16/libc.a(memset.o)
 .debug_line    0x00000525       0x6a /usr/lib/gcc/msp430/4.6.3/../../../../msp430/lib/mcpu-430x/mmpy-16/libc.a(strtok.o)
 .debug_line    0x0000058f       0x6e /usr/lib/gcc/msp430/4.6.3/../../../../msp430/lib/mcpu-430x/mmpy-16/libc.a(atoi.o)
 .debug_line    0x000005fd       0x72 /usr/lib/gcc/msp430/4.6.3/../../../../msp430/lib/mcpu-430x/mmpy-16/libc.a(printf.o)
 .debug_line    0x0000066f       0x9c /usr/lib/gcc/msp430/4.6.3/../../../../msp430/lib/mcpu-430x/mmpy-16/libc.a(sprintf.o)
 .debug_line    0x0000070b      0x2ce /usr/lib/gcc/msp430/4.6.3/../../../../msp430/lib/mcpu-430x/mmpy-16/libc.a(vuprintf.o)
 .debug_line    0x000009d9       0x4d /usr/lib/gcc/msp430/4.6.3/../../../../msp430/lib/mcpu-430x/mmpy-16/libc.a(puts.o)
 .debug_line    0x00000a26       0x4f /usr/lib/gcc/msp430/4.6.3/../../../../msp430/lib/mcpu-430x/mmpy-16/libc.a(rand.o)
 .debug_line    0x00000a75       0xd5 /usr/lib/gcc/msp430/4.6.3/mcpu-430x/mmpy-16/libgcc.a(_udivmod64.o)
 .debug_line    0x00000b4a       0x84 /usr/lib/gcc/msp430/4.6.3/mcpu-430x/mmpy-16/libcrt0.a(__watchdog_support.o)
 .debug_line    0x00000bce       0x82 /usr/lib/gcc/msp430/4.6.3/mcpu-430x/mmpy-16/libcrt0.a(__init_stack.o)
 .debug_line    0x00000c50       0x88 /usr/lib/gcc/msp430/4.6.3/mcpu-430x/mmpy-16/libcrt0.a(_copy_data.o)
 .debug_line    0x00000cd8       0x88 /usr/lib/gcc/msp430/4.6.3/mcpu-430x/mmpy-16/libcrt0.a(_clear_bss.o)
 .debug_line    0x00000d60       0x83 /usr/lib/gcc/msp430/4.6.3/mcpu-430x/mmpy-16/libcrt0.a(_endless_loop__.o)
 .debug_line    0x00000de3       0x82 /usr/lib/gcc/msp430/4.6.3/mcpu-430x/mmpy-16/libcrt0.a(_unexpected_.o)

.debug_frame    0x00000000      0x262
 *(.debug_frame)
 .debug_frame   0x00000000       0x24 /usr/lib/gcc/msp430/4.6.3/../../../../msp430/lib/mcpu-430x/mmpy-16/libc.a(strncmp.o)
 .debug_frame   0x00000024       0x24 /usr/lib/gcc/msp430/4.6.3/../../../../msp430/lib/mcpu-430x/mmpy-16/libc.a(memcmp.o)
 .debug_frame   0x00000048       0x2c /usr/lib/gcc/msp430/4.6.3/../../../../msp430/lib/mcpu-430x/mmpy-16/libc.a(memcpy.o)
 .debug_frame   0x00000074       0x2a /usr/lib/gcc/msp430/4.6.3/../../../../msp430/lib/mcpu-430x/mmpy-16/libc.a(memset.o)
 .debug_frame   0x0000009e       0x34 /usr/lib/gcc/msp430/4.6.3/../../../../msp430/lib/mcpu-430x/mmpy-16/libc.a(strtok.o)
 .debug_frame   0x000000d2       0x1e /usr/lib/gcc/msp430/4.6.3/../../../../msp430/lib/mcpu-430x/mmpy-16/libc.a(atoi.o)
 .debug_frame   0x000000f0       0x2a /usr/lib/gcc/msp430/4.6.3/../../../../msp430/lib/mcpu-430x/mmpy-16/libc.a(printf.o)
 .debug_frame   0x0000011a       0x64 /usr/lib/gcc/msp430/4.6.3/../../../../msp430/lib/mcpu-430x/mmpy-16/libc.a(sprintf.o)
 .debug_frame   0x0000017e       0x84 /usr/lib/gcc/msp430/4.6.3/../../../../msp430/lib/mcpu-430x/mmpy-16/libc.a(vuprintf.o)
 .debug_frame   0x00000202       0x24 /usr/lib/gcc/msp430/4.6.3/../../../../msp430/lib/mcpu-430x/mmpy-16/libc.a(puts.o)
 .debug_frame   0x00000226       0x3c /usr/lib/gcc/msp430/4.6.3/../../../../msp430/lib/mcpu-430x/mmpy-16/libc.a(rand.o)

.debug_str      0x00000000      0x493
 *(.debug_str)
 .debug_str     0x00000000       0xc4 /usr/lib/gcc/msp430/4.6.3/../../../../msp430/lib/mcpu-430x/mmpy-16/libc.a(strncmp.o)
                                 0xfd (size before relaxing)
 .debug_str     0x000000c4       0x19 /usr/lib/gcc/msp430/4.6.3/../../../../msp430/lib/mcpu-430x/mmpy-16/libc.a(memcmp.o)
                                 0xfb (size before relaxing)
 .debug_str     0x000000dd       0x34 /usr/lib/gcc/msp430/4.6.3/../../../../msp430/lib/mcpu-430x/mmpy-16/libc.a(memcpy.o)
                                0x116 (size before relaxing)
 .debug_str     0x00000111       0x26 /usr/lib/gcc/msp430/4.6.3/../../../../msp430/lib/mcpu-430x/mmpy-16/libc.a(memset.o)
                                0x114 (size before relaxing)
 .debug_str     0x00000137       0x38 /usr/lib/gcc/msp430/4.6.3/../../../../msp430/lib/mcpu-430x/mmpy-16/libc.a(strtok.o)
                                0x113 (size before relaxing)
 .debug_str     0x0000016f       0x1a /usr/lib/gcc/msp430/4.6.3/../../../../msp430/lib/mcpu-430x/mmpy-16/libc.a(atoi.o)
                                 0xf5 (size before relaxing)
 .debug_str     0x00000189       0x40 /usr/lib/gcc/msp430/4.6.3/../../../../msp430/lib/mcpu-430x/mmpy-16/libc.a(printf.o)
                                0x12a (size before relaxing)
 .debug_str     0x000001c9       0x6e /usr/lib/gcc/msp430/4.6.3/../../../../msp430/lib/mcpu-430x/mmpy-16/libc.a(sprintf.o)
                                0x18f (size before relaxing)
 .debug_str     0x00000237      0x218 /usr/lib/gcc/msp430/4.6.3/../../../../msp430/lib/mcpu-430x/mmpy-16/libc.a(vuprintf.o)
                                0x375 (size before relaxing)
 .debug_str     0x0000044f       0x15 /usr/lib/gcc/msp430/4.6.3/../../../../msp430/lib/mcpu-430x/mmpy-16/libc.a(puts.o)
                                 0xf0 (size before relaxing)
 .debug_str     0x00000464       0x2f /usr/lib/gcc/msp430/4.6.3/../../../../msp430/lib/mcpu-430x/mmpy-16/libc.a(rand.o)
                                0x10f (size before relaxing)

.debug_loc      0x00000000      0xca1
 *(.debug_loc)
 .debug_loc     0x00000000       0x38 /usr/lib/gcc/msp430/4.6.3/../../../../msp430/lib/mcpu-430x/mmpy-16/libc.a(strncmp.o)
 .debug_loc     0x00000038       0x5e /usr/lib/gcc/msp430/4.6.3/../../../../msp430/lib/mcpu-430x/mmpy-16/libc.a(memcmp.o)
 .debug_loc     0x00000096      0x1d0 /usr/lib/gcc/msp430/4.6.3/../../../../msp430/lib/mcpu-430x/mmpy-16/libc.a(memcpy.o)
 .debug_loc     0x00000266       0xc3 /usr/lib/gcc/msp430/4.6.3/../../../../msp430/lib/mcpu-430x/mmpy-16/libc.a(memset.o)
 .debug_loc     0x00000329       0xeb /usr/lib/gcc/msp430/4.6.3/../../../../msp430/lib/mcpu-430x/mmpy-16/libc.a(strtok.o)
 .debug_loc     0x00000414       0x86 /usr/lib/gcc/msp430/4.6.3/../../../../msp430/lib/mcpu-430x/mmpy-16/libc.a(atoi.o)
 .debug_loc     0x0000049a       0x38 /usr/lib/gcc/msp430/4.6.3/../../../../msp430/lib/mcpu-430x/mmpy-16/libc.a(printf.o)
 .debug_loc     0x000004d2       0xe3 /usr/lib/gcc/msp430/4.6.3/../../../../msp430/lib/mcpu-430x/mmpy-16/libc.a(sprintf.o)
 .debug_loc     0x000005b5      0x697 /usr/lib/gcc/msp430/4.6.3/../../../../msp430/lib/mcpu-430x/mmpy-16/libc.a(vuprintf.o)
 .debug_loc     0x00000c4c       0x26 /usr/lib/gcc/msp430/4.6.3/../../../../msp430/lib/mcpu-430x/mmpy-16/libc.a(puts.o)
 .debug_loc     0x00000c72       0x2f /usr/lib/gcc/msp430/4.6.3/../../../../msp430/lib/mcpu-430x/mmpy-16/libc.a(rand.o)

.debug_macinfo
 *(.debug_macinfo)

.debug_pubtypes
 *(.debug_pubtypes)

.debug_ranges   0x00000000       0x18
 *(.debug_ranges)
 .debug_ranges  0x00000000       0x18 /usr/lib/gcc/msp430/4.6.3/../../../../msp430/lib/mcpu-430x/mmpy-16/libc.a(vuprintf.o)
                0x00003100                PROVIDE (__stack, (ORIGIN (ram) + 0x2000))
                0x000092a0                PROVIDE (__data_start_rom, _etext)
                0x00009334                PROVIDE (__data_end_rom, (_etext + SIZEOF (.data)))
OUTPUT(sensor_temp_mqtt.z1 elf32-msp430)
